/home/kali/STM32Cube/Repository/STM32Cube_FW_F4_V1.28.2/Middlewares/ST/STM32_USB_Device_Library/Core/Src/usbd_core.c:87:20:USBD_Init	8	static
/home/kali/STM32Cube/Repository/STM32Cube_FW_F4_V1.28.2/Middlewares/ST/STM32_USB_Device_Library/Core/Src/usbd_core.c:140:20:USBD_DeInit	8	static
/home/kali/STM32Cube/Repository/STM32Cube_FW_F4_V1.28.2/Middlewares/ST/STM32_USB_Device_Library/Core/Src/usbd_core.c:191:20:USBD_RegisterClass	16	static
/home/kali/STM32Cube/Repository/STM32Cube_FW_F4_V1.28.2/Middlewares/ST/STM32_USB_Device_Library/Core/Src/usbd_core.c:370:20:USBD_Start	8	static
/home/kali/STM32Cube/Repository/STM32Cube_FW_F4_V1.28.2/Middlewares/ST/STM32_USB_Device_Library/Core/Src/usbd_core.c:385:20:USBD_Stop	8	static
/home/kali/STM32Cube/Repository/STM32Cube_FW_F4_V1.28.2/Middlewares/ST/STM32_USB_Device_Library/Core/Src/usbd_core.c:423:20:USBD_RunTestMode	0	static
/home/kali/STM32Cube/Repository/STM32Cube_FW_F4_V1.28.2/Middlewares/ST/STM32_USB_Device_Library/Core/Src/usbd_core.c:447:20:USBD_SetClassConfig	8	static
/home/kali/STM32Cube/Repository/STM32Cube_FW_F4_V1.28.2/Middlewares/ST/STM32_USB_Device_Library/Core/Src/usbd_core.c:485:20:USBD_ClrClassConfig	8	static
/home/kali/STM32Cube/Repository/STM32Cube_FW_F4_V1.28.2/Middlewares/ST/STM32_USB_Device_Library/Core/Src/usbd_core.c:523:20:USBD_LL_SetupStage	16	static
/home/kali/STM32Cube/Repository/STM32Cube_FW_F4_V1.28.2/Middlewares/ST/STM32_USB_Device_Library/Core/Src/usbd_core.c:714:20:USBD_LL_Reset	24	static
/home/kali/STM32Cube/Repository/STM32Cube_FW_F4_V1.28.2/Middlewares/ST/STM32_USB_Device_Library/Core/Src/usbd_core.c:778:20:USBD_LL_SetSpeed	0	static
/home/kali/STM32Cube/Repository/STM32Cube_FW_F4_V1.28.2/Middlewares/ST/STM32_USB_Device_Library/Core/Src/usbd_core.c:790:20:USBD_LL_Suspend	0	static
/home/kali/STM32Cube/Repository/STM32Cube_FW_F4_V1.28.2/Middlewares/ST/STM32_USB_Device_Library/Core/Src/usbd_core.c:806:20:USBD_LL_Resume	0	static
/home/kali/STM32Cube/Repository/STM32Cube_FW_F4_V1.28.2/Middlewares/ST/STM32_USB_Device_Library/Core/Src/usbd_core.c:820:20:USBD_LL_SOF	8	static
/home/kali/STM32Cube/Repository/STM32Cube_FW_F4_V1.28.2/Middlewares/ST/STM32_USB_Device_Library/Core/Src/usbd_core.c:859:20:USBD_LL_IsoINIncomplete	8	static
/home/kali/STM32Cube/Repository/STM32Cube_FW_F4_V1.28.2/Middlewares/ST/STM32_USB_Device_Library/Core/Src/usbd_core.c:880:20:USBD_LL_IsoOUTIncomplete	8	static
/home/kali/STM32Cube/Repository/STM32Cube_FW_F4_V1.28.2/Middlewares/ST/STM32_USB_Device_Library/Core/Src/usbd_core.c:900:20:USBD_LL_DevConnected	0	static
/home/kali/STM32Cube/Repository/STM32Cube_FW_F4_V1.28.2/Middlewares/ST/STM32_USB_Device_Library/Core/Src/usbd_core.c:913:20:USBD_LL_DevDisconnected	8	static
/home/kali/STM32Cube/Repository/STM32Cube_FW_F4_V1.28.2/Middlewares/ST/STM32_USB_Device_Library/Core/Src/usbd_core.c:955:9:USBD_CoreFindIF	0	static
/home/kali/STM32Cube/Repository/STM32Cube_FW_F4_V1.28.2/Middlewares/ST/STM32_USB_Device_Library/Core/Src/usbd_core.c:994:9:USBD_CoreFindEP	0	static
/home/kali/STM32Cube/Repository/STM32Cube_FW_F4_V1.28.2/Middlewares/ST/STM32_USB_Device_Library/Core/Src/usbd_core.c:561:20:USBD_LL_DataOutStage	16	static
/home/kali/STM32Cube/Repository/STM32Cube_FW_F4_V1.28.2/Middlewares/ST/STM32_USB_Device_Library/Core/Src/usbd_core.c:642:20:USBD_LL_DataInStage	16	static
/home/kali/STM32Cube/Repository/STM32Cube_FW_F4_V1.28.2/Middlewares/ST/STM32_USB_Device_Library/Core/Src/usbd_core.c:1098:25:USBD_GetNextDesc	0	static
/home/kali/STM32Cube/Repository/STM32Cube_FW_F4_V1.28.2/Middlewares/ST/STM32_USB_Device_Library/Core/Src/usbd_core.c:1064:7:USBD_GetEpDesc	24	static
