/home/kali/STM32Cube/Repository/STM32Cube_FW_F4_V1.28.2/Middlewares/ST/STM32_USB_Device_Library/Core/Src/usbd_ctlreq.c:877:16:USBD_GetLen	0	static
/home/kali/STM32Cube/Repository/STM32Cube_FW_F4_V1.28.2/Middlewares/ST/STM32_USB_Device_Library/Core/Src/usbd_ctlreq.c:803:6:USBD_ParseSetupRequest	0	static
/home/kali/STM32Cube/Repository/STM32Cube_FW_F4_V1.28.2/Middlewares/ST/STM32_USB_Device_Library/Core/Src/usbd_ctlreq.c:830:6:USBD_CtlError	8	static
/home/kali/STM32Cube/Repository/STM32Cube_FW_F4_V1.28.2/Middlewares/ST/STM32_USB_Device_Library/Core/Src/usbd_ctlreq.c:371:13:USBD_GetDescriptor	24	static
/home/kali/STM32Cube/Repository/STM32Cube_FW_F4_V1.28.2/Middlewares/ST/STM32_USB_Device_Library/Core/Src/usbd_ctlreq.c:583:13:USBD_SetAddress	16	static
/home/kali/STM32Cube/Repository/STM32Cube_FW_F4_V1.28.2/Middlewares/ST/STM32_USB_Device_Library/Core/Src/usbd_ctlreq.c:614:27:USBD_SetConfig	16	static
/home/kali/STM32Cube/Repository/STM32Cube_FW_F4_V1.28.2/Middlewares/ST/STM32_USB_Device_Library/Core/Src/usbd_ctlreq.c:695:13:USBD_GetConfig	8	static
/home/kali/STM32Cube/Repository/STM32Cube_FW_F4_V1.28.2/Middlewares/ST/STM32_USB_Device_Library/Core/Src/usbd_ctlreq.c:724:13:USBD_GetStatus	8	static
/home/kali/STM32Cube/Repository/STM32Cube_FW_F4_V1.28.2/Middlewares/ST/STM32_USB_Device_Library/Core/Src/usbd_ctlreq.c:760:13:USBD_SetFeature	8	static
/home/kali/STM32Cube/Repository/STM32Cube_FW_F4_V1.28.2/Middlewares/ST/STM32_USB_Device_Library/Core/Src/usbd_ctlreq.c:779:13:USBD_ClrFeature	8	static
/home/kali/STM32Cube/Repository/STM32Cube_FW_F4_V1.28.2/Middlewares/ST/STM32_USB_Device_Library/Core/Src/usbd_ctlreq.c:97:20:USBD_StdDevReq	16	static
/home/kali/STM32Cube/Repository/STM32Cube_FW_F4_V1.28.2/Middlewares/ST/STM32_USB_Device_Library/Core/Src/usbd_ctlreq.c:157:20:USBD_StdItfReq	16	static
/home/kali/STM32Cube/Repository/STM32Cube_FW_F4_V1.28.2/Middlewares/ST/STM32_USB_Device_Library/Core/Src/usbd_ctlreq.c:216:20:USBD_StdEPReq	24	static
/home/kali/STM32Cube/Repository/STM32Cube_FW_F4_V1.28.2/Middlewares/ST/STM32_USB_Device_Library/Core/Src/usbd_ctlreq.c:845:6:USBD_GetString	16	static
