/home/kali/STM32Cube/Repository/STM32Cube_FW_F4_V1.28.2/Middlewares/ST/STM32_USB_Device_Library/Core/Src/usbd_ctlreq.c:830:6:USBD_CtlError.constprop	8	static
/home/kali/STM32Cube/Repository/STM32Cube_FW_F4_V1.28.2/Middlewares/ST/STM32_USB_Device_Library/Core/Src/usbd_ctlreq.c:97:20:USBD_StdDevReq	24	static
/home/kali/STM32Cube/Repository/STM32Cube_FW_F4_V1.28.2/Middlewares/ST/STM32_USB_Device_Library/Core/Src/usbd_ctlreq.c:157:20:USBD_StdItfReq	16	static
/home/kali/STM32Cube/Repository/STM32Cube_FW_F4_V1.28.2/Middlewares/ST/STM32_USB_Device_Library/Core/Src/usbd_ctlreq.c:216:20:USBD_StdEPReq	16	static
/home/kali/STM32Cube/Repository/STM32Cube_FW_F4_V1.28.2/Middlewares/ST/STM32_USB_Device_Library/Core/Src/usbd_ctlreq.c:803:6:USBD_ParseSetupRequest	0	static
/home/kali/STM32Cube/Repository/STM32Cube_FW_F4_V1.28.2/Middlewares/ST/STM32_USB_Device_Library/Core/Src/usbd_ctlreq.c:830:6:USBD_CtlError	8	static
/home/kali/STM32Cube/Repository/STM32Cube_FW_F4_V1.28.2/Middlewares/ST/STM32_USB_Device_Library/Core/Src/usbd_ctlreq.c:845:6:USBD_GetString	16	static
