Archive member included to satisfy reference by file (symbol)

/opt/st/stm32cubeide_1.18.1/plugins/com.st.stm32cube.ide.mcu.externaltools.gnu-tools-for-stm32.13.3.rel1.linux64_1.0.0.202410170706/tools/bin/../lib/gcc/arm-none-eabi/13.3.1/../../../../arm-none-eabi/lib/thumb/v7e-m+fp/hard/libc_nano.a(libc_a-exit.o)
                              /opt/st/stm32cubeide_1.18.1/plugins/com.st.stm32cube.ide.mcu.externaltools.gnu-tools-for-stm32.13.3.rel1.linux64_1.0.0.202410170706/tools/bin/../lib/gcc/arm-none-eabi/13.3.1/../../../../arm-none-eabi/lib/thumb/v7e-m+fp/hard/crt0.o (exit)
/opt/st/stm32cubeide_1.18.1/plugins/com.st.stm32cube.ide.mcu.externaltools.gnu-tools-for-stm32.13.3.rel1.linux64_1.0.0.202410170706/tools/bin/../lib/gcc/arm-none-eabi/13.3.1/../../../../arm-none-eabi/lib/thumb/v7e-m+fp/hard/libc_nano.a(libc_a-findfp.o)
                              /opt/st/stm32cubeide_1.18.1/plugins/com.st.stm32cube.ide.mcu.externaltools.gnu-tools-for-stm32.13.3.rel1.linux64_1.0.0.202410170706/tools/bin/../lib/gcc/arm-none-eabi/13.3.1/../../../../arm-none-eabi/lib/thumb/v7e-m+fp/hard/libc_nano.a(libc_a-exit.o) (__stdio_exit_handler)
/opt/st/stm32cubeide_1.18.1/plugins/com.st.stm32cube.ide.mcu.externaltools.gnu-tools-for-stm32.13.3.rel1.linux64_1.0.0.202410170706/tools/bin/../lib/gcc/arm-none-eabi/13.3.1/../../../../arm-none-eabi/lib/thumb/v7e-m+fp/hard/libc_nano.a(libc_a-fwalk.o)
                              /opt/st/stm32cubeide_1.18.1/plugins/com.st.stm32cube.ide.mcu.externaltools.gnu-tools-for-stm32.13.3.rel1.linux64_1.0.0.202410170706/tools/bin/../lib/gcc/arm-none-eabi/13.3.1/../../../../arm-none-eabi/lib/thumb/v7e-m+fp/hard/libc_nano.a(libc_a-findfp.o) (_fwalk_sglue)
/opt/st/stm32cubeide_1.18.1/plugins/com.st.stm32cube.ide.mcu.externaltools.gnu-tools-for-stm32.13.3.rel1.linux64_1.0.0.202410170706/tools/bin/../lib/gcc/arm-none-eabi/13.3.1/../../../../arm-none-eabi/lib/thumb/v7e-m+fp/hard/libc_nano.a(libc_a-printf.o)
                              ./Core/Src/main.o (printf)
/opt/st/stm32cubeide_1.18.1/plugins/com.st.stm32cube.ide.mcu.externaltools.gnu-tools-for-stm32.13.3.rel1.linux64_1.0.0.202410170706/tools/bin/../lib/gcc/arm-none-eabi/13.3.1/../../../../arm-none-eabi/lib/thumb/v7e-m+fp/hard/libc_nano.a(libc_a-puts.o)
                              ./Core/Src/main.o (puts)
/opt/st/stm32cubeide_1.18.1/plugins/com.st.stm32cube.ide.mcu.externaltools.gnu-tools-for-stm32.13.3.rel1.linux64_1.0.0.202410170706/tools/bin/../lib/gcc/arm-none-eabi/13.3.1/../../../../arm-none-eabi/lib/thumb/v7e-m+fp/hard/libc_nano.a(libc_a-stdio.o)
                              /opt/st/stm32cubeide_1.18.1/plugins/com.st.stm32cube.ide.mcu.externaltools.gnu-tools-for-stm32.13.3.rel1.linux64_1.0.0.202410170706/tools/bin/../lib/gcc/arm-none-eabi/13.3.1/../../../../arm-none-eabi/lib/thumb/v7e-m+fp/hard/libc_nano.a(libc_a-findfp.o) (__sread)
/opt/st/stm32cubeide_1.18.1/plugins/com.st.stm32cube.ide.mcu.externaltools.gnu-tools-for-stm32.13.3.rel1.linux64_1.0.0.202410170706/tools/bin/../lib/gcc/arm-none-eabi/13.3.1/../../../../arm-none-eabi/lib/thumb/v7e-m+fp/hard/libc_nano.a(libc_a-wbuf.o)
                              /opt/st/stm32cubeide_1.18.1/plugins/com.st.stm32cube.ide.mcu.externaltools.gnu-tools-for-stm32.13.3.rel1.linux64_1.0.0.202410170706/tools/bin/../lib/gcc/arm-none-eabi/13.3.1/../../../../arm-none-eabi/lib/thumb/v7e-m+fp/hard/libc_nano.a(libc_a-puts.o) (__swbuf_r)
/opt/st/stm32cubeide_1.18.1/plugins/com.st.stm32cube.ide.mcu.externaltools.gnu-tools-for-stm32.13.3.rel1.linux64_1.0.0.202410170706/tools/bin/../lib/gcc/arm-none-eabi/13.3.1/../../../../arm-none-eabi/lib/thumb/v7e-m+fp/hard/libc_nano.a(libc_a-wsetup.o)
                              /opt/st/stm32cubeide_1.18.1/plugins/com.st.stm32cube.ide.mcu.externaltools.gnu-tools-for-stm32.13.3.rel1.linux64_1.0.0.202410170706/tools/bin/../lib/gcc/arm-none-eabi/13.3.1/../../../../arm-none-eabi/lib/thumb/v7e-m+fp/hard/libc_nano.a(libc_a-puts.o) (__swsetup_r)
/opt/st/stm32cubeide_1.18.1/plugins/com.st.stm32cube.ide.mcu.externaltools.gnu-tools-for-stm32.13.3.rel1.linux64_1.0.0.202410170706/tools/bin/../lib/gcc/arm-none-eabi/13.3.1/../../../../arm-none-eabi/lib/thumb/v7e-m+fp/hard/libc_nano.a(libc_a-memset.o)
                              /opt/st/stm32cubeide_1.18.1/plugins/com.st.stm32cube.ide.mcu.externaltools.gnu-tools-for-stm32.13.3.rel1.linux64_1.0.0.202410170706/tools/bin/../lib/gcc/arm-none-eabi/13.3.1/../../../../arm-none-eabi/lib/thumb/v7e-m+fp/hard/crt0.o (memset)
/opt/st/stm32cubeide_1.18.1/plugins/com.st.stm32cube.ide.mcu.externaltools.gnu-tools-for-stm32.13.3.rel1.linux64_1.0.0.202410170706/tools/bin/../lib/gcc/arm-none-eabi/13.3.1/../../../../arm-none-eabi/lib/thumb/v7e-m+fp/hard/libc_nano.a(libc_a-closer.o)
[...]
Memory Configuration

Name             Origin             Length             Attributes
BOOTFLAG         0x20000000         0x00000008         xrw
RAM              0x20000008         0x0001fff8         xrw
FLASH            0x08000000         0x00008000         xr
*default*        0x00000000         0xffffffff

Linker script and memory map

LOAD /opt/st/stm32cubeide_1.18.1/plugins/com.st.stm32cube.ide.mcu.externaltools.gnu-tools-for-stm32.13.3.rel1.linux64_1.0.0.202410170706/tools/bin/../lib/gcc/arm-none-eabi/13.3.1/thumb/v7e-m+fp/hard/crti.o
LOAD /opt/st/stm32cubeide_1.18.1/plugins/com.st.stm32cube.ide.mcu.externaltools.gnu-tools-for-stm32.13.3.rel1.linux64_1.0.0.202410170706/tools/bin/../lib/gcc/arm-none-eabi/13.3.1/thumb/v7e-m+fp/hard/crtbegin.o
LOAD /opt/st/stm32cubeide_1.18.1/plugins/com.st.stm32cube.ide.mcu.externaltools.gnu-tools-for-stm32.13.3.rel1.linux64_1.0.0.202410170706/tools/bin/../lib/gcc/arm-none-eabi/13.3.1/../../../../arm-none-eabi/lib/thumb/v7e-m+fp/hard/crt0.o
LOAD ./Core/Src/gpio.o
LOAD ./Core/Src/main.o
LOAD ./Core/Src/stm32f4xx_hal_msp.o
LOAD ./Core/Src/stm32f4xx_it.o
LOAD ./Core/Src/syscalls.o
LOAD ./Core/Src/sysmem.o
LOAD ./Core/Src/system_stm32f4xx.o
LOAD ./Core/Src/usart.o
LOAD ./Core/Startup/startup_stm32f411ceux.o
LOAD ./Drivers/STM32F4xx_HAL_Driver/stm32f4xx_hal.o
LOAD ./Drivers/STM32F4xx_HAL_Driver/stm32f4xx_hal_cortex.o
LOAD ./Drivers/STM32F4xx_HAL_Driver/stm32f4xx_hal_dma.o
LOAD ./Drivers/STM32F4xx_HAL_Driver/stm32f4xx_hal_dma_ex.o
LOAD ./Drivers/STM32F4xx_HAL_Driver/stm32f4xx_hal_exti.o
LOAD ./Drivers/STM32F4xx_HAL_Driver/stm32f4xx_hal_flash.o
LOAD ./Drivers/STM32F4xx_HAL_Driver/stm32f4xx_hal_flash_ex.o
LOAD ./Drivers/STM32F4xx_HAL_Driver/stm32f4xx_hal_flash_ramfunc.o
LOAD ./Drivers/STM32F4xx_HAL_Driver/stm32f4xx_hal_gpio.o
LOAD ./Drivers/STM32F4xx_HAL_Driver/stm32f4xx_hal_pcd.o
LOAD ./Drivers/STM32F4xx_HAL_Driver/stm32f4xx_hal_pcd_ex.o
LOAD ./Drivers/STM32F4xx_HAL_Driver/stm32f4xx_hal_pwr.o
LOAD ./Drivers/STM32F4xx_HAL_Driver/stm32f4xx_hal_pwr_ex.o
LOAD ./Drivers/STM32F4xx_HAL_Driver/stm32f4xx_hal_rcc.o
LOAD ./Drivers/STM32F4xx_HAL_Driver/stm32f4xx_hal_rcc_ex.o
LOAD ./Drivers/STM32F4xx_HAL_Driver/stm32f4xx_hal_uart.o
LOAD ./Drivers/STM32F4xx_HAL_Driver/stm32f4xx_ll_usb.o
LOAD ./Middlewares/USB_Device_Library/usbd_core.o
LOAD ./Middlewares/USB_Device_Library/usbd_ctlreq.o
LOAD ./Middlewares/USB_Device_Library/usbd_dfu.o
LOAD ./Middlewares/USB_Device_Library/usbd_ioreq.o
LOAD ./USB_DEVICE/App/usb_device.o
LOAD ./USB_DEVICE/App/usbd_desc.o
LOAD ./USB_DEVICE/App/usbd_dfu_if.o
LOAD ./USB_DEVICE/Target/usbd_conf.o
START GROUP
LOAD /opt/st/stm32cubeide_1.18.1/plugins/com.st.stm32cube.ide.mcu.externaltools.gnu-tools-for-stm32.13.3.rel1.linux64_1.0.0.202410170706/tools/bin/../lib/gcc/arm-none-eabi/13.3.1/../../../../arm-none-eabi/lib/thumb/v7e-m+fp/hard/libc_nano.a
LOAD /opt/st/stm32cubeide_1.18.1/plugins/com.st.stm32cube.ide.mcu.externaltools.gnu-tools-for-stm32.13.3.rel1.linux64_1.0.0.202410170706/tools/bin/../lib/gcc/arm-none-eabi/13.3.1/../../../../arm-none-eabi/lib/thumb/v7e-m+fp/hard/libm.a
END GROUP
START GROUP
LOAD /opt/st/stm32cubeide_1.18.1/plugins/com.st.stm32cube.ide.mcu.externaltools.gnu-tools-for-stm32.13.3.rel1.linux64_1.0.0.202410170706/tools/bin/../lib/gcc/arm-none-eabi/13.3.1/thumb/v7e-m+fp/hard/libgcc.a
LOAD /opt/st/stm32cubeide_1.18.1/plugins/com.st.stm32cube.ide.mcu.externaltools.gnu-tools-for-stm32.13.3.rel1.linux64_1.0.0.202410170706/tools/bin/../lib/gcc/arm-none-eabi/13.3.1/../../../../arm-none-eabi/lib/thumb/v7e-m+fp/hard/libc_nano.a
END GROUP
START GROUP
LOAD /opt/st/stm32cubeide_1.18.1/plugins/com.st.stm32cube.ide.mcu.externaltools.gnu-tools-for-stm32.13.3.rel1.linux64_1.0.0.202410170706/tools/bin/../lib/gcc/arm-none-eabi/13.3.1/thumb/v7e-m+fp/hard/libgcc.a
LOAD /opt/st/stm32cubeide_1.18.1/plugins/com.st.stm32cube.ide.mcu.externaltools.gnu-tools-for-stm32.13.3.rel1.linux64_1.0.0.202410170706/tools/bin/../lib/gcc/arm-none-eabi/13.3.1/../../../../arm-none-eabi/lib/thumb/v7e-m+fp/hard/libc_nano.a
LOAD /opt/st/stm32cubeide_1.18.1/plugins/com.st.stm32cube.ide.mcu.externaltools.gnu-tools-for-stm32.13.3.rel1.linux64_1.0.0.202410170706/tools/bin/../lib/gcc/arm-none-eabi/13.3.1/../../../../arm-none-eabi/lib/thumb/v7e-m+fp/hard/libnosys.a
END GROUP
START GROUP
LOAD /opt/st/stm32cubeide_1.18.1/plugins/com.st.stm32cube.ide.mcu.externaltools.gnu-tools-for-stm32.13.3.rel1.linux64_1.0.0.202410170706/tools/bin/../lib/gcc/arm-none-eabi/13.3.1/thumb/v7e-m+fp/hard/libgcc.a
LOAD /opt/st/stm32cubeide_1.18.1/plugins/com.st.stm32cube.ide.mcu.externaltools.gnu-tools-for-stm32.13.3.rel1.linux64_1.0.0.202410170706/tools/bin/../lib/gcc/arm-none-eabi/13.3.1/../../../../arm-none-eabi/lib/thumb/v7e-m+fp/hard/libc_nano.a
LOAD /opt/st/stm32cubeide_1.18.1/plugins/com.st.stm32cube.ide.mcu.externaltools.gnu-tools-for-stm32.13.3.rel1.linux64_1.0.0.202410170706/tools/bin/../lib/gcc/arm-none-eabi/13.3.1/../../../../arm-none-eabi/lib/thumb/v7e-m+fp/hard/libnosys.a
END GROUP
LOAD /opt/st/stm32cubeide_1.18.1/plugins/com.st.stm32cube.ide.mcu.externaltools.gnu-tools-for-stm32.13.3.rel1.linux64_1.0.0.202410170706/tools/bin/../lib/gcc/arm-none-eabi/13.3.1/thumb/v7e-m+fp/hard/crtend.o
LOAD /opt/st/stm32cubeide_1.18.1/plugins/com.st.stm32cube.ide.mcu.externaltools.gnu-tools-for-stm32.13.3.rel1.linux64_1.0.0.202410170706/tools/bin/../lib/gcc/arm-none-eabi/13.3.1/thumb/v7e-m+fp/hard/crtn.o
                0x20020000                        _estack = (ORIGIN (RAM) + LENGTH (RAM))
                0x00000200                        _Min_Heap_Size = 0x200
                0x00000400                        _Min_Stack_Size = 0x400

.isr_vector     0x08000000      0x198
                0x08000000                        . = ALIGN (0x4)
 *(.isr_vector)
 .isr_vector    0x08000000      0x198 ./Core/Startup/startup_stm32f411ceux.o
                0x08000000                g_pfnVectors
                0x08000198                        . = ALIGN (0x4)

.text           0x080001a0     0x5c1c
                0x080001a0                        . = ALIGN (0x4)
 *(.text)
 .text          0x080001a0       0x40 /opt/st/stm32cubeide_1.18.1/plugins/com.st.stm32cube.ide.mcu.externaltools.gnu-tools-for-stm32.13.3.rel1.linux64_1.0.0.202410170706/tools/bin/../lib/gcc/arm-none-eabi/13.3.1/thumb/v7e-m+fp/hard/crtbegin.o
 .text          0x080001e0       0xa0 /opt/st/stm32cubeide_1.18.1/plugins/com.st.stm32cube.ide.mcu.externaltools.gnu-tools-for-stm32.13.3.rel1.linux64_1.0.0.202410170706/tools/bin/../lib/gcc/arm-none-eabi/13.3.1/../../../../arm-none-eabi/lib/thumb/v7e-m+fp/hard/libc_nano.a(libc_a-memchr.o)
                0x080001e0                memchr
 .text          0x08000280       0x30 /opt/st/stm32cubeide_1.18.1/plugins/com.st.stm32cube.ide.mcu.externaltools.gnu-tools-for-stm32.13.3.rel1.linux64_1.0.0.202410170706/tools/bin/../lib/gcc/arm-none-eabi/13.3.1/thumb/v7e-m+fp/hard/libgcc.a(_aeabi_uldivmod.o)
                0x08000280                __aeabi_uldivmod
 .text          0x080002b0      0x2f8 /opt/st/stm32cubeide_1.18.1/plugins/com.st.stm32cube.ide.mcu.externaltools.gnu-tools-for-stm32.13.3.rel1.linux64_1.0.0.202410170706/tools/bin/../lib/gcc/arm-none-eabi/13.3.1/thumb/v7e-m+fp/hard/libgcc.a(_udivmoddi4.o)
                0x080002b0                __udivmoddi4
 .text          0x080005a8        0x4 /opt/st/stm32cubeide_1.18.1/plugins/com.st.stm32cube.ide.mcu.externaltools.gnu-tools-for-stm32.13.3.rel1.linux64_1.0.0.202410170706/tools/bin/../lib/gcc/arm-none-eabi/13.3.1/thumb/v7e-m+fp/hard/libgcc.a(_dvmd_tls.o)
                0x080005a8                __aeabi_ldiv0
                0x080005a8                __aeabi_idiv0
 *(.text*)
 .text.MX_GPIO_Init
                0x080005ac       0x94 ./Core/Src/gpio.o
                0x080005ac                MX_GPIO_Init
 .text.__NVIC_SystemReset
                0x08000640       0x24 ./Core/Src/main.o
 .text._halt    0x08000664        0x6 ./Core/Src/main.o
                0x08000664                _halt
 *fill*         0x0800066a        0x2 
 .text.delay    0x0800066c       0x1c ./Core/Src/main.o
                0x0800066c                delay
 .text.set_boot_flag
                0x08000688        0xc ./Core/Src/main.o
                0x08000688                set_boot_flag
 .text.check_app_vector_table
                0x08000694      0x168 ./Core/Src/main.o
                0x08000694                check_app_vector_table
 .text.is_app_vector_table_valid
                0x080007fc       0x74 ./Core/Src/main.o
                0x080007fc                is_app_vector_table_valid
 .text.jump_to_application
                0x08000870       0x20 ./Core/Src/main.o
                0x08000870                jump_to_application
 .text.check_boot_flag
                0x08000890       0x28 ./Core/Src/main.o
                0x08000890                check_boot_flag
 .text.is_time_elapsed
                0x080008b8       0x14 ./Core/Src/main.o
                0x080008b8                is_time_elapsed
 .text.Error_Handler
                0x080008cc       0x54 ./Core/Src/main.o
                0x080008cc                Error_Handler
 .text.check_firmware_upgrade_btn
                0x08000920       0x9c ./Core/Src/main.o
                0x08000920                check_firmware_upgrade_btn
 .text.SystemClock_Config
                0x080009bc       0xa4 ./Core/Src/main.o
                0x080009bc                SystemClock_Config
 .text.main     0x08000a60       0x74 ./Core/Src/main.o
                0x08000a60                main
 .text.HAL_MspInit
                0x08000ad4       0x38 ./Core/Src/stm32f4xx_hal_msp.o
                0x08000ad4                HAL_MspInit
 .text.NMI_Handler
                0x08000b0c        0x2 ./Core/Src/stm32f4xx_it.o
                0x08000b0c                NMI_Handler
 .text.HardFault_Handler
                0x08000b0e        0x2 ./Core/Src/stm32f4xx_it.o
                0x08000b0e                HardFault_Handler
 .text.MemManage_Handler
                0x08000b10        0x2 ./Core/Src/stm32f4xx_it.o
                0x08000b10                MemManage_Handler
 .text.BusFault_Handler
                0x08000b12        0x2 ./Core/Src/stm32f4xx_it.o
                0x08000b12                BusFault_Handler
 .text.UsageFault_Handler
                0x08000b14        0x2 ./Core/Src/stm32f4xx_it.o
                0x08000b14                UsageFault_Handler
 .text.SVC_Handler
                0x08000b16        0x2 ./Core/Src/stm32f4xx_it.o
                0x08000b16                SVC_Handler
 .text.DebugMon_Handler
                0x08000b18        0x2 ./Core/Src/stm32f4xx_it.o
                0x08000b18                DebugMon_Handler
 .text.PendSV_Handler
                0x08000b1a        0x2 ./Core/Src/stm32f4xx_it.o
                0x08000b1a                PendSV_Handler
 .text.SysTick_Handler
                0x08000b1c        0x8 ./Core/Src/stm32f4xx_it.o
                0x08000b1c                SysTick_Handler
 .text.OTG_FS_IRQHandler
                0x08000b24       0x10 ./Core/Src/stm32f4xx_it.o
                0x08000b24                OTG_FS_IRQHandler
 .text._read    0x08000b34       0x20 ./Core/Src/syscalls.o
                0x08000b34                _read
 .text._close   0x08000b54        0x6 ./Core/Src/syscalls.o
                0x08000b54                _close
 .text._fstat   0x08000b5a        0xa ./Core/Src/syscalls.o
                0x08000b5a                _fstat
 .text._isatty  0x08000b64        0x4 ./Core/Src/syscalls.o
                0x08000b64                _isatty
 .text._lseek   0x08000b68        0x4 ./Core/Src/syscalls.o
                0x08000b68                _lseek
 .text._sbrk    0x08000b6c       0x48 ./Core/Src/sysmem.o
                0x08000b6c                _sbrk
 .text.SystemInit
                0x08000bb4       0x14 ./Core/Src/system_stm32f4xx.o
                0x08000bb4                SystemInit
 .text._write   0x08000bc8       0x2c ./Core/Src/usart.o
                0x08000bc8                _write
 .text.MX_USART1_UART_Init
                0x08000bf4       0x34 ./Core/Src/usart.o
                0x08000bf4                MX_USART1_UART_Init
 .text.HAL_UART_MspInit
                0x08000c28       0x74 ./Core/Src/usart.o
                0x08000c28                HAL_UART_MspInit
 .text.Reset_Handler
                0x08000c9c       0x50 ./Core/Startup/startup_stm32f411ceux.o
                0x08000c9c                Reset_Handler
 .text.Default_Handler
                0x08000cec        0x2 ./Core/Startup/startup_stm32f411ceux.o
                0x08000cec                RTC_Alarm_IRQHandler
                0x08000cec                EXTI2_IRQHandler
                0x08000cec                SPI4_IRQHandler
                0x08000cec                TIM1_CC_IRQHandler
                0x08000cec                DMA2_Stream5_IRQHandler
                0x08000cec                DMA1_Stream5_IRQHandler
                0x08000cec                PVD_IRQHandler
                0x08000cec                SDIO_IRQHandler
                0x08000cec                TAMP_STAMP_IRQHandler
                0x08000cec                EXTI3_IRQHandler
                0x08000cec                TIM1_UP_TIM10_IRQHandler
                0x08000cec                I2C3_ER_IRQHandler
                0x08000cec                EXTI0_IRQHandler
                0x08000cec                I2C2_EV_IRQHandler
                0x08000cec                DMA1_Stream2_IRQHandler
                0x08000cec                FPU_IRQHandler
                0x08000cec                DMA2_Stream2_IRQHandler
                0x08000cec                SPI1_IRQHandler
                0x08000cec                TIM1_BRK_TIM9_IRQHandler
                0x08000cec                DMA2_Stream3_IRQHandler
                0x08000cec                USART6_IRQHandler
                0x08000cec                DMA2_Stream0_IRQHandler
                0x08000cec                TIM4_IRQHandler
                0x08000cec                I2C1_EV_IRQHandler
                0x08000cec                DMA1_Stream6_IRQHandler
                0x08000cec                DMA1_Stream1_IRQHandler
                0x08000cec                TIM3_IRQHandler
                0x08000cec                RCC_IRQHandler
                0x08000cec                Default_Handler
                0x08000cec                EXTI15_10_IRQHandler
                0x08000cec                ADC_IRQHandler
                0x08000cec                DMA1_Stream7_IRQHandler
                0x08000cec                SPI5_IRQHandler
                0x08000cec                TIM5_IRQHandler
                0x08000cec                DMA2_Stream7_IRQHandler
                0x08000cec                I2C3_EV_IRQHandler
                0x08000cec                EXTI9_5_IRQHandler
                0x08000cec                RTC_WKUP_IRQHandler
                0x08000cec                SPI2_IRQHandler
                0x08000cec                DMA1_Stream0_IRQHandler
                0x08000cec                EXTI4_IRQHandler
                0x08000cec                WWDG_IRQHandler
                0x08000cec                TIM2_IRQHandler
                0x08000cec                OTG_FS_WKUP_IRQHandler
                0x08000cec                TIM1_TRG_COM_TIM11_IRQHandler
                0x08000cec                EXTI1_IRQHandler
                0x08000cec                USART2_IRQHandler
                0x08000cec                I2C2_ER_IRQHandler
                0x08000cec                DMA2_Stream1_IRQHandler
                0x08000cec                FLASH_IRQHandler
                0x08000cec                DMA2_Stream4_IRQHandler
                0x08000cec                USART1_IRQHandler
                0x08000cec                SPI3_IRQHandler
                0x08000cec                DMA1_Stream4_IRQHandler
                0x08000cec                I2C1_ER_IRQHandler
                0x08000cec                DMA2_Stream6_IRQHandler
                0x08000cec                DMA1_Stream3_IRQHandler
 *fill*         0x08000cee        0x2 
 .text.HAL_InitTick
                0x08000cf0       0x4c ./Drivers/STM32F4xx_HAL_Driver/stm32f4xx_hal.o
                0x08000cf0                HAL_InitTick
 .text.HAL_Init
                0x08000d3c       0x34 ./Drivers/STM32F4xx_HAL_Driver/stm32f4xx_hal.o
                0x08000d3c                HAL_Init
 .text.HAL_IncTick
                0x08000d70       0x18 ./Drivers/STM32F4xx_HAL_Driver/stm32f4xx_hal.o
                0x08000d70                HAL_IncTick
 .text.HAL_GetTick
                0x08000d88        0xc ./Drivers/STM32F4xx_HAL_Driver/stm32f4xx_hal.o
                0x08000d88                HAL_GetTick
 .text.HAL_Delay
                0x08000d94       0x28 ./Drivers/STM32F4xx_HAL_Driver/stm32f4xx_hal.o
                0x08000d94                HAL_Delay
 .text.__NVIC_EnableIRQ
                0x08000dbc       0x1c ./Drivers/STM32F4xx_HAL_Driver/stm32f4xx_hal_cortex.o
 .text.__NVIC_SetPriority
                0x08000dd8       0x28 ./Drivers/STM32F4xx_HAL_Driver/stm32f4xx_hal_cortex.o
 .text.NVIC_EncodePriority
                0x08000e00       0x3e ./Drivers/STM32F4xx_HAL_Driver/stm32f4xx_hal_cortex.o
 *fill*         0x08000e3e        0x2 
 .text.HAL_NVIC_SetPriorityGrouping
                0x08000e40       0x24 ./Drivers/STM32F4xx_HAL_Driver/stm32f4xx_hal_cortex.o
                0x08000e40                HAL_NVIC_SetPriorityGrouping
 .text.HAL_NVIC_SetPriority
                0x08000e64       0x20 ./Drivers/STM32F4xx_HAL_Driver/stm32f4xx_hal_cortex.o
                0x08000e64                HAL_NVIC_SetPriority
 .text.HAL_NVIC_EnableIRQ
                0x08000e84        0x8 ./Drivers/STM32F4xx_HAL_Driver/stm32f4xx_hal_cortex.o
                0x08000e84                HAL_NVIC_EnableIRQ
 .text.HAL_SYSTICK_Config
                0x08000e8c       0x28 ./Drivers/STM32F4xx_HAL_Driver/stm32f4xx_hal_cortex.o
                0x08000e8c                HAL_SYSTICK_Config
 .text.FLASH_Program_DoubleWord
                0x08000eb4       0x30 ./Drivers/STM32F4xx_HAL_Driver/stm32f4xx_hal_flash.o
 .text.FLASH_Program_Word
                0x08000ee4       0x24 ./Drivers/STM32F4xx_HAL_Driver/stm32f4xx_hal_flash.o
 .text.FLASH_Program_HalfWord
                0x08000f08       0x24 ./Drivers/STM32F4xx_HAL_Driver/stm32f4xx_hal_flash.o
 .text.FLASH_Program_Byte
                0x08000f2c       0x20 ./Drivers/STM32F4xx_HAL_Driver/stm32f4xx_hal_flash.o
 .text.FLASH_SetErrorCode
                0x08000f4c       0xa8 ./Drivers/STM32F4xx_HAL_Driver/stm32f4xx_hal_flash.o
 .text.HAL_FLASH_Unlock
                0x08000ff4       0x30 ./Drivers/STM32F4xx_HAL_Driver/stm32f4xx_hal_flash.o
                0x08000ff4                HAL_FLASH_Unlock
 .text.HAL_FLASH_Lock
                0x08001024       0x14 ./Drivers/STM32F4xx_HAL_Driver/stm32f4xx_hal_flash.o
                0x08001024                HAL_FLASH_Lock
 .text.FLASH_WaitForLastOperation
                0x08001038       0x60 ./Drivers/STM32F4xx_HAL_Driver/stm32f4xx_hal_flash.o
                0x08001038                FLASH_WaitForLastOperation
 .text.HAL_FLASH_Program
                0x08001098       0x7c ./Drivers/STM32F4xx_HAL_Driver/stm32f4xx_hal_flash.o
                0x08001098                HAL_FLASH_Program
 .text.FLASH_MassErase
                0x08001114       0x24 ./Drivers/STM32F4xx_HAL_Driver/stm32f4xx_hal_flash_ex.o
 .text.FLASH_Erase_Sector
                0x08001138       0x4c ./Drivers/STM32F4xx_HAL_Driver/stm32f4xx_hal_flash_ex.o
                0x08001138                FLASH_Erase_Sector
 .text.FLASH_FlushCaches
                0x08001184       0x60 ./Drivers/STM32F4xx_HAL_Driver/stm32f4xx_hal_flash_ex.o
                0x08001184                FLASH_FlushCaches
 .text.HAL_FLASHEx_Erase
                0x080011e4       0x94 ./Drivers/STM32F4xx_HAL_Driver/stm32f4xx_hal_flash_ex.o
                0x080011e4                HAL_FLASHEx_Erase
 .text.HAL_GPIO_Init
                0x08001278      0x1c8 ./Drivers/STM32F4xx_HAL_Driver/stm32f4xx_hal_gpio.o
                0x08001278                HAL_GPIO_Init
 .text.HAL_GPIO_ReadPin
                0x08001440        0xe ./Drivers/STM32F4xx_HAL_Driver/stm32f4xx_hal_gpio.o
                0x08001440                HAL_GPIO_ReadPin
 .text.HAL_GPIO_WritePin
                0x0800144e        0xc ./Drivers/STM32F4xx_HAL_Driver/stm32f4xx_hal_gpio.o
                0x0800144e                HAL_GPIO_WritePin
 .text.HAL_GPIO_TogglePin
                0x0800145a       0x12 ./Drivers/STM32F4xx_HAL_Driver/stm32f4xx_hal_gpio.o
                0x0800145a                HAL_GPIO_TogglePin
 .text.PCD_WriteEmptyTxFifo
                0x0800146c       0xd0 ./Drivers/STM32F4xx_HAL_Driver/stm32f4xx_hal_pcd.o
 .text.HAL_PCD_Init
                0x0800153c      0x102 ./Drivers/STM32F4xx_HAL_Driver/stm32f4xx_hal_pcd.o
                0x0800153c                HAL_PCD_Init
 .text.HAL_PCD_Start
                0x0800163e       0x44 ./Drivers/STM32F4xx_HAL_Driver/stm32f4xx_hal_pcd.o
                0x0800163e                HAL_PCD_Start
 .text.HAL_PCD_Stop
                0x08001682       0x4c ./Drivers/STM32F4xx_HAL_Driver/stm32f4xx_hal_pcd.o
                0x08001682                HAL_PCD_Stop
 *fill*         0x080016ce        0x2 
 .text.PCD_EP_OutXfrComplete_int
                0x080016d0      0x104 ./Drivers/STM32F4xx_HAL_Driver/stm32f4xx_hal_pcd.o
 .text.PCD_EP_OutSetupPacket_int
                0x080017d4       0x50 ./Drivers/STM32F4xx_HAL_Driver/stm32f4xx_hal_pcd.o
 .text.HAL_PCD_SetAddress
                0x08001824       0x26 ./Drivers/STM32F4xx_HAL_Driver/stm32f4xx_hal_pcd.o
                0x08001824                HAL_PCD_SetAddress
 .text.HAL_PCD_EP_Open
                0x0800184a       0x8c ./Drivers/STM32F4xx_HAL_Driver/stm32f4xx_hal_pcd.o
                0x0800184a                HAL_PCD_EP_Open
 .text.HAL_PCD_EP_Receive
                0x080018d6       0x4a ./Drivers/STM32F4xx_HAL_Driver/stm32f4xx_hal_pcd.o
                0x080018d6                HAL_PCD_EP_Receive
 .text.HAL_PCD_EP_Transmit
                0x08001920       0x4a ./Drivers/STM32F4xx_HAL_Driver/stm32f4xx_hal_pcd.o
                0x08001920                HAL_PCD_EP_Transmit
 .text.HAL_PCD_EP_SetStall
                0x0800196a       0x86 ./Drivers/STM32F4xx_HAL_Driver/stm32f4xx_hal_pcd.o
                0x0800196a                HAL_PCD_EP_SetStall
 .text.HAL_PCD_EP_ClrStall
                0x080019f0       0x74 ./Drivers/STM32F4xx_HAL_Driver/stm32f4xx_hal_pcd.o
                0x080019f0                HAL_PCD_EP_ClrStall
 .text.HAL_PCD_EP_Abort
                0x08001a64       0x34 ./Drivers/STM32F4xx_HAL_Driver/stm32f4xx_hal_pcd.o
                0x08001a64                HAL_PCD_EP_Abort
 .text.HAL_PCD_IRQHandler
                0x08001a98      0x5be ./Drivers/STM32F4xx_HAL_Driver/stm32f4xx_hal_pcd.o
                0x08001a98                HAL_PCD_IRQHandler
 .text.HAL_PCDEx_SetTxFiFo
                0x08002056       0x4c ./Drivers/STM32F4xx_HAL_Driver/stm32f4xx_hal_pcd_ex.o
                0x08002056                HAL_PCDEx_SetTxFiFo
 .text.HAL_PCDEx_SetRxFiFo
                0x080020a2        0x8 ./Drivers/STM32F4xx_HAL_Driver/stm32f4xx_hal_pcd_ex.o
                0x080020a2                HAL_PCDEx_SetRxFiFo
 .text.HAL_PCDEx_LPM_Callback
                0x080020aa        0x2 ./Drivers/STM32F4xx_HAL_Driver/stm32f4xx_hal_pcd_ex.o
                0x080020aa                HAL_PCDEx_LPM_Callback
 .text.HAL_RCC_OscConfig
                0x080020ac      0x3f8 ./Drivers/STM32F4xx_HAL_Driver/stm32f4xx_hal_rcc.o
                0x080020ac                HAL_RCC_OscConfig
 .text.HAL_RCC_GetSysClockFreq
                0x080024a4       0xa8 ./Drivers/STM32F4xx_HAL_Driver/stm32f4xx_hal_rcc.o
                0x080024a4                HAL_RCC_GetSysClockFreq
 .text.HAL_RCC_ClockConfig
                0x0800254c      0x160 ./Drivers/STM32F4xx_HAL_Driver/stm32f4xx_hal_rcc.o
                0x0800254c                HAL_RCC_ClockConfig
 .text.HAL_RCC_GetHCLKFreq
                0x080026ac        0xc ./Drivers/STM32F4xx_HAL_Driver/stm32f4xx_hal_rcc.o
                0x080026ac                HAL_RCC_GetHCLKFreq
 .text.HAL_RCC_GetPCLK1Freq
                0x080026b8       0x20 ./Drivers/STM32F4xx_HAL_Driver/stm32f4xx_hal_rcc.o
                0x080026b8                HAL_RCC_GetPCLK1Freq
 .text.HAL_RCC_GetPCLK2Freq
                0x080026d8       0x20 ./Drivers/STM32F4xx_HAL_Driver/stm32f4xx_hal_rcc.o
                0x080026d8                HAL_RCC_GetPCLK2Freq
 .text.UART_EndRxTransfer
                0x080026f8       0x5c ./Drivers/STM32F4xx_HAL_Driver/stm32f4xx_hal_uart.o
 .text.UART_SetConfig
                0x08002754      0x110 ./Drivers/STM32F4xx_HAL_Driver/stm32f4xx_hal_uart.o
 .text.UART_WaitOnFlagUntilTimeout
                0x08002864       0x86 ./Drivers/STM32F4xx_HAL_Driver/stm32f4xx_hal_uart.o
 .text.HAL_UART_Init
                0x080028ea       0x60 ./Drivers/STM32F4xx_HAL_Driver/stm32f4xx_hal_uart.o
                0x080028ea                HAL_UART_Init
 .text.HAL_UART_Transmit
                0x0800294a       0xcc ./Drivers/STM32F4xx_HAL_Driver/stm32f4xx_hal_uart.o
                0x0800294a                HAL_UART_Transmit
 .text.USB_CoreReset
                0x08002a16       0x58 ./Drivers/STM32F4xx_HAL_Driver/stm32f4xx_ll_usb.o
 .text.USB_CoreInit
                0x08002a6e       0x92 ./Drivers/STM32F4xx_HAL_Driver/stm32f4xx_ll_usb.o
                0x08002a6e                USB_CoreInit
 .text.USB_SetTurnaroundTime
                0x08002b00       0xe4 ./Drivers/STM32F4xx_HAL_Driver/stm32f4xx_ll_usb.o
                0x08002b00                USB_SetTurnaroundTime
 .text.USB_EnableGlobalInt
                0x08002be4        0xc ./Drivers/STM32F4xx_HAL_Driver/stm32f4xx_ll_usb.o
                0x08002be4                USB_EnableGlobalInt
 .text.USB_DisableGlobalInt
                0x08002bf0        0xc ./Drivers/STM32F4xx_HAL_Driver/stm32f4xx_ll_usb.o
                0x08002bf0                USB_DisableGlobalInt
 .text.USB_FlushTxFifo
                0x08002bfc       0x4a ./Drivers/STM32F4xx_HAL_Driver/stm32f4xx_ll_usb.o
                0x08002bfc                USB_FlushTxFifo
 .text.USB_FlushRxFifo
                0x08002c46       0x46 ./Drivers/STM32F4xx_HAL_Driver/stm32f4xx_ll_usb.o
                0x08002c46                USB_FlushRxFifo
 .text.USB_SetDevSpeed
                0x08002c8c        0xe ./Drivers/STM32F4xx_HAL_Driver/stm32f4xx_ll_usb.o
                0x08002c8c                USB_SetDevSpeed
 *fill*         0x08002c9a        0x2 
 .text.USB_DevInit
                0x08002c9c      0x194 ./Drivers/STM32F4xx_HAL_Driver/stm32f4xx_ll_usb.o
                0x08002c9c                USB_DevInit
 .text.USB_GetDevSpeed
                0x08002e30       0x22 ./Drivers/STM32F4xx_HAL_Driver/stm32f4xx_ll_usb.o
                0x08002e30                USB_GetDevSpeed
 .text.USB_ActivateEndpoint
                0x08002e52       0x9a ./Drivers/STM32F4xx_HAL_Driver/stm32f4xx_ll_usb.o
                0x08002e52                USB_ActivateEndpoint
 .text.USB_EPStopXfer
                0x08002eec       0xbe ./Drivers/STM32F4xx_HAL_Driver/stm32f4xx_ll_usb.o
                0x08002eec                USB_EPStopXfer
 .text.USB_WritePacket
                0x08002faa       0x2e ./Drivers/STM32F4xx_HAL_Driver/stm32f4xx_ll_usb.o
                0x08002faa                USB_WritePacket
 .text.USB_EPStartXfer
                0x08002fd8      0x244 ./Drivers/STM32F4xx_HAL_Driver/stm32f4xx_ll_usb.o
                0x08002fd8                USB_EPStartXfer
 .text.USB_ReadPacket
                0x0800321c       0x46 ./Drivers/STM32F4xx_HAL_Driver/stm32f4xx_ll_usb.o
                0x0800321c                USB_ReadPacket
 .text.USB_EPSetStall
                0x08003262       0x5a ./Drivers/STM32F4xx_HAL_Driver/stm32f4xx_ll_usb.o
                0x08003262                USB_EPSetStall
 .text.USB_EPClearStall
                0x080032bc       0x5c ./Drivers/STM32F4xx_HAL_Driver/stm32f4xx_ll_usb.o
                0x080032bc                USB_EPClearStall
 .text.USB_SetDevAddress
                0x08003318       0x20 ./Drivers/STM32F4xx_HAL_Driver/stm32f4xx_ll_usb.o
                0x08003318                USB_SetDevAddress
 .text.USB_DevConnect
                0x08003338       0x1c ./Drivers/STM32F4xx_HAL_Driver/stm32f4xx_ll_usb.o
                0x08003338                USB_DevConnect
 .text.USB_DevDisconnect
                0x08003354       0x1c ./Drivers/STM32F4xx_HAL_Driver/stm32f4xx_ll_usb.o
                0x08003354                USB_DevDisconnect
 .text.USB_ReadInterrupts
                0x08003370        0x8 ./Drivers/STM32F4xx_HAL_Driver/stm32f4xx_ll_usb.o
                0x08003370                USB_ReadInterrupts
 .text.USB_ReadDevAllOutEpInterrupt
                0x08003378       0x10 ./Drivers/STM32F4xx_HAL_Driver/stm32f4xx_ll_usb.o
                0x08003378                USB_ReadDevAllOutEpInterrupt
 .text.USB_ReadDevAllInEpInterrupt
                0x08003388       0x10 ./Drivers/STM32F4xx_HAL_Driver/stm32f4xx_ll_usb.o
                0x08003388                USB_ReadDevAllInEpInterrupt
 .text.USB_ReadDevOutEPInterrupt
                0x08003398       0x12 ./Drivers/STM32F4xx_HAL_Driver/stm32f4xx_ll_usb.o
                0x08003398                USB_ReadDevOutEPInterrupt
 .text.USB_ReadDevInEPInterrupt
                0x080033aa       0x24 ./Drivers/STM32F4xx_HAL_Driver/stm32f4xx_ll_usb.o
                0x080033aa                USB_ReadDevInEPInterrupt
 .text.USB_GetMode
                0x080033ce        0x8 ./Drivers/STM32F4xx_HAL_Driver/stm32f4xx_ll_usb.o
                0x080033ce                USB_GetMode
 .text.USB_SetCurrentMode
                0x080033d6       0x62 ./Drivers/STM32F4xx_HAL_Driver/stm32f4xx_ll_usb.o
                0x080033d6                USB_SetCurrentMode
 .text.USB_ActivateSetup
                0x08003438       0x1c ./Drivers/STM32F4xx_HAL_Driver/stm32f4xx_ll_usb.o
                0x08003438                USB_ActivateSetup
 .text.USB_EP0_OutStart
                0x08003454       0x60 ./Drivers/STM32F4xx_HAL_Driver/stm32f4xx_ll_usb.o
                0x08003454                USB_EP0_OutStart
 .text.USBD_Init
                0x080034b4       0x2e ./Middlewares/USB_Device_Library/usbd_core.o
                0x080034b4                USBD_Init
 .text.USBD_RegisterClass
                0x080034e2       0x40 ./Middlewares/USB_Device_Library/usbd_core.o
                0x080034e2                USBD_RegisterClass
 .text.USBD_Start
                0x08003522        0x8 ./Middlewares/USB_Device_Library/usbd_core.o
                0x08003522                USBD_Start
 .text.USBD_Stop
                0x0800352a       0x1a ./Middlewares/USB_Device_Library/usbd_core.o
                0x0800352a                USBD_Stop
 .text.USBD_SetClassConfig
                0x08003544       0x12 ./Middlewares/USB_Device_Library/usbd_core.o
                0x08003544                USBD_SetClassConfig
 .text.USBD_ClrClassConfig
                0x08003556       0x12 ./Middlewares/USB_Device_Library/usbd_core.o
                0x08003556                USBD_ClrClassConfig
 .text.USBD_LL_SetupStage
                0x08003568       0x58 ./Middlewares/USB_Device_Library/usbd_core.o
                0x08003568                USBD_LL_SetupStage
 .text.USBD_LL_Reset
                0x080035c0       0x66 ./Middlewares/USB_Device_Library/usbd_core.o
                0x080035c0                USBD_LL_Reset
 .text.USBD_LL_SetSpeed
                0x08003626        0x6 ./Middlewares/USB_Device_Library/usbd_core.o
                0x08003626                USBD_LL_SetSpeed
 .text.USBD_LL_Suspend
                0x0800362c       0x1e ./Middlewares/USB_Device_Library/usbd_core.o
                0x0800362c                USBD_LL_Suspend
 .text.USBD_LL_Resume
                0x0800364a       0x1a ./Middlewares/USB_Device_Library/usbd_core.o
                0x0800364a                USBD_LL_Resume
 .text.USBD_LL_SOF
                0x08003664       0x22 ./Middlewares/USB_Device_Library/usbd_core.o
                0x08003664                USBD_LL_SOF
 .text.USBD_LL_IsoINIncomplete
                0x08003686       0x2e ./Middlewares/USB_Device_Library/usbd_core.o
                0x08003686                USBD_LL_IsoINIncomplete
 .text.USBD_LL_IsoOUTIncomplete
                0x080036b4       0x2e ./Middlewares/USB_Device_Library/usbd_core.o
                0x080036b4                USBD_LL_IsoOUTIncomplete
 .text.USBD_LL_DevConnected
                0x080036e2        0x4 ./Middlewares/USB_Device_Library/usbd_core.o
                0x080036e2                USBD_LL_DevConnected
 .text.USBD_LL_DevDisconnected
                0x080036e6       0x20 ./Middlewares/USB_Device_Library/usbd_core.o
                0x080036e6                USBD_LL_DevDisconnected
 .text.USBD_CoreFindIF
                0x08003706        0x4 ./Middlewares/USB_Device_Library/usbd_core.o
                0x08003706                USBD_CoreFindIF
 .text.USBD_CoreFindEP
                0x0800370a        0x4 ./Middlewares/USB_Device_Library/usbd_core.o
                0x0800370a                USBD_CoreFindEP
 .text.USBD_LL_DataOutStage
                0x0800370e       0xca ./Middlewares/USB_Device_Library/usbd_core.o
                0x0800370e                USBD_LL_DataOutStage
 .text.USBD_LL_DataInStage
                0x080037d8       0xd8 ./Middlewares/USB_Device_Library/usbd_core.o
                0x080037d8                USBD_LL_DataInStage
 .text.USBD_GetNextDesc
                0x080038b0        0xe ./Middlewares/USB_Device_Library/usbd_core.o
                0x080038b0                USBD_GetNextDesc
 .text.USBD_GetLen
                0x080038be       0x14 ./Middlewares/USB_Device_Library/usbd_ctlreq.o
 .text.USBD_ParseSetupRequest
                0x080038d2       0x28 ./Middlewares/USB_Device_Library/usbd_ctlreq.o
                0x080038d2                USBD_ParseSetupRequest
 .text.USBD_CtlError
                0x080038fa       0x14 ./Middlewares/USB_Device_Library/usbd_ctlreq.o
                0x080038fa                USBD_CtlError
 .text.USBD_GetDescriptor
                0x0800390e      0x1b6 ./Middlewares/USB_Device_Library/usbd_ctlreq.o
 .text.USBD_SetAddress
                0x08003ac4       0x50 ./Middlewares/USB_Device_Library/usbd_ctlreq.o
 .text.USBD_SetConfig
                0x08003b14       0xcc ./Middlewares/USB_Device_Library/usbd_ctlreq.o
 .text.USBD_GetConfig
                0x08003be0       0x40 ./Middlewares/USB_Device_Library/usbd_ctlreq.o
 .text.USBD_GetStatus
                0x08003c20       0x38 ./Middlewares/USB_Device_Library/usbd_ctlreq.o
 .text.USBD_SetFeature
                0x08003c58       0x2a ./Middlewares/USB_Device_Library/usbd_ctlreq.o
 .text.USBD_ClrFeature
                0x08003c82       0x26 ./Middlewares/USB_Device_Library/usbd_ctlreq.o
 .text.USBD_StdDevReq
                0x08003ca8       0x76 ./Middlewares/USB_Device_Library/usbd_ctlreq.o
                0x08003ca8                USBD_StdDevReq
 .text.USBD_StdItfReq
                0x08003d1e       0x84 ./Middlewares/USB_Device_Library/usbd_ctlreq.o
                0x08003d1e                USBD_StdItfReq
 .text.USBD_StdEPReq
                0x08003da2      0x232 ./Middlewares/USB_Device_Library/usbd_ctlreq.o
                0x08003da2                USBD_StdEPReq
 .text.USBD_GetString
                0x08003fd4       0x46 ./Middlewares/USB_Device_Library/usbd_ctlreq.o
                0x08003fd4                USBD_GetString
 *fill*         0x0800401a        0x2 
 .text.__NVIC_SystemReset
                0x0800401c       0x24 ./Middlewares/USB_Device_Library/usbd_dfu.o
 .text.USBD_DFU_GetCfgDesc
                0x08004040        0xc ./Middlewares/USB_Device_Library/usbd_dfu.o
 .text.USBD_DFU_EP0_RxReady
                0x0800404c        0x4 ./Middlewares/USB_Device_Library/usbd_dfu.o
 .text.USBD_DFU_SOF
                0x08004050        0x4 ./Middlewares/USB_Device_Library/usbd_dfu.o
 .text.USBD_DFU_GetDeviceQualifierDesc
                0x08004054        0xc ./Middlewares/USB_Device_Library/usbd_dfu.o
 .text.DFU_ClearStatus
                0x08004060       0x5a ./Middlewares/USB_Device_Library/usbd_dfu.o
 .text.DFU_Abort
                0x080040ba       0x4a ./Middlewares/USB_Device_Library/usbd_dfu.o
 .text.USBD_DFU_GetUsrStringDesc
                0x08004104       0x2c ./Middlewares/USB_Device_Library/usbd_dfu.o
 .text.USBD_DFU_GetDfuFuncDesc
                0x08004130       0x36 ./Middlewares/USB_Device_Library/usbd_dfu.o
 .text.DFU_Leave
                0x08004166       0x6c ./Middlewares/USB_Device_Library/usbd_dfu.o
 .text.USBD_DFU_EP0_TxReady
                0x080041d2      0x13a ./Middlewares/USB_Device_Library/usbd_dfu.o
 .text.DFU_Upload
                0x0800430c      0x12a ./Middlewares/USB_Device_Library/usbd_dfu.o
 .text.DFU_GetStatus
                0x08004436       0xea ./Middlewares/USB_Device_Library/usbd_dfu.o
 .text.DFU_GetState
                0x08004520       0x1a ./Middlewares/USB_Device_Library/usbd_dfu.o
 .text.DFU_Download
                0x0800453a       0x7e ./Middlewares/USB_Device_Library/usbd_dfu.o
 .text.DFU_Detach
                0x080045b8       0x76 ./Middlewares/USB_Device_Library/usbd_dfu.o
 .text.USBD_DFU_Setup
                0x0800462e      0x150 ./Middlewares/USB_Device_Library/usbd_dfu.o
 .text.USBD_DFU_DeInit
                0x0800477e       0x5c ./Middlewares/USB_Device_Library/usbd_dfu.o
 *fill*         0x080047da        0x2 
 .text.USBD_DFU_Init
                0x080047dc       0x80 ./Middlewares/USB_Device_Library/usbd_dfu.o
 .text.USBD_DFU_RegisterMedia
                0x0800485c       0x16 ./Middlewares/USB_Device_Library/usbd_dfu.o
                0x0800485c                USBD_DFU_RegisterMedia
 .text.USBD_CtlSendData
                0x08004872       0x1c ./Middlewares/USB_Device_Library/usbd_ioreq.o
                0x08004872                USBD_CtlSendData
 .text.USBD_CtlContinueSendData
                0x0800488e       0x10 ./Middlewares/USB_Device_Library/usbd_ioreq.o
                0x0800488e                USBD_CtlContinueSendData
 .text.USBD_CtlPrepareRx
                0x0800489e       0x22 ./Middlewares/USB_Device_Library/usbd_ioreq.o
                0x0800489e                USBD_CtlPrepareRx
 .text.USBD_CtlContinueRx
                0x080048c0       0x10 ./Middlewares/USB_Device_Library/usbd_ioreq.o
                0x080048c0                USBD_CtlContinueRx
 .text.USBD_CtlSendStatus
                0x080048d0       0x16 ./Middlewares/USB_Device_Library/usbd_ioreq.o
                0x080048d0                USBD_CtlSendStatus
 .text.USBD_CtlReceiveStatus
                0x080048e6       0x16 ./Middlewares/USB_Device_Library/usbd_ioreq.o
                0x080048e6                USBD_CtlReceiveStatus
 .text.MX_USB_DEVICE_Init
                0x080048fc       0x54 ./USB_DEVICE/App/usb_device.o
                0x080048fc                MX_USB_DEVICE_Init
 .text.USBD_FS_DeviceDescriptor
                0x08004950        0xc ./USB_DEVICE/App/usbd_desc.o
                0x08004950                USBD_FS_DeviceDescriptor
 .text.USBD_FS_LangIDStrDescriptor
                0x0800495c        0xc ./USB_DEVICE/App/usbd_desc.o
                0x0800495c                USBD_FS_LangIDStrDescriptor
 .text.IntToUnicode
                0x08004968       0x46 ./USB_DEVICE/App/usbd_desc.o
 *fill*         0x080049ae        0x2 
 .text.Get_SerialNum
                0x080049b0       0x38 ./USB_DEVICE/App/usbd_desc.o
 .text.USBD_FS_SerialStrDescriptor
                0x080049e8       0x14 ./USB_DEVICE/App/usbd_desc.o
                0x080049e8                USBD_FS_SerialStrDescriptor
 .text.USBD_FS_ProductStrDescriptor
                0x080049fc       0x24 ./USB_DEVICE/App/usbd_desc.o
                0x080049fc                USBD_FS_ProductStrDescriptor
 .text.USBD_FS_ManufacturerStrDescriptor
                0x08004a20       0x1c ./USB_DEVICE/App/usbd_desc.o
                0x08004a20                USBD_FS_ManufacturerStrDescriptor
 .text.USBD_FS_ConfigStrDescriptor
                0x08004a3c       0x24 ./USB_DEVICE/App/usbd_desc.o
                0x08004a3c                USBD_FS_ConfigStrDescriptor
 .text.USBD_FS_InterfaceStrDescriptor
                0x08004a60       0x24 ./USB_DEVICE/App/usbd_desc.o
                0x08004a60                USBD_FS_InterfaceStrDescriptor
 .text.GetSector
                0x08004a84       0x7a ./USB_DEVICE/App/usbd_dfu_if.o
 .text.GetBank  0x08004afe        0x4 ./USB_DEVICE/App/usbd_dfu_if.o
 .text.MEM_If_Read_FS
                0x08004b02       0x24 ./USB_DEVICE/App/usbd_dfu_if.o
 .text.MEM_If_GetStatus_FS
                0x08004b26       0x20 ./USB_DEVICE/App/usbd_dfu_if.o
 .text.MEM_If_Write_FS
                0x08004b46       0x46 ./USB_DEVICE/App/usbd_dfu_if.o
 .text.MEM_If_Erase_FS
                0x08004b8c       0x4a ./USB_DEVICE/App/usbd_dfu_if.o
 .text.MEM_If_DeInit_FS
                0x08004bd6        0xe ./USB_DEVICE/App/usbd_dfu_if.o
 .text.MEM_If_Init_FS
                0x08004be4        0xe ./USB_DEVICE/App/usbd_dfu_if.o
 *fill*         0x08004bf2        0x2 
 .text.HAL_PCD_MspInit
                0x08004bf4       0x84 ./USB_DEVICE/Target/usbd_conf.o
                0x08004bf4                HAL_PCD_MspInit
 .text.HAL_PCD_SetupStageCallback
                0x08004c78       0x10 ./USB_DEVICE/Target/usbd_conf.o
                0x08004c78                HAL_PCD_SetupStageCallback
 .text.HAL_PCD_DataOutStageCallback
                0x08004c88       0x18 ./USB_DEVICE/Target/usbd_conf.o
                0x08004c88                HAL_PCD_DataOutStageCallback
 .text.HAL_PCD_DataInStageCallback
                0x08004ca0       0x16 ./USB_DEVICE/Target/usbd_conf.o
                0x08004ca0                HAL_PCD_DataInStageCallback
 .text.HAL_PCD_SOFCallback
                0x08004cb6        0xc ./USB_DEVICE/Target/usbd_conf.o
                0x08004cb6                HAL_PCD_SOFCallback
 .text.HAL_PCD_ResetCallback
                0x08004cc2       0x24 ./USB_DEVICE/Target/usbd_conf.o
                0x08004cc2                HAL_PCD_ResetCallback
 *fill*         0x08004ce6        0x2 
 .text.HAL_PCD_SuspendCallback
                0x08004ce8       0x30 ./USB_DEVICE/Target/usbd_conf.o
                0x08004ce8                HAL_PCD_SuspendCallback
 .text.HAL_PCD_ResumeCallback
                0x08004d18        0xc ./USB_DEVICE/Target/usbd_conf.o
                0x08004d18                HAL_PCD_ResumeCallback
 .text.HAL_PCD_ISOOUTIncompleteCallback
                0x08004d24        0xc ./USB_DEVICE/Target/usbd_conf.o
                0x08004d24                HAL_PCD_ISOOUTIncompleteCallback
 .text.HAL_PCD_ISOINIncompleteCallback
                0x08004d30        0xc ./USB_DEVICE/Target/usbd_conf.o
                0x08004d30                HAL_PCD_ISOINIncompleteCallback
 .text.HAL_PCD_ConnectCallback
                0x08004d3c        0xc ./USB_DEVICE/Target/usbd_conf.o
                0x08004d3c                HAL_PCD_ConnectCallback
 .text.HAL_PCD_DisconnectCallback
                0x08004d48        0xc ./USB_DEVICE/Target/usbd_conf.o
                0x08004d48                HAL_PCD_DisconnectCallback
 .text.USBD_LL_Init
                0x08004d54       0x68 ./USB_DEVICE/Target/usbd_conf.o
                0x08004d54                USBD_LL_Init
 .text.USBD_LL_IsStallEP
                0x08004dbc       0x2c ./USB_DEVICE/Target/usbd_conf.o
                0x08004dbc                USBD_LL_IsStallEP
 .text.USBD_static_malloc
                0x08004de8        0x8 ./USB_DEVICE/Target/usbd_conf.o
                0x08004de8                USBD_static_malloc
 .text.USBD_static_free
                0x08004df0        0x2 ./USB_DEVICE/Target/usbd_conf.o
                0x08004df0                USBD_static_free
 .text.USBD_Get_USB_Status
                0x08004df2       0x14 ./USB_DEVICE/Target/usbd_conf.o
                0x08004df2                USBD_Get_USB_Status
 .text.USBD_LL_Start
                0x08004e06       0x10 ./USB_DEVICE/Target/usbd_conf.o
                0x08004e06                USBD_LL_Start
 .text.USBD_LL_Stop
                0x08004e16       0x10 ./USB_DEVICE/Target/usbd_conf.o
                0x08004e16                USBD_LL_Stop
 .text.USBD_LL_OpenEP
                0x08004e26       0x16 ./USB_DEVICE/Target/usbd_conf.o
                0x08004e26                USBD_LL_OpenEP
 .text.USBD_LL_StallEP
                0x08004e3c       0x10 ./USB_DEVICE/Target/usbd_conf.o
                0x08004e3c                USBD_LL_StallEP
 .text.USBD_LL_ClearStallEP
                0x08004e4c       0x10 ./USB_DEVICE/Target/usbd_conf.o
                0x08004e4c                USBD_LL_ClearStallEP
 .text.USBD_LL_SetUSBAddress
                0x08004e5c       0x10 ./USB_DEVICE/Target/usbd_conf.o
                0x08004e5c                USBD_LL_SetUSBAddress
 .text.USBD_LL_Transmit
                0x08004e6c       0x10 ./USB_DEVICE/Target/usbd_conf.o
                0x08004e6c                USBD_LL_Transmit
 .text.USBD_LL_PrepareReceive
                0x08004e7c       0x10 ./USB_DEVICE/Target/usbd_conf.o
                0x08004e7c                USBD_LL_PrepareReceive
 .text.std      0x08004e8c       0x6c /opt/st/stm32cubeide_1.18.1/plugins/com.st.stm32cube.ide.mcu.externaltools.gnu-tools-for-stm32.13.3.rel1.linux64_1.0.0.202410170706/tools/bin/../lib/gcc/arm-none-eabi/13.3.1/../../../../arm-none-eabi/lib/thumb/v7e-m+fp/hard/libc_nano.a(libc_a-findfp.o)
 .text.stdio_exit_handler
                0x08004ef8       0x18 /opt/st/stm32cubeide_1.18.1/plugins/com.st.stm32cube.ide.mcu.externaltools.gnu-tools-for-stm32.13.3.rel1.linux64_1.0.0.202410170706/tools/bin/../lib/gcc/arm-none-eabi/13.3.1/../../../../arm-none-eabi/lib/thumb/v7e-m+fp/hard/libc_nano.a(libc_a-findfp.o)
 .text.cleanup_stdio
                0x08004f10       0x40 /opt/st/stm32cubeide_1.18.1/plugins/com.st.stm32cube.ide.mcu.externaltools.gnu-tools-for-stm32.13.3.rel1.linux64_1.0.0.202410170706/tools/bin/../lib/gcc/arm-none-eabi/13.3.1/../../../../arm-none-eabi/lib/thumb/v7e-m+fp/hard/libc_nano.a(libc_a-findfp.o)
 .text.global_stdio_init.part.0
                0x08004f50       0x3c /opt/st/stm32cubeide_1.18.1/plugins/com.st.stm32cube.ide.mcu.externaltools.gnu-tools-for-stm32.13.3.rel1.linux64_1.0.0.202410170706/tools/bin/../lib/gcc/arm-none-eabi/13.3.1/../../../../arm-none-eabi/lib/thumb/v7e-m+fp/hard/libc_nano.a(libc_a-findfp.o)
 .text.__sfp_lock_acquire
                0x08004f8c        0xc /opt/st/stm32cubeide_1.18.1/plugins/com.st.stm32cube.ide.mcu.externaltools.gnu-tools-for-stm32.13.3.rel1.linux64_1.0.0.202410170706/tools/bin/../lib/gcc/arm-none-eabi/13.3.1/../../../../arm-none-eabi/lib/thumb/v7e-m+fp/hard/libc_nano.a(libc_a-findfp.o)
                0x08004f8c                __sfp_lock_acquire
 .text.__sfp_lock_release
                0x08004f98        0xc /opt/st/stm32cubeide_1.18.1/plugins/com.st.stm32cube.ide.mcu.externaltools.gnu-tools-for-stm32.13.3.rel1.linux64_1.0.0.202410170706/tools/bin/../lib/gcc/arm-none-eabi/13.3.1/../../../../arm-none-eabi/lib/thumb/v7e-m+fp/hard/libc_nano.a(libc_a-findfp.o)
                0x08004f98                __sfp_lock_release
 .text.__sinit  0x08004fa4       0x30 /opt/st/stm32cubeide_1.18.1/plugins/com.st.stm32cube.ide.mcu.externaltools.gnu-tools-for-stm32.13.3.rel1.linux64_1.0.0.202410170706/tools/bin/../lib/gcc/arm-none-eabi/13.3.1/../../../../arm-none-eabi/lib/thumb/v7e-m+fp/hard/libc_nano.a(libc_a-findfp.o)
                0x08004fa4                __sinit
 .text._fwalk_sglue
                0x08004fd4       0x3c /opt/st/stm32cubeide_1.18.1/plugins/com.st.stm32cube.ide.mcu.externaltools.gnu-tools-for-stm32.13.3.rel1.linux64_1.0.0.202410170706/tools/bin/../lib/gcc/arm-none-eabi/13.3.1/../../../../arm-none-eabi/lib/thumb/v7e-m+fp/hard/libc_nano.a(libc_a-fwalk.o)
                0x08004fd4                _fwalk_sglue
 .text.printf   0x08005010       0x24 /opt/st/stm32cubeide_1.18.1/plugins/com.st.stm32cube.ide.mcu.externaltools.gnu-tools-for-stm32.13.3.rel1.linux64_1.0.0.202410170706/tools/bin/../lib/gcc/arm-none-eabi/13.3.1/../../../../arm-none-eabi/lib/thumb/v7e-m+fp/hard/libc_nano.a(libc_a-printf.o)
                0x08005010                printf
                0x08005010                iprintf
 .text._puts_r  0x08005034       0xaa /opt/st/stm32cubeide_1.18.1/plugins/com.st.stm32cube.ide.mcu.externaltools.gnu-tools-for-stm32.13.3.rel1.linux64_1.0.0.202410170706/tools/bin/../lib/gcc/arm-none-eabi/13.3.1/../../../../arm-none-eabi/lib/thumb/v7e-m+fp/hard/libc_nano.a(libc_a-puts.o)
                0x08005034                _puts_r
 *fill*         0x080050de        0x2 
 .text.puts     0x080050e0       0x10 /opt/st/stm32cubeide_1.18.1/plugins/com.st.stm32cube.ide.mcu.externaltools.gnu-tools-for-stm32.13.3.rel1.linux64_1.0.0.202410170706/tools/bin/../lib/gcc/arm-none-eabi/13.3.1/../../../../arm-none-eabi/lib/thumb/v7e-m+fp/hard/libc_nano.a(libc_a-puts.o)
                0x080050e0                puts
 .text.__sread  0x080050f0       0x22 /opt/st/stm32cubeide_1.18.1/plugins/com.st.stm32cube.ide.mcu.externaltools.gnu-tools-for-stm32.13.3.rel1.linux64_1.0.0.202410170706/tools/bin/../lib/gcc/arm-none-eabi/13.3.1/../../../../arm-none-eabi/lib/thumb/v7e-m+fp/hard/libc_nano.a(libc_a-stdio.o)
                0x080050f0                __sread
 .text.__swrite
                0x08005112       0x38 /opt/st/stm32cubeide_1.18.1/plugins/com.st.stm32cube.ide.mcu.externaltools.gnu-tools-for-stm32.13.3.rel1.linux64_1.0.0.202410170706/tools/bin/../lib/gcc/arm-none-eabi/13.3.1/../../../../arm-none-eabi/lib/thumb/v7e-m+fp/hard/libc_nano.a(libc_a-stdio.o)
                0x08005112                __swrite
 .text.__sseek  0x0800514a       0x24 /opt/st/stm32cubeide_1.18.1/plugins/com.st.stm32cube.ide.mcu.externaltools.gnu-tools-for-stm32.13.3.rel1.linux64_1.0.0.202410170706/tools/bin/../lib/gcc/arm-none-eabi/13.3.1/../../../../arm-none-eabi/lib/thumb/v7e-m+fp/hard/libc_nano.a(libc_a-stdio.o)
                0x0800514a                __sseek
 .text.__sclose
                0x0800516e        0x8 /opt/st/stm32cubeide_1.18.1/plugins/com.st.stm32cube.ide.mcu.externaltools.gnu-tools-for-stm32.13.3.rel1.linux64_1.0.0.202410170706/tools/bin/../lib/gcc/arm-none-eabi/13.3.1/../../../../arm-none-eabi/lib/thumb/v7e-m+fp/hard/libc_nano.a(libc_a-stdio.o)
                0x0800516e                __sclose
 .text.__swbuf_r
                0x08005176       0x7c /opt/st/stm32cubeide_1.18.1/plugins/com.st.stm32cube.ide.mcu.externaltools.gnu-tools-for-stm32.13.3.rel1.linux64_1.0.0.202410170706/tools/bin/../lib/gcc/arm-none-eabi/13.3.1/../../../../arm-none-eabi/lib/thumb/v7e-m+fp/hard/libc_nano.a(libc_a-wbuf.o)
                0x08005176                __swbuf_r
 *fill*         0x080051f2        0x2 
 .text.__swsetup_r
                0x080051f4       0xac /opt/st/stm32cubeide_1.18.1/plugins/com.st.stm32cube.ide.mcu.externaltools.gnu-tools-for-stm32.13.3.rel1.linux64_1.0.0.202410170706/tools/bin/../lib/gcc/arm-none-eabi/13.3.1/../../../../arm-none-eabi/lib/thumb/v7e-m+fp/hard/libc_nano.a(libc_a-wsetup.o)
                0x080051f4                __swsetup_r
 .text.memset   0x080052a0       0x10 /opt/st/stm32cubeide_1.18.1/plugins/com.st.stm32cube.ide.mcu.externaltools.gnu-tools-for-stm32.13.3.rel1.linux64_1.0.0.202410170706/tools/bin/../lib/gcc/arm-none-eabi/13.3.1/../../../../arm-none-eabi/lib/thumb/v7e-m+fp/hard/libc_nano.a(libc_a-memset.o)
                0x080052a0                memset
 .text._close_r
                0x080052b0       0x20 /opt/st/stm32cubeide_1.18.1/plugins/com.st.stm32cube.ide.mcu.externaltools.gnu-tools-for-stm32.13.3.rel1.linux64_1.0.0.202410170706/tools/bin/../lib/gcc/arm-none-eabi/13.3.1/../../../../arm-none-eabi/lib/thumb/v7e-m+fp/hard/libc_nano.a(libc_a-closer.o)
                0x080052b0                _close_r
 .text._lseek_r
                0x080052d0       0x24 /opt/st/stm32cubeide_1.18.1/plugins/com.st.stm32cube.ide.mcu.externaltools.gnu-tools-for-stm32.13.3.rel1.linux64_1.0.0.202410170706/tools/bin/../lib/gcc/arm-none-eabi/13.3.1/../../../../arm-none-eabi/lib/thumb/v7e-m+fp/hard/libc_nano.a(libc_a-lseekr.o)
                0x080052d0                _lseek_r
 .text._read_r  0x080052f4       0x24 /opt/st/stm32cubeide_1.18.1/plugins/com.st.stm32cube.ide.mcu.externaltools.gnu-tools-for-stm32.13.3.rel1.linux64_1.0.0.202410170706/tools/bin/../lib/gcc/arm-none-eabi/13.3.1/../../../../arm-none-eabi/lib/thumb/v7e-m+fp/hard/libc_nano.a(libc_a-readr.o)
                0x080052f4                _read_r
 .text._write_r
                0x08005318       0x24 /opt/st/stm32cubeide_1.18.1/plugins/com.st.stm32cube.ide.mcu.externaltools.gnu-tools-for-stm32.13.3.rel1.linux64_1.0.0.202410170706/tools/bin/../lib/gcc/arm-none-eabi/13.3.1/../../../../arm-none-eabi/lib/thumb/v7e-m+fp/hard/libc_nano.a(libc_a-writer.o)
                0x08005318                _write_r
 .text.__errno  0x0800533c        0xc /opt/st/stm32cubeide_1.18.1/plugins/com.st.stm32cube.ide.mcu.externaltools.gnu-tools-for-stm32.13.3.rel1.linux64_1.0.0.202410170706/tools/bin/../lib/gcc/arm-none-eabi/13.3.1/../../../../arm-none-eabi/lib/thumb/v7e-m+fp/hard/libc_nano.a(libc_a-errno.o)
                0x0800533c                __errno
 .text.__libc_init_array
                0x08005348       0x48 /opt/st/stm32cubeide_1.18.1/plugins/com.st.stm32cube.ide.mcu.externaltools.gnu-tools-for-stm32.13.3.rel1.linux64_1.0.0.202410170706/tools/bin/../lib/gcc/arm-none-eabi/13.3.1/../../../../arm-none-eabi/lib/thumb/v7e-m+fp/hard/libc_nano.a(libc_a-init.o)
                0x08005348                __libc_init_array
 .text.__retarget_lock_init_recursive
                0x08005390        0x2 /opt/st/stm32cubeide_1.18.1/plugins/com.st.stm32cube.ide.mcu.externaltools.gnu-tools-for-stm32.13.3.rel1.linux64_1.0.0.202410170706/tools/bin/../lib/gcc/arm-none-eabi/13.3.1/../../../../arm-none-eabi/lib/thumb/v7e-m+fp/hard/libc_nano.a(libc_a-lock.o)
                0x08005390                __retarget_lock_init_recursive
 .text.__retarget_lock_acquire_recursive
                0x08005392        0x2 /opt/st/stm32cubeide_1.18.1/plugins/com.st.stm32cube.ide.mcu.externaltools.gnu-tools-for-stm32.13.3.rel1.linux64_1.0.0.202410170706/tools/bin/../lib/gcc/arm-none-eabi/13.3.1/../../../../arm-none-eabi/lib/thumb/v7e-m+fp/hard/libc_nano.a(libc_a-lock.o)
                0x08005392                __retarget_lock_acquire_recursive
 .text.__retarget_lock_release_recursive
                0x08005394        0x2 /opt/st/stm32cubeide_1.18.1/plugins/com.st.stm32cube.ide.mcu.externaltools.gnu-tools-for-stm32.13.3.rel1.linux64_1.0.0.202410170706/tools/bin/../lib/gcc/arm-none-eabi/13.3.1/../../../../arm-none-eabi/lib/thumb/v7e-m+fp/hard/libc_nano.a(libc_a-lock.o)
                0x08005394                __retarget_lock_release_recursive
 *fill*         0x08005396        0x2 
 .text._free_r  0x08005398       0x94 /opt/st/stm32cubeide_1.18.1/plugins/com.st.stm32cube.ide.mcu.externaltools.gnu-tools-for-stm32.13.3.rel1.linux64_1.0.0.202410170706/tools/bin/../lib/gcc/arm-none-eabi/13.3.1/../../../../arm-none-eabi/lib/thumb/v7e-m+fp/hard/libc_nano.a(libc_a-freer.o)
                0x08005398                _free_r
 .text.sbrk_aligned
                0x0800542c       0x44 /opt/st/stm32cubeide_1.18.1/plugins/com.st.stm32cube.ide.mcu.externaltools.gnu-tools-for-stm32.13.3.rel1.linux64_1.0.0.202410170706/tools/bin/../lib/gcc/arm-none-eabi/13.3.1/../../../../arm-none-eabi/lib/thumb/v7e-m+fp/hard/libc_nano.a(libc_a-mallocr.o)
 .text._malloc_r
                0x08005470      0x100 /opt/st/stm32cubeide_1.18.1/plugins/com.st.stm32cube.ide.mcu.externaltools.gnu-tools-for-stm32.13.3.rel1.linux64_1.0.0.202410170706/tools/bin/../lib/gcc/arm-none-eabi/13.3.1/../../../../arm-none-eabi/lib/thumb/v7e-m+fp/hard/libc_nano.a(libc_a-mallocr.o)
                0x08005470                _malloc_r
 .text.__malloc_lock
                0x08005570        0xc /opt/st/stm32cubeide_1.18.1/plugins/com.st.stm32cube.ide.mcu.externaltools.gnu-tools-for-stm32.13.3.rel1.linux64_1.0.0.202410170706/tools/bin/../lib/gcc/arm-none-eabi/13.3.1/../../../../arm-none-eabi/lib/thumb/v7e-m+fp/hard/libc_nano.a(libc_a-mlock.o)
                0x08005570                __malloc_lock
 .text.__malloc_unlock
                0x0800557c        0xc /opt/st/stm32cubeide_1.18.1/plugins/com.st.stm32cube.ide.mcu.externaltools.gnu-tools-for-stm32.13.3.rel1.linux64_1.0.0.202410170706/tools/bin/../lib/gcc/arm-none-eabi/13.3.1/../../../../arm-none-eabi/lib/thumb/v7e-m+fp/hard/libc_nano.a(libc_a-mlock.o)
                0x0800557c                __malloc_unlock
 .text.__sfputc_r
                0x08005588       0x2e /opt/st/stm32cubeide_1.18.1/plugins/com.st.stm32cube.ide.mcu.externaltools.gnu-tools-for-stm32.13.3.rel1.linux64_1.0.0.202410170706/tools/bin/../lib/gcc/arm-none-eabi/13.3.1/../../../../arm-none-eabi/lib/thumb/v7e-m+fp/hard/libc_nano.a(libc_a-nano-vfprintf.o)
 .text.__sfputs_r
                0x080055b6       0x24 /opt/st/stm32cubeide_1.18.1/plugins/com.st.stm32cube.ide.mcu.externaltools.gnu-tools-for-stm32.13.3.rel1.linux64_1.0.0.202410170706/tools/bin/../lib/gcc/arm-none-eabi/13.3.1/../../../../arm-none-eabi/lib/thumb/v7e-m+fp/hard/libc_nano.a(libc_a-nano-vfprintf.o)
                0x080055b6                __sfputs_r
 *fill*         0x080055da        0x2 
 .text._vfprintf_r
                0x080055dc      0x230 /opt/st/stm32cubeide_1.18.1/plugins/com.st.stm32cube.ide.mcu.externaltools.gnu-tools-for-stm32.13.3.rel1.linux64_1.0.0.202410170706/tools/bin/../lib/gcc/arm-none-eabi/13.3.1/../../../../arm-none-eabi/lib/thumb/v7e-m+fp/hard/libc_nano.a(libc_a-nano-vfprintf.o)
                0x080055dc                _vfiprintf_r
                0x080055dc                _vfprintf_r
 .text._printf_common
                0x0800580c       0xda /opt/st/stm32cubeide_1.18.1/plugins/com.st.stm32cube.ide.mcu.externaltools.gnu-tools-for-stm32.13.3.rel1.linux64_1.0.0.202410170706/tools/bin/../lib/gcc/arm-none-eabi/13.3.1/../../../../arm-none-eabi/lib/thumb/v7e-m+fp/hard/libc_nano.a(libc_a-nano-vfprintf_i.o)
                0x0800580c                _printf_common
 *fill*         0x080058e6        0x2 
 .text._printf_i
                0x080058e8      0x23c /opt/st/stm32cubeide_1.18.1/plugins/com.st.stm32cube.ide.mcu.externaltools.gnu-tools-for-stm32.13.3.rel1.linux64_1.0.0.202410170706/tools/bin/../lib/gcc/arm-none-eabi/13.3.1/../../../../arm-none-eabi/lib/thumb/v7e-m+fp/hard/libc_nano.a(libc_a-nano-vfprintf_i.o)
                0x080058e8                _printf_i
 .text.__sflush_r
                0x08005b24      0x108 /opt/st/stm32cubeide_1.18.1/plugins/com.st.stm32cube.ide.mcu.externaltools.gnu-tools-for-stm32.13.3.rel1.linux64_1.0.0.202410170706/tools/bin/../lib/gcc/arm-none-eabi/13.3.1/../../../../arm-none-eabi/lib/thumb/v7e-m+fp/hard/libc_nano.a(libc_a-fflush.o)
                0x08005b24                __sflush_r
 .text._fflush_r
                0x08005c2c       0x50 /opt/st/stm32cubeide_1.18.1/plugins/com.st.stm32cube.ide.mcu.externaltools.gnu-tools-for-stm32.13.3.rel1.linux64_1.0.0.202410170706/tools/bin/../lib/gcc/arm-none-eabi/13.3.1/../../../../arm-none-eabi/lib/thumb/v7e-m+fp/hard/libc_nano.a(libc_a-fflush.o)
                0x08005c2c                _fflush_r
 .text.__swhatbuf_r
                0x08005c7c       0x4c /opt/st/stm32cubeide_1.18.1/plugins/com.st.stm32cube.ide.mcu.externaltools.gnu-tools-for-stm32.13.3.rel1.linux64_1.0.0.202410170706/tools/bin/../lib/gcc/arm-none-eabi/13.3.1/../../../../arm-none-eabi/lib/thumb/v7e-m+fp/hard/libc_nano.a(libc_a-makebuf.o)
                0x08005c7c                __swhatbuf_r
 .text.__smakebuf_r
                0x08005cc8       0x78 /opt/st/stm32cubeide_1.18.1/plugins/com.st.stm32cube.ide.mcu.externaltools.gnu-tools-for-stm32.13.3.rel1.linux64_1.0.0.202410170706/tools/bin/../lib/gcc/arm-none-eabi/13.3.1/../../../../arm-none-eabi/lib/thumb/v7e-m+fp/hard/libc_nano.a(libc_a-makebuf.o)
                0x08005cc8                __smakebuf_r
 .text._fstat_r
                0x08005d40       0x24 /opt/st/stm32cubeide_1.18.1/plugins/com.st.stm32cube.ide.mcu.externaltools.gnu-tools-for-stm32.13.3.rel1.linux64_1.0.0.202410170706/tools/bin/../lib/gcc/arm-none-eabi/13.3.1/../../../../arm-none-eabi/lib/thumb/v7e-m+fp/hard/libc_nano.a(libc_a-fstatr.o)
                0x08005d40                _fstat_r
 .text._isatty_r
                0x08005d64       0x20 /opt/st/stm32cubeide_1.18.1/plugins/com.st.stm32cube.ide.mcu.externaltools.gnu-tools-for-stm32.13.3.rel1.linux64_1.0.0.202410170706/tools/bin/../lib/gcc/arm-none-eabi/13.3.1/../../../../arm-none-eabi/lib/thumb/v7e-m+fp/hard/libc_nano.a(libc_a-isattyr.o)
                0x08005d64                _isatty_r
 .text._sbrk_r  0x08005d84       0x20 /opt/st/stm32cubeide_1.18.1/plugins/com.st.stm32cube.ide.mcu.externaltools.gnu-tools-for-stm32.13.3.rel1.linux64_1.0.0.202410170706/tools/bin/../lib/gcc/arm-none-eabi/13.3.1/../../../../arm-none-eabi/lib/thumb/v7e-m+fp/hard/libc_nano.a(libc_a-sbrkr.o)
                0x08005d84                _sbrk_r
 *(.glue_7)
 .glue_7        0x08005da4        0x0 linker stubs
 *(.glue_7t)
 .glue_7t       0x08005da4        0x0 linker stubs
 *(.eh_frame)
 .eh_frame      0x08005da4        0x0 /opt/st/stm32cubeide_1.18.1/plugins/com.st.stm32cube.ide.mcu.externaltools.gnu-tools-for-stm32.13.3.rel1.linux64_1.0.0.202410170706/tools/bin/../lib/gcc/arm-none-eabi/13.3.1/thumb/v7e-m+fp/hard/crtbegin.o
 *(.init)
 .init          0x08005da4        0x4 /opt/st/stm32cubeide_1.18.1/plugins/com.st.stm32cube.ide.mcu.externaltools.gnu-tools-for-stm32.13.3.rel1.linux64_1.0.0.202410170706/tools/bin/../lib/gcc/arm-none-eabi/13.3.1/thumb/v7e-m+fp/hard/crti.o
                0x08005da4                _init
 .init          0x08005da8        0x8 /opt/st/stm32cubeide_1.18.1/plugins/com.st.stm32cube.ide.mcu.externaltools.gnu-tools-for-stm32.13.3.rel1.linux64_1.0.0.202410170706/tools/bin/../lib/gcc/arm-none-eabi/13.3.1/thumb/v7e-m+fp/hard/crtn.o
 *(.fini)
 .fini          0x08005db0        0x4 /opt/st/stm32cubeide_1.18.1/plugins/com.st.stm32cube.ide.mcu.externaltools.gnu-tools-for-stm32.13.3.rel1.linux64_1.0.0.202410170706/tools/bin/../lib/gcc/arm-none-eabi/13.3.1/thumb/v7e-m+fp/hard/crti.o
                0x08005db0                _fini
 .fini          0x08005db4        0x8 /opt/st/stm32cubeide_1.18.1/plugins/com.st.stm32cube.ide.mcu.externaltools.gnu-tools-for-stm32.13.3.rel1.linux64_1.0.0.202410170706/tools/bin/../lib/gcc/arm-none-eabi/13.3.1/thumb/v7e-m+fp/hard/crtn.o
                0x08005dbc                        . = ALIGN (0x4)
                0x08005dbc                        _etext = .

.vfp11_veneer   0x08005dbc        0x0
 .vfp11_veneer  0x08005dbc        0x0 linker stubs

.v4_bx          0x08005dbc        0x0
 .v4_bx         0x08005dbc        0x0 linker stubs

.iplt           0x08005dbc        0x0
 .iplt          0x08005dbc        0x0 /opt/st/stm32cubeide_1.18.1/plugins/com.st.stm32cube.ide.mcu.externaltools.gnu-tools-for-stm32.13.3.rel1.linux64_1.0.0.202410170706/tools/bin/../lib/gcc/arm-none-eabi/13.3.1/thumb/v7e-m+fp/hard/crtbegin.o

.rodata         0x08005dbc      0x47c
                0x08005dbc                        . = ALIGN (0x4)
 *(.rodata)
 *(.rodata*)
 .rodata.check_app_vector_table.str1.4
                0x08005dbc      0x42e ./Core/Src/main.o
                                0x2e5 (size before relaxing)
 .rodata.check_firmware_upgrade_btn.str1.4
                0x080061ea       0xa1 ./Core/Src/main.o
 .rodata.main.str1.4
                0x080061ea        0xf ./Core/Src/main.o
 *fill*         0x080061ea        0x2 
 .rodata.APBPrescTable
                0x080061ec        0x8 ./Core/Src/system_stm32f4xx.o
                0x080061ec                APBPrescTable
 .rodata.AHBPrescTable
                0x080061f4       0x10 ./Core/Src/system_stm32f4xx.o
                0x080061f4                AHBPrescTable
 .rodata.USBD_FS_ProductStrDescriptor.str1.4
                0x08006204       0x1f ./USB_DEVICE/App/usbd_desc.o
 .rodata.USBD_FS_ManufacturerStrDescriptor.str1.4
                0x08006204       0x13 ./USB_DEVICE/App/usbd_desc.o
 .rodata.USBD_FS_ConfigStrDescriptor.str1.4
                0x08006204        0xb ./USB_DEVICE/App/usbd_desc.o
 .rodata.USBD_FS_InterfaceStrDescriptor.str1.4
                0x08006204        0xe ./USB_DEVICE/App/usbd_desc.o
 .rodata.str1.4
                0x08006204       0x42 ./USB_DEVICE/App/usbd_dfu_if.o
 .rodata._vfprintf_r.str1.1
                0x08006204       0x33 /opt/st/stm32cubeide_1.18.1/plugins/com.st.stm32cube.ide.mcu.externaltools.gnu-tools-for-stm32.13.3.rel1.linux64_1.0.0.202410170706/tools/bin/../lib/gcc/arm-none-eabi/13.3.1/../../../../arm-none-eabi/lib/thumb/v7e-m+fp/hard/libc_nano.a(libc_a-nano-vfprintf.o)
                                 0x11 (size before relaxing)
 .rodata._printf_i.str1.1
                0x08006237       0x22 /opt/st/stm32cubeide_1.18.1/plugins/com.st.stm32cube.ide.mcu.externaltools.gnu-tools-for-stm32.13.3.rel1.linux64_1.0.0.202410170706/tools/bin/../lib/gcc/arm-none-eabi/13.3.1/../../../../arm-none-eabi/lib/thumb/v7e-m+fp/hard/libc_nano.a(libc_a-nano-vfprintf_i.o)
                0x0800625c                        . = ALIGN (0x4)
 *fill*         0x08006237        0x1 

.ARM.extab      0x08006238        0x0
                0x08006238                        . = ALIGN (0x4)
 *(.ARM.extab* .gnu.linkonce.armextab.*)
                0x08006238                        . = ALIGN (0x4)

.ARM            0x08006238        0x8
                0x08006238                        . = ALIGN (0x4)
                0x08006238                        __exidx_start = .
 *(.ARM.exidx*)
 .ARM.exidx     0x08006238        0x8 /opt/st/stm32cubeide_1.18.1/plugins/com.st.stm32cube.ide.mcu.externaltools.gnu-tools-for-stm32.13.3.rel1.linux64_1.0.0.202410170706/tools/bin/../lib/gcc/arm-none-eabi/13.3.1/../../../../arm-none-eabi/lib/thumb/v7e-m+fp/hard/libc_nano.a(libc_a-memchr.o)
 .ARM.exidx     0x08006240        0x0 /opt/st/stm32cubeide_1.18.1/plugins/com.st.stm32cube.ide.mcu.externaltools.gnu-tools-for-stm32.13.3.rel1.linux64_1.0.0.202410170706/tools/bin/../lib/gcc/arm-none-eabi/13.3.1/thumb/v7e-m+fp/hard/libgcc.a(_udivmoddi4.o)
                                  0x8 (size before relaxing)
                0x08006240                        __exidx_end = .
                0x08006240                        . = ALIGN (0x4)

.preinit_array  0x08006240        0x0
                0x08006240                        . = ALIGN (0x4)
                0x08006240                        PROVIDE (__preinit_array_start = .)
 *(.preinit_array*)
                0x08006240                        PROVIDE (__preinit_array_end = .)
                0x08006240                        . = ALIGN (0x4)

.init_array     0x08006240        0x4
                0x08006240                        . = ALIGN (0x4)
                0x08006240                        PROVIDE (__init_array_start = .)
 *(SORT_BY_NAME(.init_array.*))
 *(.init_array*)
 .init_array    0x08006240        0x4 /opt/st/stm32cubeide_1.18.1/plugins/com.st.stm32cube.ide.mcu.externaltools.gnu-tools-for-stm32.13.3.rel1.linux64_1.0.0.202410170706/tools/bin/../lib/gcc/arm-none-eabi/13.3.1/thumb/v7e-m+fp/hard/crtbegin.o
                0x08006244                        PROVIDE (__init_array_end = .)
                0x08006244                        . = ALIGN (0x4)

.fini_array     0x08006244        0x4
                0x08006244                        . = ALIGN (0x4)
                [!provide]                        PROVIDE (__fini_array_start = .)
 *(SORT_BY_NAME(.fini_array.*))
 *(.fini_array*)
 .fini_array    0x08006244        0x4 /opt/st/stm32cubeide_1.18.1/plugins/com.st.stm32cube.ide.mcu.externaltools.gnu-tools-for-stm32.13.3.rel1.linux64_1.0.0.202410170706/tools/bin/../lib/gcc/arm-none-eabi/13.3.1/thumb/v7e-m+fp/hard/crtbegin.o
                [!provide]                        PROVIDE (__fini_array_end = .)
                0x08006248                        . = ALIGN (0x4)
                0x08006248                        _sidata = LOADADDR (.data)

.rel.dyn        0x08006248        0x0
 .rel.iplt      0x08006248        0x0 /opt/st/stm32cubeide_1.18.1/plugins/com.st.stm32cube.ide.mcu.externaltools.gnu-tools-for-stm32.13.3.rel1.linux64_1.0.0.202410170706/tools/bin/../lib/gcc/arm-none-eabi/13.3.1/thumb/v7e-m+fp/hard/crtbegin.o

.data           0x20000008      0x138 load address 0x08006248
                0x20000008                        . = ALIGN (0x4)
                0x20000008                        _sdata = .
 *(.data)
 *(.data*)
 .data.SystemCoreClock
                0x20000008        0x4 ./Core/Src/system_stm32f4xx.o
                0x20000008                SystemCoreClock
 .data.uwTickFreq
                0x2000000c        0x1 ./Drivers/STM32F4xx_HAL_Driver/stm32f4xx_hal.o
                0x2000000c                uwTickFreq
 *fill*         0x2000000d        0x3 
 .data.uwTickPrio
                0x20000010        0x4 ./Drivers/STM32F4xx_HAL_Driver/stm32f4xx_hal.o
                0x20000010                uwTickPrio
 .data.USBD_DFU_DeviceQualifierDesc
                0x20000014        0xa ./Middlewares/USB_Device_Library/usbd_dfu.o
 *fill*         0x2000001e        0x2 
 .data.USBD_DFU_CfgDesc
                0x20000020       0x1b ./Middlewares/USB_Device_Library/usbd_dfu.o
 *fill*         0x2000003b        0x1 
 .data.USBD_DFU
                0x2000003c       0x3c ./Middlewares/USB_Device_Library/usbd_dfu.o
                0x2000003c                USBD_DFU
 .data.USBD_StringSerial
                0x20000078       0x1a ./USB_DEVICE/App/usbd_desc.o
                0x20000078                USBD_StringSerial
 *fill*         0x20000092        0x2 
 .data.USBD_LangIDDesc
                0x20000094        0x4 ./USB_DEVICE/App/usbd_desc.o
                0x20000094                USBD_LangIDDesc
 .data.USBD_FS_DeviceDesc
                0x20000098       0x12 ./USB_DEVICE/App/usbd_desc.o
                0x20000098                USBD_FS_DeviceDesc
 *fill*         0x200000aa        0x2 
 .data.FS_Desc  0x200000ac       0x1c ./USB_DEVICE/App/usbd_desc.o
                0x200000ac                FS_Desc
 .data.USBD_DFU_fops_FS
                0x200000c8       0x1c ./USB_DEVICE/App/usbd_dfu_if.o
                0x200000c8                USBD_DFU_fops_FS
 .data.__sglue  0x200000e4        0xc /opt/st/stm32cubeide_1.18.1/plugins/com.st.stm32cube.ide.mcu.externaltools.gnu-tools-for-stm32.13.3.rel1.linux64_1.0.0.202410170706/tools/bin/../lib/gcc/arm-none-eabi/13.3.1/../../../../arm-none-eabi/lib/thumb/v7e-m+fp/hard/libc_nano.a(libc_a-findfp.o)
                0x200000e4                __sglue
 .data._impure_ptr
                0x200000f0        0x4 /opt/st/stm32cubeide_1.18.1/plugins/com.st.stm32cube.ide.mcu.externaltools.gnu-tools-for-stm32.13.3.rel1.linux64_1.0.0.202410170706/tools/bin/../lib/gcc/arm-none-eabi/13.3.1/../../../../arm-none-eabi/lib/thumb/v7e-m+fp/hard/libc_nano.a(libc_a-impure.o)
                0x200000f0                _impure_ptr
 .data._impure_data
                0x200000f4       0x4c /opt/st/stm32cubeide_1.18.1/plugins/com.st.stm32cube.ide.mcu.externaltools.gnu-tools-for-stm32.13.3.rel1.linux64_1.0.0.202410170706/tools/bin/../lib/gcc/arm-none-eabi/13.3.1/../../../../arm-none-eabi/lib/thumb/v7e-m+fp/hard/libc_nano.a(libc_a-impure.o)
                0x200000f4                _impure_data
 *(.RamFunc)
 *(.RamFunc*)
                0x20000140                        . = ALIGN (0x4)
                0x20000140                        _edata = .

.igot.plt       0x20000140        0x0 load address 0x08006380
 .igot.plt      0x20000140        0x0 /opt/st/stm32cubeide_1.18.1/plugins/com.st.stm32cube.ide.mcu.externaltools.gnu-tools-for-stm32.13.3.rel1.linux64_1.0.0.202410170706/tools/bin/../lib/gcc/arm-none-eabi/13.3.1/thumb/v7e-m+fp/hard/crtbegin.o
                0x20000140                        . = ALIGN (0x4)

.bss            0x20000140     0x10c4 load address 0x08006380
                0x20000140                        _sbss = .
                0x20000140                        __bss_start__ = _sbss
 *(.bss)
 .bss           0x20000140       0x1c /opt/st/stm32cubeide_1.18.1/plugins/com.st.stm32cube.ide.mcu.externaltools.gnu-tools-for-stm32.13.3.rel1.linux64_1.0.0.202410170706/tools/bin/../lib/gcc/arm-none-eabi/13.3.1/thumb/v7e-m+fp/hard/crtbegin.o
 *(.bss*)
 .bss._blink_count.0
                0x2000015c        0x1 ./Core/Src/main.o
 *fill*         0x2000015d        0x3 
 .bss.__sbrk_heap_end
                0x20000160        0x4 ./Core/Src/sysmem.o
 .bss.huart1    0x20000164       0x48 ./Core/Src/usart.o
                0x20000164                huart1
 .bss.uwTick    0x200001ac        0x4 ./Drivers/STM32F4xx_HAL_Driver/stm32f4xx_hal.o
                0x200001ac                uwTick
 .bss.pFlash    0x200001b0       0x20 ./Drivers/STM32F4xx_HAL_Driver/stm32f4xx_hal_flash.o
                0x200001b0                pFlash
 .bss.cfgidx.0  0x200001d0        0x1 ./Middlewares/USB_Device_Library/usbd_ctlreq.o
 *fill*         0x200001d1        0x3 
 .bss.USBD_StrDesc.0
                0x200001d4       0xff ./Middlewares/USB_Device_Library/usbd_dfu.o
 *fill*         0x200002d3        0x1 
 .bss.hUsbDeviceFS
                0x200002d4      0x2dc ./USB_DEVICE/App/usb_device.o
                0x200002d4                hUsbDeviceFS
 .bss.USBD_StrDesc
                0x200005b0      0x200 ./USB_DEVICE/App/usbd_desc.o
                0x200005b0                USBD_StrDesc
 .bss.mem.0     0x200007b0      0x424 ./USB_DEVICE/Target/usbd_conf.o
 .bss.hpcd_USB_OTG_FS
                0x20000bd4      0x4e4 ./USB_DEVICE/Target/usbd_conf.o
                0x20000bd4                hpcd_USB_OTG_FS
 .bss.__sf      0x200010b8      0x138 /opt/st/stm32cubeide_1.18.1/plugins/com.st.stm32cube.ide.mcu.externaltools.gnu-tools-for-stm32.13.3.rel1.linux64_1.0.0.202410170706/tools/bin/../lib/gcc/arm-none-eabi/13.3.1/../../../../arm-none-eabi/lib/thumb/v7e-m+fp/hard/libc_nano.a(libc_a-findfp.o)
                0x200010b8                __sf
 .bss.__stdio_exit_handler
                0x200011f0        0x4 /opt/st/stm32cubeide_1.18.1/plugins/com.st.stm32cube.ide.mcu.externaltools.gnu-tools-for-stm32.13.3.rel1.linux64_1.0.0.202410170706/tools/bin/../lib/gcc/arm-none-eabi/13.3.1/../../../../arm-none-eabi/lib/thumb/v7e-m+fp/hard/libc_nano.a(libc_a-findfp.o)
                0x200011f0                __stdio_exit_handler
 .bss.errno     0x200011f4        0x4 /opt/st/stm32cubeide_1.18.1/plugins/com.st.stm32cube.ide.mcu.externaltools.gnu-tools-for-stm32.13.3.rel1.linux64_1.0.0.202410170706/tools/bin/../lib/gcc/arm-none-eabi/13.3.1/../../../../arm-none-eabi/lib/thumb/v7e-m+fp/hard/libc_nano.a(libc_a-reent.o)
                0x200011f4                errno
 .bss.__lock___malloc_recursive_mutex
                0x200011f8        0x1 /opt/st/stm32cubeide_1.18.1/plugins/com.st.stm32cube.ide.mcu.externaltools.gnu-tools-for-stm32.13.3.rel1.linux64_1.0.0.202410170706/tools/bin/../lib/gcc/arm-none-eabi/13.3.1/../../../../arm-none-eabi/lib/thumb/v7e-m+fp/hard/libc_nano.a(libc_a-lock.o)
                0x200011f8                __lock___malloc_recursive_mutex
 .bss.__lock___sfp_recursive_mutex
                0x200011f9        0x1 /opt/st/stm32cubeide_1.18.1/plugins/com.st.stm32cube.ide.mcu.externaltools.gnu-tools-for-stm32.13.3.rel1.linux64_1.0.0.202410170706/tools/bin/../lib/gcc/arm-none-eabi/13.3.1/../../../../arm-none-eabi/lib/thumb/v7e-m+fp/hard/libc_nano.a(libc_a-lock.o)
                0x200011f9                __lock___sfp_recursive_mutex
 *fill*         0x200011fa        0x2 
 .bss.__malloc_sbrk_start
                0x200011fc        0x4 /opt/st/stm32cubeide_1.18.1/plugins/com.st.stm32cube.ide.mcu.externaltools.gnu-tools-for-stm32.13.3.rel1.linux64_1.0.0.202410170706/tools/bin/../lib/gcc/arm-none-eabi/13.3.1/../../../../arm-none-eabi/lib/thumb/v7e-m+fp/hard/libc_nano.a(libc_a-mallocr.o)
                0x200011fc                __malloc_sbrk_start
 .bss.__malloc_free_list
                0x20001200        0x4 /opt/st/stm32cubeide_1.18.1/plugins/com.st.stm32cube.ide.mcu.externaltools.gnu-tools-for-stm32.13.3.rel1.linux64_1.0.0.202410170706/tools/bin/../lib/gcc/arm-none-eabi/13.3.1/../../../../arm-none-eabi/lib/thumb/v7e-m+fp/hard/libc_nano.a(libc_a-mallocr.o)
                0x20001200                __malloc_free_list
 *(COMMON)
                0x20001204                        . = ALIGN (0x4)
                0x20001204                        _ebss = .
                0x20001204                        __bss_end__ = _ebss

._user_heap_stack
                0x20001204      0x604 load address 0x08006380
                0x20001208                        . = ALIGN (0x8)
 *fill*         0x20001204        0x4 
                [!provide]                        PROVIDE (end = .)
                0x20001208                        PROVIDE (_end = .)
                0x20001408                        . = (. + _Min_Heap_Size)
 *fill*         0x20001208      0x200 
                0x20001808                        . = (. + _Min_Stack_Size)
 *fill*         0x20001408      0x400 
                0x20001808                        . = ALIGN (0x8)

/DISCARD/
 libc.a(*)
 libm.a(*)
 libgcc.a(*)

.ARM.attributes
                0x00000000       0x30
 *(.ARM.attributes)
 .ARM.attributes
                0x00000000       0x22 /opt/st/stm32cubeide_1.18.1/plugins/com.st.stm32cube.ide.mcu.externaltools.gnu-tools-for-stm32.13.3.rel1.linux64_1.0.0.202410170706/tools/bin/../lib/gcc/arm-none-eabi/13.3.1/thumb/v7e-m+fp/hard/crti.o
 .ARM.attributes
                0x00000022       0x34 /opt/st/stm32cubeide_1.18.1/plugins/com.st.stm32cube.ide.mcu.externaltools.gnu-tools-for-stm32.13.3.rel1.linux64_1.0.0.202410170706/tools/bin/../lib/gcc/arm-none-eabi/13.3.1/thumb/v7e-m+fp/hard/crtbegin.o
 .ARM.attributes
                0x00000056       0x34 ./Core/Src/gpio.o
 .ARM.attributes
                0x0000008a       0x34 ./Core/Src/main.o
 .ARM.attributes
                0x000000be       0x34 ./Core/Src/stm32f4xx_hal_msp.o
 .ARM.attributes
                0x000000f2       0x34 ./Core/Src/stm32f4xx_it.o
 .ARM.attributes
                0x00000126       0x34 ./Core/Src/syscalls.o
 .ARM.attributes
                0x0000015a       0x34 ./Core/Src/sysmem.o
 .ARM.attributes
                0x0000018e       0x34 ./Core/Src/system_stm32f4xx.o
 .ARM.attributes
                0x000001c2       0x34 ./Core/Src/usart.o
 .ARM.attributes
                0x000001f6       0x21 ./Core/Startup/startup_stm32f411ceux.o
 .ARM.attributes
                0x00000217       0x34 ./Drivers/STM32F4xx_HAL_Driver/stm32f4xx_hal.o
 .ARM.attributes
                0x0000024b       0x34 ./Drivers/STM32F4xx_HAL_Driver/stm32f4xx_hal_cortex.o
 .ARM.attributes
                0x0000027f       0x34 ./Drivers/STM32F4xx_HAL_Driver/stm32f4xx_hal_flash.o
 .ARM.attributes
                0x000002b3       0x34 ./Drivers/STM32F4xx_HAL_Driver/stm32f4xx_hal_flash_ex.o
 .ARM.attributes
                0x000002e7       0x34 ./Drivers/STM32F4xx_HAL_Driver/stm32f4xx_hal_gpio.o
 .ARM.attributes
                0x0000031b       0x34 ./Drivers/STM32F4xx_HAL_Driver/stm32f4xx_hal_pcd.o
 .ARM.attributes
                0x0000034f       0x34 ./Drivers/STM32F4xx_HAL_Driver/stm32f4xx_hal_pcd_ex.o
 .ARM.attributes
                0x00000383       0x34 ./Drivers/STM32F4xx_HAL_Driver/stm32f4xx_hal_rcc.o
 .ARM.attributes
                0x000003b7       0x34 ./Drivers/STM32F4xx_HAL_Driver/stm32f4xx_hal_uart.o
 .ARM.attributes
                0x000003eb       0x34 ./Drivers/STM32F4xx_HAL_Driver/stm32f4xx_ll_usb.o
 .ARM.attributes
                0x0000041f       0x34 ./Middlewares/USB_Device_Library/usbd_core.o
 .ARM.attributes
                0x00000453       0x34 ./Middlewares/USB_Device_Library/usbd_ctlreq.o
 .ARM.attributes
                0x00000487       0x34 ./Middlewares/USB_Device_Library/usbd_dfu.o
 .ARM.attributes
                0x000004bb       0x34 ./Middlewares/USB_Device_Library/usbd_ioreq.o
 .ARM.attributes
                0x000004ef       0x34 ./USB_DEVICE/App/usb_device.o
 .ARM.attributes
                0x00000523       0x34 ./USB_DEVICE/App/usbd_desc.o
 .ARM.attributes
                0x00000557       0x34 ./USB_DEVICE/App/usbd_dfu_if.o
 .ARM.attributes
                0x0000058b       0x34 ./USB_DEVICE/Target/usbd_conf.o
 .ARM.attributes
                0x000005bf       0x34 /opt/st/stm32cubeide_1.18.1/plugins/com.st.stm32cube.ide.mcu.externaltools.gnu-tools-for-stm32.13.3.rel1.linux64_1.0.0.202410170706/tools/bin/../lib/gcc/arm-none-eabi/13.3.1/../../../../arm-none-eabi/lib/thumb/v7e-m+fp/hard/libc_nano.a(libc_a-findfp.o)
 .ARM.attributes
                0x000005f3       0x34 /opt/st/stm32cubeide_1.18.1/plugins/com.st.stm32cube.ide.mcu.externaltools.gnu-tools-for-stm32.13.3.rel1.linux64_1.0.0.202410170706/tools/bin/../lib/gcc/arm-none-eabi/13.3.1/../../../../arm-none-eabi/lib/thumb/v7e-m+fp/hard/libc_nano.a(libc_a-fwalk.o)
 .ARM.attributes
                0x00000627       0x34 /opt/st/stm32cubeide_1.18.1/plugins/com.st.stm32cube.ide.mcu.externaltools.gnu-tools-for-stm32.13.3.rel1.linux64_1.0.0.202410170706/tools/bin/../lib/gcc/arm-none-eabi/13.3.1/../../../../arm-none-eabi/lib/thumb/v7e-m+fp/hard/libc_nano.a(libc_a-printf.o)
 .ARM.attributes
                0x0000065b       0x34 /opt/st/stm32cubeide_1.18.1/plugins/com.st.stm32cube.ide.mcu.externaltools.gnu-tools-for-stm32.13.3.rel1.linux64_1.0.0.202410170706/tools/bin/../lib/gcc/arm-none-eabi/13.3.1/../../../../arm-none-eabi/lib/thumb/v7e-m+fp/hard/libc_nano.a(libc_a-puts.o)
 .ARM.attributes
                0x0000068f       0x34 /opt/st/stm32cubeide_1.18.1/plugins/com.st.stm32cube.ide.mcu.externaltools.gnu-tools-for-stm32.13.3.rel1.linux64_1.0.0.202410170706/tools/bin/../lib/gcc/arm-none-eabi/13.3.1/../../../../arm-none-eabi/lib/thumb/v7e-m+fp/hard/libc_nano.a(libc_a-stdio.o)
 .ARM.attributes
                0x000006c3       0x34 /opt/st/stm32cubeide_1.18.1/plugins/com.st.stm32cube.ide.mcu.externaltools.gnu-tools-for-stm32.13.3.rel1.linux64_1.0.0.202410170706/tools/bin/../lib/gcc/arm-none-eabi/13.3.1/../../../../arm-none-eabi/lib/thumb/v7e-m+fp/hard/libc_nano.a(libc_a-wbuf.o)
 .ARM.attributes
                0x000006f7       0x34 /opt/st/stm32cubeide_1.18.1/plugins/com.st.stm32cube.ide.mcu.externaltools.gnu-tools-for-stm32.13.3.rel1.linux64_1.0.0.202410170706/tools/bin/../lib/gcc/arm-none-eabi/13.3.1/../../../../arm-none-eabi/lib/thumb/v7e-m+fp/hard/libc_nano.a(libc_a-wsetup.o)
 .ARM.attributes
                0x0000072b       0x34 /opt/st/stm32cubeide_1.18.1/plugins/com.st.stm32cube.ide.mcu.externaltools.gnu-tools-for-stm32.13.3.rel1.linux64_1.0.0.202410170706/tools/bin/../lib/gcc/arm-none-eabi/13.3.1/../../../../arm-none-eabi/lib/thumb/v7e-m+fp/hard/libc_nano.a(libc_a-memset.o)
 .ARM.attributes
                0x0000075f       0x34 /opt/st/stm32cubeide_1.18.1/plugins/com.st.stm32cube.ide.mcu.externaltools.gnu-tools-for-stm32.13.3.rel1.linux64_1.0.0.202410170706/tools/bin/../lib/gcc/arm-none-eabi/13.3.1/../../../../arm-none-eabi/lib/thumb/v7e-m+fp/hard/libc_nano.a(libc_a-closer.o)
 .ARM.attributes
                0x00000793       0x34 /opt/st/stm32cubeide_1.18.1/plugins/com.st.stm32cube.ide.mcu.externaltools.gnu-tools-for-stm32.13.3.rel1.linux64_1.0.0.202410170706/tools/bin/../lib/gcc/arm-none-eabi/13.3.1/../../../../arm-none-eabi/lib/thumb/v7e-m+fp/hard/libc_nano.a(libc_a-reent.o)
 .ARM.attributes
                0x000007c7       0x34 /opt/st/stm32cubeide_1.18.1/plugins/com.st.stm32cube.ide.mcu.externaltools.gnu-tools-for-stm32.13.3.rel1.linux64_1.0.0.202410170706/tools/bin/../lib/gcc/arm-none-eabi/13.3.1/../../../../arm-none-eabi/lib/thumb/v7e-m+fp/hard/libc_nano.a(libc_a-impure.o)
 .ARM.attributes
                0x000007fb       0x34 /opt/st/stm32cubeide_1.18.1/plugins/com.st.stm32cube.ide.mcu.externaltools.gnu-tools-for-stm32.13.3.rel1.linux64_1.0.0.202410170706/tools/bin/../lib/gcc/arm-none-eabi/13.3.1/../../../../arm-none-eabi/lib/thumb/v7e-m+fp/hard/libc_nano.a(libc_a-lseekr.o)
 .ARM.attributes
                0x0000082f       0x34 /opt/st/stm32cubeide_1.18.1/plugins/com.st.stm32cube.ide.mcu.externaltools.gnu-tools-for-stm32.13.3.rel1.linux64_1.0.0.202410170706/tools/bin/../lib/gcc/arm-none-eabi/13.3.1/../../../../arm-none-eabi/lib/thumb/v7e-m+fp/hard/libc_nano.a(libc_a-readr.o)
 .ARM.attributes
                0x00000863       0x34 /opt/st/stm32cubeide_1.18.1/plugins/com.st.stm32cube.ide.mcu.externaltools.gnu-tools-for-stm32.13.3.rel1.linux64_1.0.0.202410170706/tools/bin/../lib/gcc/arm-none-eabi/13.3.1/../../../../arm-none-eabi/lib/thumb/v7e-m+fp/hard/libc_nano.a(libc_a-writer.o)
 .ARM.attributes
                0x00000897       0x34 /opt/st/stm32cubeide_1.18.1/plugins/com.st.stm32cube.ide.mcu.externaltools.gnu-tools-for-stm32.13.3.rel1.linux64_1.0.0.202410170706/tools/bin/../lib/gcc/arm-none-eabi/13.3.1/../../../../arm-none-eabi/lib/thumb/v7e-m+fp/hard/libc_nano.a(libc_a-errno.o)
 .ARM.attributes
                0x000008cb       0x34 /opt/st/stm32cubeide_1.18.1/plugins/com.st.stm32cube.ide.mcu.externaltools.gnu-tools-for-stm32.13.3.rel1.linux64_1.0.0.202410170706/tools/bin/../lib/gcc/arm-none-eabi/13.3.1/../../../../arm-none-eabi/lib/thumb/v7e-m+fp/hard/libc_nano.a(libc_a-init.o)
 .ARM.attributes
                0x000008ff       0x34 /opt/st/stm32cubeide_1.18.1/plugins/com.st.stm32cube.ide.mcu.externaltools.gnu-tools-for-stm32.13.3.rel1.linux64_1.0.0.202410170706/tools/bin/../lib/gcc/arm-none-eabi/13.3.1/../../../../arm-none-eabi/lib/thumb/v7e-m+fp/hard/libc_nano.a(libc_a-lock.o)
 .ARM.attributes
                0x00000933       0x34 /opt/st/stm32cubeide_1.18.1/plugins/com.st.stm32cube.ide.mcu.externaltools.gnu-tools-for-stm32.13.3.rel1.linux64_1.0.0.202410170706/tools/bin/../lib/gcc/arm-none-eabi/13.3.1/../../../../arm-none-eabi/lib/thumb/v7e-m+fp/hard/libc_nano.a(libc_a-freer.o)
 .ARM.attributes
                0x00000967       0x34 /opt/st/stm32cubeide_1.18.1/plugins/com.st.stm32cube.ide.mcu.externaltools.gnu-tools-for-stm32.13.3.rel1.linux64_1.0.0.202410170706/tools/bin/../lib/gcc/arm-none-eabi/13.3.1/../../../../arm-none-eabi/lib/thumb/v7e-m+fp/hard/libc_nano.a(libc_a-mallocr.o)
 .ARM.attributes
                0x0000099b       0x34 /opt/st/stm32cubeide_1.18.1/plugins/com.st.stm32cube.ide.mcu.externaltools.gnu-tools-for-stm32.13.3.rel1.linux64_1.0.0.202410170706/tools/bin/../lib/gcc/arm-none-eabi/13.3.1/../../../../arm-none-eabi/lib/thumb/v7e-m+fp/hard/libc_nano.a(libc_a-mlock.o)
 .ARM.attributes
                0x000009cf       0x34 /opt/st/stm32cubeide_1.18.1/plugins/com.st.stm32cube.ide.mcu.externaltools.gnu-tools-for-stm32.13.3.rel1.linux64_1.0.0.202410170706/tools/bin/../lib/gcc/arm-none-eabi/13.3.1/../../../../arm-none-eabi/lib/thumb/v7e-m+fp/hard/libc_nano.a(libc_a-nano-vfprintf.o)
 .ARM.attributes
                0x00000a03       0x34 /opt/st/stm32cubeide_1.18.1/plugins/com.st.stm32cube.ide.mcu.externaltools.gnu-tools-for-stm32.13.3.rel1.linux64_1.0.0.202410170706/tools/bin/../lib/gcc/arm-none-eabi/13.3.1/../../../../arm-none-eabi/lib/thumb/v7e-m+fp/hard/libc_nano.a(libc_a-nano-vfprintf_i.o)
 .ARM.attributes
                0x00000a37       0x34 /opt/st/stm32cubeide_1.18.1/plugins/com.st.stm32cube.ide.mcu.externaltools.gnu-tools-for-stm32.13.3.rel1.linux64_1.0.0.202410170706/tools/bin/../lib/gcc/arm-none-eabi/13.3.1/../../../../arm-none-eabi/lib/thumb/v7e-m+fp/hard/libc_nano.a(libc_a-fflush.o)
 .ARM.attributes
                0x00000a6b       0x34 /opt/st/stm32cubeide_1.18.1/plugins/com.st.stm32cube.ide.mcu.externaltools.gnu-tools-for-stm32.13.3.rel1.linux64_1.0.0.202410170706/tools/bin/../lib/gcc/arm-none-eabi/13.3.1/../../../../arm-none-eabi/lib/thumb/v7e-m+fp/hard/libc_nano.a(libc_a-makebuf.o)
 .ARM.attributes
                0x00000a9f       0x34 /opt/st/stm32cubeide_1.18.1/plugins/com.st.stm32cube.ide.mcu.externaltools.gnu-tools-for-stm32.13.3.rel1.linux64_1.0.0.202410170706/tools/bin/../lib/gcc/arm-none-eabi/13.3.1/../../../../arm-none-eabi/lib/thumb/v7e-m+fp/hard/libc_nano.a(libc_a-fstatr.o)
 .ARM.attributes
                0x00000ad3       0x34 /opt/st/stm32cubeide_1.18.1/plugins/com.st.stm32cube.ide.mcu.externaltools.gnu-tools-for-stm32.13.3.rel1.linux64_1.0.0.202410170706/tools/bin/../lib/gcc/arm-none-eabi/13.3.1/../../../../arm-none-eabi/lib/thumb/v7e-m+fp/hard/libc_nano.a(libc_a-isattyr.o)
 .ARM.attributes
                0x00000b07       0x34 /opt/st/stm32cubeide_1.18.1/plugins/com.st.stm32cube.ide.mcu.externaltools.gnu-tools-for-stm32.13.3.rel1.linux64_1.0.0.202410170706/tools/bin/../lib/gcc/arm-none-eabi/13.3.1/../../../../arm-none-eabi/lib/thumb/v7e-m+fp/hard/libc_nano.a(libc_a-sbrkr.o)
 .ARM.attributes
                0x00000b3b       0x1c /opt/st/stm32cubeide_1.18.1/plugins/com.st.stm32cube.ide.mcu.externaltools.gnu-tools-for-stm32.13.3.rel1.linux64_1.0.0.202410170706/tools/bin/../lib/gcc/arm-none-eabi/13.3.1/../../../../arm-none-eabi/lib/thumb/v7e-m+fp/hard/libc_nano.a(libc_a-memchr.o)
 .ARM.attributes
                0x00000b57       0x22 /opt/st/stm32cubeide_1.18.1/plugins/com.st.stm32cube.ide.mcu.externaltools.gnu-tools-for-stm32.13.3.rel1.linux64_1.0.0.202410170706/tools/bin/../lib/gcc/arm-none-eabi/13.3.1/thumb/v7e-m+fp/hard/libgcc.a(_aeabi_uldivmod.o)
 .ARM.attributes
                0x00000b79       0x34 /opt/st/stm32cubeide_1.18.1/plugins/com.st.stm32cube.ide.mcu.externaltools.gnu-tools-for-stm32.13.3.rel1.linux64_1.0.0.202410170706/tools/bin/../lib/gcc/arm-none-eabi/13.3.1/thumb/v7e-m+fp/hard/libgcc.a(_udivmoddi4.o)
 .ARM.attributes
                0x00000bad       0x22 /opt/st/stm32cubeide_1.18.1/plugins/com.st.stm32cube.ide.mcu.externaltools.gnu-tools-for-stm32.13.3.rel1.linux64_1.0.0.202410170706/tools/bin/../lib/gcc/arm-none-eabi/13.3.1/thumb/v7e-m+fp/hard/libgcc.a(_dvmd_tls.o)
 .ARM.attributes
                0x00000bcf       0x22 /opt/st/stm32cubeide_1.18.1/plugins/com.st.stm32cube.ide.mcu.externaltools.gnu-tools-for-stm32.13.3.rel1.linux64_1.0.0.202410170706/tools/bin/../lib/gcc/arm-none-eabi/13.3.1/thumb/v7e-m+fp/hard/crtn.o
OUTPUT(stm32_bootloader.elf elf32-littlearm)
LOAD linker stubs
LOAD /opt/st/stm32cubeide_1.18.1/plugins/com.st.stm32cube.ide.mcu.externaltools.gnu-tools-for-stm32.13.3.rel1.linux64_1.0.0.202410170706/tools/bin/../lib/gcc/arm-none-eabi/13.3.1/../../../../arm-none-eabi/lib/thumb/v7e-m+fp/hard/libc.a
LOAD /opt/st/stm32cubeide_1.18.1/plugins/com.st.stm32cube.ide.mcu.externaltools.gnu-tools-for-stm32.13.3.rel1.linux64_1.0.0.202410170706/tools/bin/../lib/gcc/arm-none-eabi/13.3.1/../../../../arm-none-eabi/lib/thumb/v7e-m+fp/hard/libm.a
LOAD /opt/st/stm32cubeide_1.18.1/plugins/com.st.stm32cube.ide.mcu.externaltools.gnu-tools-for-stm32.13.3.rel1.linux64_1.0.0.202410170706/tools/bin/../lib/gcc/arm-none-eabi/13.3.1/thumb/v7e-m+fp/hard/libgcc.a

.debug_info     0x00000000    0x16f00
 .debug_info    0x00000000      0x46e ./Core/Src/gpio.o
 .debug_info    0x0000046e     0x1063 ./Core/Src/main.o
 .debug_info    0x000014d1      0x291 ./Core/Src/stm32f4xx_hal_msp.o
 .debug_info    0x00001762      0x643 ./Core/Src/stm32f4xx_it.o
 .debug_info    0x00001da5      0x78d ./Core/Src/syscalls.o
 .debug_info    0x00002532      0x175 ./Core/Src/sysmem.o
 .debug_info    0x000026a7      0x557 ./Core/Src/system_stm32f4xx.o
 .debug_info    0x00002bfe      0xa6f ./Core/Src/usart.o
 .debug_info    0x0000366d       0x30 ./Core/Startup/startup_stm32f411ceux.o
 .debug_info    0x0000369d      0x966 ./Drivers/STM32F4xx_HAL_Driver/stm32f4xx_hal.o
 .debug_info    0x00004003      0xf65 ./Drivers/STM32F4xx_HAL_Driver/stm32f4xx_hal_cortex.o
 .debug_info    0x00004f68      0x721 ./Drivers/STM32F4xx_HAL_Driver/stm32f4xx_hal_flash.o
 .debug_info    0x00005689      0x9c5 ./Drivers/STM32F4xx_HAL_Driver/stm32f4xx_hal_flash_ex.o
 .debug_info    0x0000604e      0x73e ./Drivers/STM32F4xx_HAL_Driver/stm32f4xx_hal_gpio.o
 .debug_info    0x0000678c     0x1c1e ./Drivers/STM32F4xx_HAL_Driver/stm32f4xx_hal_pcd.o
 .debug_info    0x000083aa      0x6fd ./Drivers/STM32F4xx_HAL_Driver/stm32f4xx_hal_pcd_ex.o
 .debug_info    0x00008aa7      0xac6 ./Drivers/STM32F4xx_HAL_Driver/stm32f4xx_hal_rcc.o
 .debug_info    0x0000956d     0x4023 ./Drivers/STM32F4xx_HAL_Driver/stm32f4xx_hal_uart.o
 .debug_info    0x0000d590     0x1e72 ./Drivers/STM32F4xx_HAL_Driver/stm32f4xx_ll_usb.o
 .debug_info    0x0000f402     0x126e ./Middlewares/USB_Device_Library/usbd_core.o
 .debug_info    0x00010670     0x1483 ./Middlewares/USB_Device_Library/usbd_ctlreq.o
 .debug_info    0x00011af3     0x164e ./Middlewares/USB_Device_Library/usbd_dfu.o
 .debug_info    0x00013141      0x925 ./Middlewares/USB_Device_Library/usbd_ioreq.o
 .debug_info    0x00013a66      0x7ea ./USB_DEVICE/App/usb_device.o
 .debug_info    0x00014250      0x5de ./USB_DEVICE/App/usbd_desc.o
 .debug_info    0x0001482e      0x596 ./USB_DEVICE/App/usbd_dfu_if.o
 .debug_info    0x00014dc4     0x213c ./USB_DEVICE/Target/usbd_conf.o

.debug_abbrev   0x00000000     0x3eb5
 .debug_abbrev  0x00000000      0x165 ./Core/Src/gpio.o
 .debug_abbrev  0x00000165      0x3b7 ./Core/Src/main.o
 .debug_abbrev  0x0000051c       0xd8 ./Core/Src/stm32f4xx_hal_msp.o
 .debug_abbrev  0x000005f4      0x1af ./Core/Src/stm32f4xx_it.o
 .debug_abbrev  0x000007a3      0x1c3 ./Core/Src/syscalls.o
 .debug_abbrev  0x00000966       0xec ./Core/Src/sysmem.o
 .debug_abbrev  0x00000a52      0x120 ./Core/Src/system_stm32f4xx.o
 .debug_abbrev  0x00000b72      0x246 ./Core/Src/usart.o
 .debug_abbrev  0x00000db8       0x24 ./Core/Startup/startup_stm32f411ceux.o
 .debug_abbrev  0x00000ddc      0x279 ./Drivers/STM32F4xx_HAL_Driver/stm32f4xx_hal.o
 .debug_abbrev  0x00001055      0x394 ./Drivers/STM32F4xx_HAL_Driver/stm32f4xx_hal_cortex.o
 .debug_abbrev  0x000013e9      0x2af ./Drivers/STM32F4xx_HAL_Driver/stm32f4xx_hal_flash.o
 .debug_abbrev  0x00001698      0x26c ./Drivers/STM32F4xx_HAL_Driver/stm32f4xx_hal_flash_ex.o
 .debug_abbrev  0x00001904      0x203 ./Drivers/STM32F4xx_HAL_Driver/stm32f4xx_hal_gpio.o
 .debug_abbrev  0x00001b07      0x2f8 ./Drivers/STM32F4xx_HAL_Driver/stm32f4xx_hal_pcd.o
 .debug_abbrev  0x00001dff      0x1f5 ./Drivers/STM32F4xx_HAL_Driver/stm32f4xx_hal_pcd_ex.o
 .debug_abbrev  0x00001ff4      0x2c8 ./Drivers/STM32F4xx_HAL_Driver/stm32f4xx_hal_rcc.o
 .debug_abbrev  0x000022bc      0x335 ./Drivers/STM32F4xx_HAL_Driver/stm32f4xx_hal_uart.o
 .debug_abbrev  0x000025f1      0x32e ./Drivers/STM32F4xx_HAL_Driver/stm32f4xx_ll_usb.o
 .debug_abbrev  0x0000291f      0x2fa ./Middlewares/USB_Device_Library/usbd_core.o
 .debug_abbrev  0x00002c19      0x356 ./Middlewares/USB_Device_Library/usbd_ctlreq.o
 .debug_abbrev  0x00002f6f      0x400 ./Middlewares/USB_Device_Library/usbd_dfu.o
 .debug_abbrev  0x0000336f      0x1b2 ./Middlewares/USB_Device_Library/usbd_ioreq.o