/home/kali/STM32Cube/Repository/STM32Cube_FW_F4_V1.28.2/Drivers/STM32F4xx_HAL_Driver/Src/stm32f4xx_hal_exti.c:142:19:HAL_EXTI_SetConfigLine	12	static
/home/kali/STM32Cube/Repository/STM32Cube_FW_F4_V1.28.2/Drivers/STM32F4xx_HAL_Driver/Src/stm32f4xx_hal_exti.c:220:19:HAL_EXTI_GetConfigLine	4	static
/home/kali/STM32Cube/Repository/STM32Cube_FW_F4_V1.28.2/Drivers/STM32F4xx_HAL_Driver/Src/stm32f4xx_hal_exti.c:289:19:HAL_EXTI_ClearConfigLine	8	static
/home/kali/STM32Cube/Repository/STM32Cube_FW_F4_V1.28.2/Drivers/STM32F4xx_HAL_Driver/Src/stm32f4xx_hal_exti.c:338:19:HAL_EXTI_RegisterCallback	0	static
/home/kali/STM32Cube/Repository/STM32Cube_FW_F4_V1.28.2/Drivers/STM32F4xx_HAL_Driver/Src/stm32f4xx_hal_exti.c:361:19:HAL_EXTI_GetHandle	0	static
/home/kali/STM32Cube/Repository/STM32Cube_FW_F4_V1.28.2/Drivers/STM32F4xx_HAL_Driver/Src/stm32f4xx_hal_exti.c:397:6:HAL_EXTI_IRQHandler	8	static
/home/kali/STM32Cube/Repository/STM32Cube_FW_F4_V1.28.2/Drivers/STM32F4xx_HAL_Driver/Src/stm32f4xx_hal_exti.c:426:10:HAL_EXTI_GetPending	0	static
/home/kali/STM32Cube/Repository/STM32Cube_FW_F4_V1.28.2/Drivers/STM32F4xx_HAL_Driver/Src/stm32f4xx_hal_exti.c:457:6:HAL_EXTI_ClearPending	0	static
/home/kali/STM32Cube/Repository/STM32Cube_FW_F4_V1.28.2/Drivers/STM32F4xx_HAL_Driver/Src/stm32f4xx_hal_exti.c:480:6:HAL_EXTI_GenerateSWI	0	static
