/home/kali/STM32Cube/Repository/STM32Cube_FW_F4_V1.28.2/Drivers/STM32F4xx_HAL_Driver/Src/stm32f4xx_ll_usb.c:1196:26:USB_CoreReset	8	static
/home/kali/STM32Cube/Repository/STM32Cube_FW_F4_V1.28.2/Drivers/STM32F4xx_HAL_Driver/Src/stm32f4xx_ll_usb.c:83:19:USB_CoreInit	8	static
/home/kali/STM32Cube/Repository/STM32Cube_FW_F4_V1.28.2/Drivers/STM32F4xx_HAL_Driver/Src/stm32f4xx_ll_usb.c:130:19:USB_SetTurnaroundTime	0	static
/home/kali/STM32Cube/Repository/STM32Cube_FW_F4_V1.28.2/Drivers/STM32F4xx_HAL_Driver/Src/stm32f4xx_ll_usb.c:188:19:USB_EnableGlobalInt	0	static
/home/kali/STM32Cube/Repository/STM32Cube_FW_F4_V1.28.2/Drivers/STM32F4xx_HAL_Driver/Src/stm32f4xx_ll_usb.c:199:19:USB_DisableGlobalInt	0	static
/home/kali/STM32Cube/Repository/STM32Cube_FW_F4_V1.28.2/Drivers/STM32F4xx_HAL_Driver/Src/stm32f4xx_ll_usb.c:399:19:USB_FlushTxFifo	8	static
/home/kali/STM32Cube/Repository/STM32Cube_FW_F4_V1.28.2/Drivers/STM32F4xx_HAL_Driver/Src/stm32f4xx_ll_usb.c:431:19:USB_FlushRxFifo	8	static
/home/kali/STM32Cube/Repository/STM32Cube_FW_F4_V1.28.2/Drivers/STM32F4xx_HAL_Driver/Src/stm32f4xx_ll_usb.c:469:19:USB_SetDevSpeed	0	static
/home/kali/STM32Cube/Repository/STM32Cube_FW_F4_V1.28.2/Drivers/STM32F4xx_HAL_Driver/Src/stm32f4xx_ll_usb.c:251:19:USB_DevInit	24	static
/home/kali/STM32Cube/Repository/STM32Cube_FW_F4_V1.28.2/Drivers/STM32F4xx_HAL_Driver/Src/stm32f4xx_ll_usb.c:484:9:USB_GetDevSpeed	0	static
/home/kali/STM32Cube/Repository/STM32Cube_FW_F4_V1.28.2/Drivers/STM32F4xx_HAL_Driver/Src/stm32f4xx_ll_usb.c:506:19:USB_ActivateEndpoint	8	static
/home/kali/STM32Cube/Repository/STM32Cube_FW_F4_V1.28.2/Drivers/STM32F4xx_HAL_Driver/Src/stm32f4xx_ll_usb.c:536:19:USB_ActivateDedicatedEndpoint	8	static
/home/kali/STM32Cube/Repository/STM32Cube_FW_F4_V1.28.2/Drivers/STM32F4xx_HAL_Driver/Src/stm32f4xx_ll_usb.c:567:19:USB_DeactivateEndpoint	8	static
/home/kali/STM32Cube/Repository/STM32Cube_FW_F4_V1.28.2/Drivers/STM32F4xx_HAL_Driver/Src/stm32f4xx_ll_usb.c:608:19:USB_DeactivateDedicatedEndpoint	0	static
/home/kali/STM32Cube/Repository/STM32Cube_FW_F4_V1.28.2/Drivers/STM32F4xx_HAL_Driver/Src/stm32f4xx_ll_usb.c:776:19:USB_EPStopXfer	16	static
/home/kali/STM32Cube/Repository/STM32Cube_FW_F4_V1.28.2/Drivers/STM32F4xx_HAL_Driver/Src/stm32f4xx_ll_usb.c:830:19:USB_WritePacket	8	static
/home/kali/STM32Cube/Repository/STM32Cube_FW_F4_V1.28.2/Drivers/STM32F4xx_HAL_Driver/Src/stm32f4xx_ll_usb.c:644:19:USB_EPStartXfer	32	static
/home/kali/STM32Cube/Repository/STM32Cube_FW_F4_V1.28.2/Drivers/STM32F4xx_HAL_Driver/Src/stm32f4xx_ll_usb.c:857:7:USB_ReadPacket	8	static
/home/kali/STM32Cube/Repository/STM32Cube_FW_F4_V1.28.2/Drivers/STM32F4xx_HAL_Driver/Src/stm32f4xx_ll_usb.c:895:19:USB_EPSetStall	0	static
/home/kali/STM32Cube/Repository/STM32Cube_FW_F4_V1.28.2/Drivers/STM32F4xx_HAL_Driver/Src/stm32f4xx_ll_usb.c:920:19:USB_EPClearStall	0	static
/home/kali/STM32Cube/Repository/STM32Cube_FW_F4_V1.28.2/Drivers/STM32F4xx_HAL_Driver/Src/stm32f4xx_ll_usb.c:943:19:USB_StopDevice	8	static
/home/kali/STM32Cube/Repository/STM32Cube_FW_F4_V1.28.2/Drivers/STM32F4xx_HAL_Driver/Src/stm32f4xx_ll_usb.c:980:19:USB_SetDevAddress	0	static
/home/kali/STM32Cube/Repository/STM32Cube_FW_F4_V1.28.2/Drivers/STM32F4xx_HAL_Driver/Src/stm32f4xx_ll_usb.c:994:19:USB_DevConnect	0	static
/home/kali/STM32Cube/Repository/STM32Cube_FW_F4_V1.28.2/Drivers/STM32F4xx_HAL_Driver/Src/stm32f4xx_ll_usb.c:1010:19:USB_DevDisconnect	0	static
/home/kali/STM32Cube/Repository/STM32Cube_FW_F4_V1.28.2/Drivers/STM32F4xx_HAL_Driver/Src/stm32f4xx_ll_usb.c:1026:10:USB_ReadInterrupts	0	static
/home/kali/STM32Cube/Repository/STM32Cube_FW_F4_V1.28.2/Drivers/STM32F4xx_HAL_Driver/Src/stm32f4xx_ll_usb.c:1041:10:USB_ReadChInterrupts	0	static
/home/kali/STM32Cube/Repository/STM32Cube_FW_F4_V1.28.2/Drivers/STM32F4xx_HAL_Driver/Src/stm32f4xx_ll_usb.c:1056:10:USB_ReadDevAllOutEpInterrupt	0	static
/home/kali/STM32Cube/Repository/STM32Cube_FW_F4_V1.28.2/Drivers/STM32F4xx_HAL_Driver/Src/stm32f4xx_ll_usb.c:1071:10:USB_ReadDevAllInEpInterrupt	0	static
/home/kali/STM32Cube/Repository/STM32Cube_FW_F4_V1.28.2/Drivers/STM32F4xx_HAL_Driver/Src/stm32f4xx_ll_usb.c:1088:10:USB_ReadDevOutEPInterrupt	0	static
/home/kali/STM32Cube/Repository/STM32Cube_FW_F4_V1.28.2/Drivers/STM32F4xx_HAL_Driver/Src/stm32f4xx_ll_usb.c:1105:10:USB_ReadDevInEPInterrupt	0	static
/home/kali/STM32Cube/Repository/STM32Cube_FW_F4_V1.28.2/Drivers/STM32F4xx_HAL_Driver/Src/stm32f4xx_ll_usb.c:1125:6:USB_ClearInterrupts	0	static
/home/kali/STM32Cube/Repository/STM32Cube_FW_F4_V1.28.2/Drivers/STM32F4xx_HAL_Driver/Src/stm32f4xx_ll_usb.c:1137:10:USB_GetMode	0	static
/home/kali/STM32Cube/Repository/STM32Cube_FW_F4_V1.28.2/Drivers/STM32F4xx_HAL_Driver/Src/stm32f4xx_ll_usb.c:213:19:USB_SetCurrentMode	16	static
/home/kali/STM32Cube/Repository/STM32Cube_FW_F4_V1.28.2/Drivers/STM32F4xx_HAL_Driver/Src/stm32f4xx_ll_usb.c:1146:19:USB_ActivateSetup	0	static
/home/kali/STM32Cube/Repository/STM32Cube_FW_F4_V1.28.2/Drivers/STM32F4xx_HAL_Driver/Src/stm32f4xx_ll_usb.c:1167:19:USB_EP0_OutStart	4	static
/home/kali/STM32Cube/Repository/STM32Cube_FW_F4_V1.28.2/Drivers/STM32F4xx_HAL_Driver/Src/stm32f4xx_ll_usb.c:1237:19:USB_HostInit	16	static
/home/kali/STM32Cube/Repository/STM32Cube_FW_F4_V1.28.2/Drivers/STM32F4xx_HAL_Driver/Src/stm32f4xx_ll_usb.c:1342:19:USB_InitFSLSPClkSel	0	static
/home/kali/STM32Cube/Repository/STM32Cube_FW_F4_V1.28.2/Drivers/STM32F4xx_HAL_Driver/Src/stm32f4xx_ll_usb.c:1366:19:USB_ResetPort	24	static
/home/kali/STM32Cube/Repository/STM32Cube_FW_F4_V1.28.2/Drivers/STM32F4xx_HAL_Driver/Src/stm32f4xx_ll_usb.c:1392:19:USB_DriveVbus	8	static
/home/kali/STM32Cube/Repository/STM32Cube_FW_F4_V1.28.2/Drivers/STM32F4xx_HAL_Driver/Src/stm32f4xx_ll_usb.c:1419:10:USB_GetHostSpeed	8	static
/home/kali/STM32Cube/Repository/STM32Cube_FW_F4_V1.28.2/Drivers/STM32F4xx_HAL_Driver/Src/stm32f4xx_ll_usb.c:1432:10:USB_GetCurrentFrame	0	static
/home/kali/STM32Cube/Repository/STM32Cube_FW_F4_V1.28.2/Drivers/STM32F4xx_HAL_Driver/Src/stm32f4xx_ll_usb.c:1462:19:USB_HC_Init	32	static
/home/kali/STM32Cube/Repository/STM32Cube_FW_F4_V1.28.2/Drivers/STM32F4xx_HAL_Driver/Src/stm32f4xx_ll_usb.c:1575:19:USB_HC_StartXfer	32	static
/home/kali/STM32Cube/Repository/STM32Cube_FW_F4_V1.28.2/Drivers/STM32F4xx_HAL_Driver/Src/stm32f4xx_ll_usb.c:1791:10:USB_HC_ReadInterrupt	0	static
/home/kali/STM32Cube/Repository/STM32Cube_FW_F4_V1.28.2/Drivers/STM32F4xx_HAL_Driver/Src/stm32f4xx_ll_usb.c:1804:19:USB_HC_Halt	24	static
/home/kali/STM32Cube/Repository/STM32Cube_FW_F4_V1.28.2/Drivers/STM32F4xx_HAL_Driver/Src/stm32f4xx_ll_usb.c:1869:19:USB_DoPing	0	static
/home/kali/STM32Cube/Repository/STM32Cube_FW_F4_V1.28.2/Drivers/STM32F4xx_HAL_Driver/Src/stm32f4xx_ll_usb.c:1892:19:USB_StopHost	24	static
/home/kali/STM32Cube/Repository/STM32Cube_FW_F4_V1.28.2/Drivers/STM32F4xx_HAL_Driver/Src/stm32f4xx_ll_usb.c:1951:19:USB_ActivateRemoteWakeup	0	static
/home/kali/STM32Cube/Repository/STM32Cube_FW_F4_V1.28.2/Drivers/STM32F4xx_HAL_Driver/Src/stm32f4xx_ll_usb.c:1967:19:USB_DeActivateRemoteWakeup	0	static
