/home/kali/STM32Cube/Repository/STM32Cube_FW_F4_V1.28.2/Drivers/STM32F4xx_HAL_Driver/Src/stm32f4xx_hal_pcd.c:2032:26:PCD_WriteEmptyTxFifo	40	static
/home/kali/STM32Cube/Repository/STM32Cube_FW_F4_V1.28.2/Drivers/STM32F4xx_HAL_Driver/Src/stm32f4xx_hal_pcd.c:285:13:HAL_PCD_MspInit	0	static
/home/kali/STM32Cube/Repository/STM32Cube_FW_F4_V1.28.2/Drivers/STM32F4xx_HAL_Driver/Src/stm32f4xx_hal_pcd.c:123:19:HAL_PCD_Init	24	static
/home/kali/STM32Cube/Repository/STM32Cube_FW_F4_V1.28.2/Drivers/STM32F4xx_HAL_Driver/Src/stm32f4xx_hal_pcd.c:299:13:HAL_PCD_MspDeInit	0	static
/home/kali/STM32Cube/Repository/STM32Cube_FW_F4_V1.28.2/Drivers/STM32F4xx_HAL_Driver/Src/stm32f4xx_hal_pcd.c:249:19:HAL_PCD_DeInit	16	static
/home/kali/STM32Cube/Repository/STM32Cube_FW_F4_V1.28.2/Drivers/STM32F4xx_HAL_Driver/Src/stm32f4xx_hal_pcd.c:1001:19:HAL_PCD_Start	8	static
/home/kali/STM32Cube/Repository/STM32Cube_FW_F4_V1.28.2/Drivers/STM32F4xx_HAL_Driver/Src/stm32f4xx_hal_pcd.c:1023:19:HAL_PCD_Stop	16	static
/home/kali/STM32Cube/Repository/STM32Cube_FW_F4_V1.28.2/Drivers/STM32F4xx_HAL_Driver/Src/stm32f4xx_hal_pcd.c:1445:6:HAL_PCD_WKUP_IRQHandler	0	static
/home/kali/STM32Cube/Repository/STM32Cube_FW_F4_V1.28.2/Drivers/STM32F4xx_HAL_Driver/Src/stm32f4xx_hal_pcd.c:1468:13:HAL_PCD_DataOutStageCallback	0	static
/home/kali/STM32Cube/Repository/STM32Cube_FW_F4_V1.28.2/Drivers/STM32F4xx_HAL_Driver/Src/stm32f4xx_hal_pcd.c:2083:26:PCD_EP_OutXfrComplete_int	16	static
/home/kali/STM32Cube/Repository/STM32Cube_FW_F4_V1.28.2/Drivers/STM32F4xx_HAL_Driver/Src/stm32f4xx_hal_pcd.c:1484:13:HAL_PCD_DataInStageCallback	0	static
/home/kali/STM32Cube/Repository/STM32Cube_FW_F4_V1.28.2/Drivers/STM32F4xx_HAL_Driver/Src/stm32f4xx_hal_pcd.c:1498:13:HAL_PCD_SetupStageCallback	0	static
/home/kali/STM32Cube/Repository/STM32Cube_FW_F4_V1.28.2/Drivers/STM32F4xx_HAL_Driver/Src/stm32f4xx_hal_pcd.c:2167:26:PCD_EP_OutSetupPacket_int	16	static
/home/kali/STM32Cube/Repository/STM32Cube_FW_F4_V1.28.2/Drivers/STM32F4xx_HAL_Driver/Src/stm32f4xx_hal_pcd.c:1512:13:HAL_PCD_SOFCallback	0	static
/home/kali/STM32Cube/Repository/STM32Cube_FW_F4_V1.28.2/Drivers/STM32F4xx_HAL_Driver/Src/stm32f4xx_hal_pcd.c:1526:13:HAL_PCD_ResetCallback	0	static
/home/kali/STM32Cube/Repository/STM32Cube_FW_F4_V1.28.2/Drivers/STM32F4xx_HAL_Driver/Src/stm32f4xx_hal_pcd.c:1540:13:HAL_PCD_SuspendCallback	0	static
/home/kali/STM32Cube/Repository/STM32Cube_FW_F4_V1.28.2/Drivers/STM32F4xx_HAL_Driver/Src/stm32f4xx_hal_pcd.c:1554:13:HAL_PCD_ResumeCallback	0	static
/home/kali/STM32Cube/Repository/STM32Cube_FW_F4_V1.28.2/Drivers/STM32F4xx_HAL_Driver/Src/stm32f4xx_hal_pcd.c:1569:13:HAL_PCD_ISOOUTIncompleteCallback	0	static
/home/kali/STM32Cube/Repository/STM32Cube_FW_F4_V1.28.2/Drivers/STM32F4xx_HAL_Driver/Src/stm32f4xx_hal_pcd.c:1585:13:HAL_PCD_ISOINIncompleteCallback	0	static
/home/kali/STM32Cube/Repository/STM32Cube_FW_F4_V1.28.2/Drivers/STM32F4xx_HAL_Driver/Src/stm32f4xx_hal_pcd.c:1600:13:HAL_PCD_ConnectCallback	0	static
/home/kali/STM32Cube/Repository/STM32Cube_FW_F4_V1.28.2/Drivers/STM32F4xx_HAL_Driver/Src/stm32f4xx_hal_pcd.c:1614:13:HAL_PCD_DisconnectCallback	0	static
/home/kali/STM32Cube/Repository/STM32Cube_FW_F4_V1.28.2/Drivers/STM32F4xx_HAL_Driver/Src/stm32f4xx_hal_pcd.c:1647:19:HAL_PCD_DevConnect	8	static
/home/kali/STM32Cube/Repository/STM32Cube_FW_F4_V1.28.2/Drivers/STM32F4xx_HAL_Driver/Src/stm32f4xx_hal_pcd.c:1667:19:HAL_PCD_DevDisconnect	16	static
/home/kali/STM32Cube/Repository/STM32Cube_FW_F4_V1.28.2/Drivers/STM32F4xx_HAL_Driver/Src/stm32f4xx_hal_pcd.c:1689:19:HAL_PCD_SetAddress	8	static
/home/kali/STM32Cube/Repository/STM32Cube_FW_F4_V1.28.2/Drivers/STM32F4xx_HAL_Driver/Src/stm32f4xx_hal_pcd.c:1705:19:HAL_PCD_EP_Open	16	static
/home/kali/STM32Cube/Repository/STM32Cube_FW_F4_V1.28.2/Drivers/STM32F4xx_HAL_Driver/Src/stm32f4xx_hal_pcd.c:1744:19:HAL_PCD_EP_Close	8	static
/home/kali/STM32Cube/Repository/STM32Cube_FW_F4_V1.28.2/Drivers/STM32F4xx_HAL_Driver/Src/stm32f4xx_hal_pcd.c:1770:19:HAL_PCD_EP_Receive	8	static
/home/kali/STM32Cube/Repository/STM32Cube_FW_F4_V1.28.2/Drivers/STM32F4xx_HAL_Driver/Src/stm32f4xx_hal_pcd.c:1797:10:HAL_PCD_EP_GetRxCount	0	static
/home/kali/STM32Cube/Repository/STM32Cube_FW_F4_V1.28.2/Drivers/STM32F4xx_HAL_Driver/Src/stm32f4xx_hal_pcd.c:1808:19:HAL_PCD_EP_Transmit	8	static
/home/kali/STM32Cube/Repository/STM32Cube_FW_F4_V1.28.2/Drivers/STM32F4xx_HAL_Driver/Src/stm32f4xx_hal_pcd.c:1835:19:HAL_PCD_EP_SetStall	16	static
/home/kali/STM32Cube/Repository/STM32Cube_FW_F4_V1.28.2/Drivers/STM32F4xx_HAL_Driver/Src/stm32f4xx_hal_pcd.c:1872:19:HAL_PCD_EP_ClrStall	8	static
/home/kali/STM32Cube/Repository/STM32Cube_FW_F4_V1.28.2/Drivers/STM32F4xx_HAL_Driver/Src/stm32f4xx_hal_pcd.c:1903:19:HAL_PCD_EP_Abort	8	static
/home/kali/STM32Cube/Repository/STM32Cube_FW_F4_V1.28.2/Drivers/STM32F4xx_HAL_Driver/Src/stm32f4xx_hal_pcd.c:1048:6:HAL_PCD_IRQHandler	48	static
/home/kali/STM32Cube/Repository/STM32Cube_FW_F4_V1.28.2/Drivers/STM32F4xx_HAL_Driver/Src/stm32f4xx_hal_pcd.c:1925:19:HAL_PCD_EP_Flush	8	static
/home/kali/STM32Cube/Repository/STM32Cube_FW_F4_V1.28.2/Drivers/STM32F4xx_HAL_Driver/Src/stm32f4xx_hal_pcd.c:1944:19:HAL_PCD_ActivateRemoteWakeup	8	static
/home/kali/STM32Cube/Repository/STM32Cube_FW_F4_V1.28.2/Drivers/STM32F4xx_HAL_Driver/Src/stm32f4xx_hal_pcd.c:1953:19:HAL_PCD_DeActivateRemoteWakeup	8	static
/home/kali/STM32Cube/Repository/STM32Cube_FW_F4_V1.28.2/Drivers/STM32F4xx_HAL_Driver/Src/stm32f4xx_hal_pcd.c:1981:18:HAL_PCD_GetState	0	static
/home/kali/STM32Cube/Repository/STM32Cube_FW_F4_V1.28.2/Drivers/STM32F4xx_HAL_Driver/Src/stm32f4xx_hal_pcd.c:1992:19:HAL_PCD_SetTestMode	0	static
