/home/kali/STM32Cube/Repository/STM32Cube_FW_F4_V1.28.2/Drivers/STM32F4xx_HAL_Driver/Src/stm32f4xx_hal_flash.c:552:13:FLASH_Program_DoubleWord	4	static,ignoring_inline_asm
/home/kali/STM32Cube/Repository/STM32Cube_FW_F4_V1.28.2/Drivers/STM32F4xx_HAL_Driver/Src/stm32f4xx_hal_flash.c:584:13:FLASH_Program_Word	0	static
/home/kali/STM32Cube/Repository/STM32Cube_FW_F4_V1.28.2/Drivers/STM32F4xx_HAL_Driver/Src/stm32f4xx_hal_flash.c:608:13:FLASH_Program_HalfWord	0	static
/home/kali/STM32Cube/Repository/STM32Cube_FW_F4_V1.28.2/Drivers/STM32F4xx_HAL_Driver/Src/stm32f4xx_hal_flash.c:632:13:FLASH_Program_Byte	0	static
/home/kali/STM32Cube/Repository/STM32Cube_FW_F4_V1.28.2/Drivers/STM32F4xx_HAL_Driver/Src/stm32f4xx_hal_flash.c:648:13:FLASH_SetErrorCode	0	static
/home/kali/STM32Cube/Repository/STM32Cube_FW_F4_V1.28.2/Drivers/STM32F4xx_HAL_Driver/Src/stm32f4xx_hal_flash.c:203:19:HAL_FLASH_Program_IT	16	static
/home/kali/STM32Cube/Repository/STM32Cube_FW_F4_V1.28.2/Drivers/STM32F4xx_HAL_Driver/Src/stm32f4xx_hal_flash.c:342:13:HAL_FLASH_EndOfOperationCallback	0	static
/home/kali/STM32Cube/Repository/STM32Cube_FW_F4_V1.28.2/Drivers/STM32F4xx_HAL_Driver/Src/stm32f4xx_hal_flash.c:358:13:HAL_FLASH_OperationErrorCallback	0	static
/home/kali/STM32Cube/Repository/STM32Cube_FW_F4_V1.28.2/Drivers/STM32F4xx_HAL_Driver/Src/stm32f4xx_hal_flash.c:239:6:HAL_FLASH_IRQHandler	8	static
/home/kali/STM32Cube/Repository/STM32Cube_FW_F4_V1.28.2/Drivers/STM32F4xx_HAL_Driver/Src/stm32f4xx_hal_flash.c:389:19:HAL_FLASH_Unlock	0	static
/home/kali/STM32Cube/Repository/STM32Cube_FW_F4_V1.28.2/Drivers/STM32F4xx_HAL_Driver/Src/stm32f4xx_hal_flash.c:410:19:HAL_FLASH_Lock	0	static
/home/kali/STM32Cube/Repository/STM32Cube_FW_F4_V1.28.2/Drivers/STM32F4xx_HAL_Driver/Src/stm32f4xx_hal_flash.c:421:19:HAL_FLASH_OB_Unlock	0	static
/home/kali/STM32Cube/Repository/STM32Cube_FW_F4_V1.28.2/Drivers/STM32F4xx_HAL_Driver/Src/stm32f4xx_hal_flash.c:437:19:HAL_FLASH_OB_Lock	0	static
/home/kali/STM32Cube/Repository/STM32Cube_FW_F4_V1.28.2/Drivers/STM32F4xx_HAL_Driver/Src/stm32f4xx_hal_flash.c:484:10:HAL_FLASH_GetError	0	static
/home/kali/STM32Cube/Repository/STM32Cube_FW_F4_V1.28.2/Drivers/STM32F4xx_HAL_Driver/Src/stm32f4xx_hal_flash.c:497:19:FLASH_WaitForLastOperation	16	static
/home/kali/STM32Cube/Repository/STM32Cube_FW_F4_V1.28.2/Drivers/STM32F4xx_HAL_Driver/Src/stm32f4xx_hal_flash.c:154:19:HAL_FLASH_Program	24	static
/home/kali/STM32Cube/Repository/STM32Cube_FW_F4_V1.28.2/Drivers/STM32F4xx_HAL_Driver/Src/stm32f4xx_hal_flash.c:448:19:HAL_FLASH_OB_Launch	8	static
