/home/kali/STM32Cube/Repository/STM32Cube_FW_F4_V1.28.2/Drivers/CMSIS/Include/core_cm4.h:1684:22:__NVIC_EnableIRQ	0	static,ignoring_inline_asm
/home/kali/STM32Cube/Repository/STM32Cube_FW_F4_V1.28.2/Drivers/CMSIS/Include/core_cm4.h:1722:22:__NVIC_DisableIRQ	0	static,ignoring_inline_asm
/home/kali/STM32Cube/Repository/STM32Cube_FW_F4_V1.28.2/Drivers/CMSIS/Include/core_cm4.h:1814:22:__NVIC_SetPriority	0	static
/home/kali/STM32Cube/Repository/STM32Cube_FW_F4_V1.28.2/Drivers/CMSIS/Include/core_cm4.h:1836:26:__NVIC_GetPriority	0	static
/home/kali/STM32Cube/Repository/STM32Cube_FW_F4_V1.28.2/Drivers/CMSIS/Include/core_cm4.h:1861:26:NVIC_EncodePriority	4	static
/home/kali/STM32Cube/Repository/STM32Cube_FW_F4_V1.28.2/Drivers/CMSIS/Include/core_cm4.h:1888:22:NVIC_DecodePriority	8	static
/home/kali/STM32Cube/Repository/STM32Cube_FW_F4_V1.28.2/Drivers/CMSIS/Include/core_cm4.h:1938:34:__NVIC_SystemReset	0	static,ignoring_inline_asm
/home/kali/STM32Cube/Repository/STM32Cube_FW_F4_V1.28.2/Drivers/STM32F4xx_HAL_Driver/Src/stm32f4xx_hal_cortex.c:139:6:HAL_NVIC_SetPriorityGrouping	0	static
/home/kali/STM32Cube/Repository/STM32Cube_FW_F4_V1.28.2/Drivers/STM32F4xx_HAL_Driver/Src/stm32f4xx_hal_cortex.c:160:6:HAL_NVIC_SetPriority	8	static
/home/kali/STM32Cube/Repository/STM32Cube_FW_F4_V1.28.2/Drivers/STM32F4xx_HAL_Driver/Src/stm32f4xx_hal_cortex.c:181:6:HAL_NVIC_EnableIRQ	8	static
/home/kali/STM32Cube/Repository/STM32Cube_FW_F4_V1.28.2/Drivers/STM32F4xx_HAL_Driver/Src/stm32f4xx_hal_cortex.c:196:6:HAL_NVIC_DisableIRQ	8	static
/home/kali/STM32Cube/Repository/STM32Cube_FW_F4_V1.28.2/Drivers/STM32F4xx_HAL_Driver/Src/stm32f4xx_hal_cortex.c:208:6:HAL_NVIC_SystemReset	8	static
/home/kali/STM32Cube/Repository/STM32Cube_FW_F4_V1.28.2/Drivers/STM32F4xx_HAL_Driver/Src/stm32f4xx_hal_cortex.c:220:10:HAL_SYSTICK_Config	0	static
/home/kali/STM32Cube/Repository/STM32Cube_FW_F4_V1.28.2/Drivers/STM32F4xx_HAL_Driver/Src/stm32f4xx_hal_cortex.c:248:6:HAL_MPU_Disable	0	static,ignoring_inline_asm
/home/kali/STM32Cube/Repository/STM32Cube_FW_F4_V1.28.2/Drivers/STM32F4xx_HAL_Driver/Src/stm32f4xx_hal_cortex.c:270:6:HAL_MPU_Enable	0	static,ignoring_inline_asm
/home/kali/STM32Cube/Repository/STM32Cube_FW_F4_V1.28.2/Drivers/STM32F4xx_HAL_Driver/Src/stm32f4xx_hal_cortex.c:286:6:HAL_MPU_EnableRegion	0	static
/home/kali/STM32Cube/Repository/STM32Cube_FW_F4_V1.28.2/Drivers/STM32F4xx_HAL_Driver/Src/stm32f4xx_hal_cortex.c:301:6:HAL_MPU_DisableRegion	0	static
/home/kali/STM32Cube/Repository/STM32Cube_FW_F4_V1.28.2/Drivers/STM32F4xx_HAL_Driver/Src/stm32f4xx_hal_cortex.c:318:6:HAL_MPU_ConfigRegion	0	static
/home/kali/STM32Cube/Repository/STM32Cube_FW_F4_V1.28.2/Drivers/STM32F4xx_HAL_Driver/Src/stm32f4xx_hal_cortex.c:349:6:HAL_CORTEX_ClearEvent	0	static,ignoring_inline_asm
/home/kali/STM32Cube/Repository/STM32Cube_FW_F4_V1.28.2/Drivers/STM32F4xx_HAL_Driver/Src/stm32f4xx_hal_cortex.c:358:10:HAL_NVIC_GetPriorityGrouping	0	static
/home/kali/STM32Cube/Repository/STM32Cube_FW_F4_V1.28.2/Drivers/STM32F4xx_HAL_Driver/Src/stm32f4xx_hal_cortex.c:384:6:HAL_NVIC_GetPriority	16	static
/home/kali/STM32Cube/Repository/STM32Cube_FW_F4_V1.28.2/Drivers/STM32F4xx_HAL_Driver/Src/stm32f4xx_hal_cortex.c:398:6:HAL_NVIC_SetPendingIRQ	0	static
/home/kali/STM32Cube/Repository/STM32Cube_FW_F4_V1.28.2/Drivers/STM32F4xx_HAL_Driver/Src/stm32f4xx_hal_cortex.c:415:10:HAL_NVIC_GetPendingIRQ	0	static
/home/kali/STM32Cube/Repository/STM32Cube_FW_F4_V1.28.2/Drivers/STM32F4xx_HAL_Driver/Src/stm32f4xx_hal_cortex.c:430:6:HAL_NVIC_ClearPendingIRQ	0	static
/home/kali/STM32Cube/Repository/STM32Cube_FW_F4_V1.28.2/Drivers/STM32F4xx_HAL_Driver/Src/stm32f4xx_hal_cortex.c:446:10:HAL_NVIC_GetActive	0	static
/home/kali/STM32Cube/Repository/STM32Cube_FW_F4_V1.28.2/Drivers/STM32F4xx_HAL_Driver/Src/stm32f4xx_hal_cortex.c:462:6:HAL_SYSTICK_CLKSourceConfig	0	static
/home/kali/STM32Cube/Repository/STM32Cube_FW_F4_V1.28.2/Drivers/STM32F4xx_HAL_Driver/Src/stm32f4xx_hal_cortex.c:484:13:HAL_SYSTICK_Callback	0	static
/home/kali/STM32Cube/Repository/STM32Cube_FW_F4_V1.28.2/Drivers/STM32F4xx_HAL_Driver/Src/stm32f4xx_hal_cortex.c:476:6:HAL_SYSTICK_IRQHandler	8	static
