Archive member included to satisfy reference by file (symbol)

/opt/st/stm32cubeide_1.18.1/plugins/com.st.stm32cube.ide.mcu.externaltools.gnu-tools-for-stm32.13.3.rel1.linux64_1.0.0.202410170706/tools/bin/../lib/gcc/arm-none-eabi/13.3.1/../../../../arm-none-eabi/lib/thumb/v7e-m+fp/hard/libc_nano.a(libc_a-exit.o)
                              /opt/st/stm32cubeide_1.18.1/plugins/com.st.stm32cube.ide.mcu.externaltools.gnu-tools-for-stm32.13.3.rel1.linux64_1.0.0.202410170706/tools/bin/../lib/gcc/arm-none-eabi/13.3.1/../../../../arm-none-eabi/lib/thumb/v7e-m+fp/hard/crt0.o (exit)
/opt/st/stm32cubeide_1.18.1/plugins/com.st.stm32cube.ide.mcu.externaltools.gnu-tools-for-stm32.13.3.rel1.linux64_1.0.0.202410170706/tools/bin/../lib/gcc/arm-none-eabi/13.3.1/../../../../arm-none-eabi/lib/thumb/v7e-m+fp/hard/libc_nano.a(libc_a-findfp.o)
                              /opt/st/stm32cubeide_1.18.1/plugins/com.st.stm32cube.ide.mcu.externaltools.gnu-tools-for-stm32.13.3.rel1.linux64_1.0.0.202410170706/tools/bin/../lib/gcc/arm-none-eabi/13.3.1/../../../../arm-none-eabi/lib/thumb/v7e-m+fp/hard/libc_nano.a(libc_a-exit.o) (__stdio_exit_handler)
/opt/st/stm32cubeide_1.18.1/plugins/com.st.stm32cube.ide.mcu.externaltools.gnu-tools-for-stm32.13.3.rel1.linux64_1.0.0.202410170706/tools/bin/../lib/gcc/arm-none-eabi/13.3.1/../../../../arm-none-eabi/lib/thumb/v7e-m+fp/hard/libc_nano.a(libc_a-fwalk.o)
                              /opt/st/stm32cubeide_1.18.1/plugins/com.st.stm32cube.ide.mcu.externaltools.gnu-tools-for-stm32.13.3.rel1.linux64_1.0.0.202410170706/tools/bin/../lib/gcc/arm-none-eabi/13.3.1/../../../../arm-none-eabi/lib/thumb/v7e-m+fp/hard/libc_nano.a(libc_a-findfp.o) (_fwalk_sglue)
/opt/st/stm32cubeide_1.18.1/plugins/com.st.stm32cube.ide.mcu.externaltools.gnu-tools-for-stm32.13.3.rel1.linux64_1.0.0.202410170706/tools/bin/../lib/gcc/arm-none-eabi/13.3.1/../../../../arm-none-eabi/lib/thumb/v7e-m+fp/hard/libc_nano.a(libc_a-printf.o)
                              ./Core/Src/main.o (printf)
/opt/st/stm32cubeide_1.18.1/plugins/com.st.stm32cube.ide.mcu.externaltools.gnu-tools-for-stm32.13.3.rel1.linux64_1.0.0.202410170706/tools/bin/../lib/gcc/arm-none-eabi/13.3.1/../../../../arm-none-eabi/lib/thumb/v7e-m+fp/hard/libc_nano.a(libc_a-puts.o)
                              ./Core/Src/main.o (puts)
/opt/st/stm32cubeide_1.18.1/plugins/com.st.stm32cube.ide.mcu.externaltools.gnu-tools-for-stm32.13.3.rel1.linux64_1.0.0.202410170706/tools/bin/../lib/gcc/arm-none-eabi/13.3.1/../../../../arm-none-eabi/lib/thumb/v7e-m+fp/hard/libc_nano.a(libc_a-stdio.o)
                              /opt/st/stm32cubeide_1.18.1/plugins/com.st.stm32cube.ide.mcu.externaltools.gnu-tools-for-stm32.13.3.rel1.linux64_1.0.0.202410170706/tools/bin/../lib/gcc/arm-none-eabi/13.3.1/../../../../arm-none-eabi/lib/thumb/v7e-m+fp/hard/libc_nano.a(libc_a-findfp.o) (__sread)
/opt/st/stm32cubeide_1.18.1/plugins/com.st.stm32cube.ide.mcu.externaltools.gnu-tools-for-stm32.13.3.rel1.linux64_1.0.0.202410170706/tools/bin/../lib/gcc/arm-none-eabi/13.3.1/../../../../arm-none-eabi/lib/thumb/v7e-m+fp/hard/libc_nano.a(libc_a-wbuf.o)
                              /opt/st/stm32cubeide_1.18.1/plugins/com.st.stm32cube.ide.mcu.externaltools.gnu-tools-for-stm32.13.3.rel1.linux64_1.0.0.202410170706/tools/bin/../lib/gcc/arm-none-eabi/13.3.1/../../../../arm-none-eabi/lib/thumb/v7e-m+fp/hard/libc_nano.a(libc_a-puts.o) (__swbuf_r)
/opt/st/stm32cubeide_1.18.1/plugins/com.st.stm32cube.ide.mcu.externaltools.gnu-tools-for-stm32.13.3.rel1.linux64_1.0.0.202410170706/tools/bin/../lib/gcc/arm-none-eabi/13.3.1/../../../../arm-none-eabi/lib/thumb/v7e-m+fp/hard/libc_nano.a(libc_a-wsetup.o)
                              /opt/st/stm32cubeide_1.18.1/plugins/com.st.stm32cube.ide.mcu.externaltools.gnu-tools-for-stm32.13.3.rel1.linux64_1.0.0.202410170706/tools/bin/../lib/gcc/arm-none-eabi/13.3.1/../../../../arm-none-eabi/lib/thumb/v7e-m+fp/hard/libc_nano.a(libc_a-puts.o) (__swsetup_r)
/opt/st/stm32cubeide_1.18.1/plugins/com.st.stm32cube.ide.mcu.externaltools.gnu-tools-for-stm32.13.3.rel1.linux64_1.0.0.202410170706/tools/bin/../lib/gcc/arm-none-eabi/13.3.1/../../../../arm-none-eabi/lib/thumb/v7e-m+fp/hard/libc_nano.a(libc_a-memset.o)
                              /opt/st/stm32cubeide_1.18.1/plugins/com.st.stm32cube.ide.mcu.externaltools.gnu-tools-for-stm32.13.3.rel1.linux64_1.0.0.202410170706/tools/bin/../lib/gcc/arm-none-eabi/13.3.1/../../../../arm-none-eabi/lib/thumb/v7e-m+fp/hard/crt0.o (memset)
/opt/st/stm32cubeide_1.18.1/plugins/com.st.stm32cube.ide.mcu.externaltools.gnu-tools-for-stm32.13.3.rel1.linux64_1.0.0.202410170706/tools/bin/../lib/gcc/arm-none-eabi/13.3.1/../../../../arm-none-eabi/lib/thumb/v7e-m+fp/hard/libc_nano.a(libc_a-closer.o)
[...]
Memory Configuration

Name             Origin             Length             Attributes
BOOTFLAG         0x20000000         0x00000008         xrw
RAM              0x20000008         0x0001fff8         xrw
FLASH            0x08000000         0x00008000         xr
*default*        0x00000000         0xffffffff

Linker script and memory map

LOAD /opt/st/stm32cubeide_1.18.1/plugins/com.st.stm32cube.ide.mcu.externaltools.gnu-tools-for-stm32.13.3.rel1.linux64_1.0.0.202410170706/tools/bin/../lib/gcc/arm-none-eabi/13.3.1/thumb/v7e-m+fp/hard/crti.o
LOAD /opt/st/stm32cubeide_1.18.1/plugins/com.st.stm32cube.ide.mcu.externaltools.gnu-tools-for-stm32.13.3.rel1.linux64_1.0.0.202410170706/tools/bin/../lib/gcc/arm-none-eabi/13.3.1/thumb/v7e-m+fp/hard/crtbegin.o
LOAD /opt/st/stm32cubeide_1.18.1/plugins/com.st.stm32cube.ide.mcu.externaltools.gnu-tools-for-stm32.13.3.rel1.linux64_1.0.0.202410170706/tools/bin/../lib/gcc/arm-none-eabi/13.3.1/../../../../arm-none-eabi/lib/thumb/v7e-m+fp/hard/crt0.o
LOAD ./Core/Src/gpio.o
LOAD ./Core/Src/main.o
LOAD ./Core/Src/stm32f4xx_hal_msp.o
LOAD ./Core/Src/stm32f4xx_it.o
LOAD ./Core/Src/syscalls.o
LOAD ./Core/Src/sysmem.o
LOAD ./Core/Src/system_stm32f4xx.o
LOAD ./Core/Src/usart.o
LOAD ./Core/Startup/startup_stm32f411ceux.o
LOAD ./Drivers/STM32F4xx_HAL_Driver/stm32f4xx_hal.o
LOAD ./Drivers/STM32F4xx_HAL_Driver/stm32f4xx_hal_cortex.o
LOAD ./Drivers/STM32F4xx_HAL_Driver/stm32f4xx_hal_dma.o
LOAD ./Drivers/STM32F4xx_HAL_Driver/stm32f4xx_hal_dma_ex.o
LOAD ./Drivers/STM32F4xx_HAL_Driver/stm32f4xx_hal_exti.o
LOAD ./Drivers/STM32F4xx_HAL_Driver/stm32f4xx_hal_flash.o
LOAD ./Drivers/STM32F4xx_HAL_Driver/stm32f4xx_hal_flash_ex.o
LOAD ./Drivers/STM32F4xx_HAL_Driver/stm32f4xx_hal_flash_ramfunc.o
LOAD ./Drivers/STM32F4xx_HAL_Driver/stm32f4xx_hal_gpio.o
LOAD ./Drivers/STM32F4xx_HAL_Driver/stm32f4xx_hal_pcd.o
LOAD ./Drivers/STM32F4xx_HAL_Driver/stm32f4xx_hal_pcd_ex.o
LOAD ./Drivers/STM32F4xx_HAL_Driver/stm32f4xx_hal_pwr.o
LOAD ./Drivers/STM32F4xx_HAL_Driver/stm32f4xx_hal_pwr_ex.o
LOAD ./Drivers/STM32F4xx_HAL_Driver/stm32f4xx_hal_rcc.o
LOAD ./Drivers/STM32F4xx_HAL_Driver/stm32f4xx_hal_rcc_ex.o
LOAD ./Drivers/STM32F4xx_HAL_Driver/stm32f4xx_hal_uart.o
LOAD ./Drivers/STM32F4xx_HAL_Driver/stm32f4xx_ll_usb.o
LOAD ./Middlewares/USB_Device_Library/usbd_core.o
LOAD ./Middlewares/USB_Device_Library/usbd_ctlreq.o
LOAD ./Middlewares/USB_Device_Library/usbd_dfu.o
LOAD ./Middlewares/USB_Device_Library/usbd_ioreq.o
LOAD ./USB_DEVICE/App/usb_device.o
LOAD ./USB_DEVICE/App/usbd_desc.o
LOAD ./USB_DEVICE/App/usbd_dfu_if.o
LOAD ./USB_DEVICE/Target/usbd_conf.o
START GROUP
LOAD /opt/st/stm32cubeide_1.18.1/plugins/com.st.stm32cube.ide.mcu.externaltools.gnu-tools-for-stm32.13.3.rel1.linux64_1.0.0.202410170706/tools/bin/../lib/gcc/arm-none-eabi/13.3.1/../../../../arm-none-eabi/lib/thumb/v7e-m+fp/hard/libc_nano.a
LOAD /opt/st/stm32cubeide_1.18.1/plugins/com.st.stm32cube.ide.mcu.externaltools.gnu-tools-for-stm32.13.3.rel1.linux64_1.0.0.202410170706/tools/bin/../lib/gcc/arm-none-eabi/13.3.1/../../../../arm-none-eabi/lib/thumb/v7e-m+fp/hard/libm.a
END GROUP
START GROUP
LOAD /opt/st/stm32cubeide_1.18.1/plugins/com.st.stm32cube.ide.mcu.externaltools.gnu-tools-for-stm32.13.3.rel1.linux64_1.0.0.202410170706/tools/bin/../lib/gcc/arm-none-eabi/13.3.1/thumb/v7e-m+fp/hard/libgcc.a
LOAD /opt/st/stm32cubeide_1.18.1/plugins/com.st.stm32cube.ide.mcu.externaltools.gnu-tools-for-stm32.13.3.rel1.linux64_1.0.0.202410170706/tools/bin/../lib/gcc/arm-none-eabi/13.3.1/../../../../arm-none-eabi/lib/thumb/v7e-m+fp/hard/libc_nano.a
END GROUP
START GROUP
LOAD /opt/st/stm32cubeide_1.18.1/plugins/com.st.stm32cube.ide.mcu.externaltools.gnu-tools-for-stm32.13.3.rel1.linux64_1.0.0.202410170706/tools/bin/../lib/gcc/arm-none-eabi/13.3.1/thumb/v7e-m+fp/hard/libgcc.a
LOAD /opt/st/stm32cubeide_1.18.1/plugins/com.st.stm32cube.ide.mcu.externaltools.gnu-tools-for-stm32.13.3.rel1.linux64_1.0.0.202410170706/tools/bin/../lib/gcc/arm-none-eabi/13.3.1/../../../../arm-none-eabi/lib/thumb/v7e-m+fp/hard/libc_nano.a
LOAD /opt/st/stm32cubeide_1.18.1/plugins/com.st.stm32cube.ide.mcu.externaltools.gnu-tools-for-stm32.13.3.rel1.linux64_1.0.0.202410170706/tools/bin/../lib/gcc/arm-none-eabi/13.3.1/../../../../arm-none-eabi/lib/thumb/v7e-m+fp/hard/libnosys.a
END GROUP
START GROUP
LOAD /opt/st/stm32cubeide_1.18.1/plugins/com.st.stm32cube.ide.mcu.externaltools.gnu-tools-for-stm32.13.3.rel1.linux64_1.0.0.202410170706/tools/bin/../lib/gcc/arm-none-eabi/13.3.1/thumb/v7e-m+fp/hard/libgcc.a
LOAD /opt/st/stm32cubeide_1.18.1/plugins/com.st.stm32cube.ide.mcu.externaltools.gnu-tools-for-stm32.13.3.rel1.linux64_1.0.0.202410170706/tools/bin/../lib/gcc/arm-none-eabi/13.3.1/../../../../arm-none-eabi/lib/thumb/v7e-m+fp/hard/libc_nano.a
LOAD /opt/st/stm32cubeide_1.18.1/plugins/com.st.stm32cube.ide.mcu.externaltools.gnu-tools-for-stm32.13.3.rel1.linux64_1.0.0.202410170706/tools/bin/../lib/gcc/arm-none-eabi/13.3.1/../../../../arm-none-eabi/lib/thumb/v7e-m+fp/hard/libnosys.a
END GROUP
LOAD /opt/st/stm32cubeide_1.18.1/plugins/com.st.stm32cube.ide.mcu.externaltools.gnu-tools-for-stm32.13.3.rel1.linux64_1.0.0.202410170706/tools/bin/../lib/gcc/arm-none-eabi/13.3.1/thumb/v7e-m+fp/hard/crtend.o
LOAD /opt/st/stm32cubeide_1.18.1/plugins/com.st.stm32cube.ide.mcu.externaltools.gnu-tools-for-stm32.13.3.rel1.linux64_1.0.0.202410170706/tools/bin/../lib/gcc/arm-none-eabi/13.3.1/thumb/v7e-m+fp/hard/crtn.o
                0x20020000                        _estack = (ORIGIN (RAM) + LENGTH (RAM))
                0x00000200                        _Min_Heap_Size = 0x200
                0x00000400                        _Min_Stack_Size = 0x400

.isr_vector     0x08000000      0x198
                0x08000000                        . = ALIGN (0x4)
 *(.isr_vector)
 .isr_vector    0x08000000      0x198 ./Core/Startup/startup_stm32f411ceux.o
                0x08000000                g_pfnVectors
                0x08000198                        . = ALIGN (0x4)

.text           0x080001a0     0x4fc4
                0x080001a0                        . = ALIGN (0x4)
 *(.text)
 .text          0x080001a0       0x40 /opt/st/stm32cubeide_1.18.1/plugins/com.st.stm32cube.ide.mcu.externaltools.gnu-tools-for-stm32.13.3.rel1.linux64_1.0.0.202410170706/tools/bin/../lib/gcc/arm-none-eabi/13.3.1/thumb/v7e-m+fp/hard/crtbegin.o
 .text          0x080001e0       0x10 /opt/st/stm32cubeide_1.18.1/plugins/com.st.stm32cube.ide.mcu.externaltools.gnu-tools-for-stm32.13.3.rel1.linux64_1.0.0.202410170706/tools/bin/../lib/gcc/arm-none-eabi/13.3.1/../../../../arm-none-eabi/lib/thumb/v7e-m+fp/hard/libc_nano.a(libc_a-strlen.o)
                0x080001e0                strlen
 .text          0x080001f0       0xa0 /opt/st/stm32cubeide_1.18.1/plugins/com.st.stm32cube.ide.mcu.externaltools.gnu-tools-for-stm32.13.3.rel1.linux64_1.0.0.202410170706/tools/bin/../lib/gcc/arm-none-eabi/13.3.1/../../../../arm-none-eabi/lib/thumb/v7e-m+fp/hard/libc_nano.a(libc_a-memchr.o)
                0x080001f0                memchr
 .text          0x08000290       0x30 /opt/st/stm32cubeide_1.18.1/plugins/com.st.stm32cube.ide.mcu.externaltools.gnu-tools-for-stm32.13.3.rel1.linux64_1.0.0.202410170706/tools/bin/../lib/gcc/arm-none-eabi/13.3.1/thumb/v7e-m+fp/hard/libgcc.a(_aeabi_uldivmod.o)
                0x08000290                __aeabi_uldivmod
 .text          0x080002c0      0x2f8 /opt/st/stm32cubeide_1.18.1/plugins/com.st.stm32cube.ide.mcu.externaltools.gnu-tools-for-stm32.13.3.rel1.linux64_1.0.0.202410170706/tools/bin/../lib/gcc/arm-none-eabi/13.3.1/thumb/v7e-m+fp/hard/libgcc.a(_udivmoddi4.o)
                0x080002c0                __udivmoddi4
 .text          0x080005b8        0x4 /opt/st/stm32cubeide_1.18.1/plugins/com.st.stm32cube.ide.mcu.externaltools.gnu-tools-for-stm32.13.3.rel1.linux64_1.0.0.202410170706/tools/bin/../lib/gcc/arm-none-eabi/13.3.1/thumb/v7e-m+fp/hard/libgcc.a(_dvmd_tls.o)
                0x080005b8                __aeabi_ldiv0
                0x080005b8                __aeabi_idiv0
 *(.text*)
 .text.MX_GPIO_Init
                0x080005bc       0x94 ./Core/Src/gpio.o
                0x080005bc                MX_GPIO_Init
 .text._halt    0x08000650        0x6 ./Core/Src/main.o
                0x08000650                _halt
 *fill*         0x08000656        0x2 
 .text.delay    0x08000658       0x18 ./Core/Src/main.o
                0x08000658                delay
 .text.check_app_vector_table
                0x08000670      0x148 ./Core/Src/main.o
                0x08000670                check_app_vector_table
 .text.is_app_vector_table_valid
                0x080007b8       0x58 ./Core/Src/main.o
                0x080007b8                is_app_vector_table_valid
 .text.jump_to_application
                0x08000810       0x20 ./Core/Src/main.o
                0x08000810                jump_to_application
 .text.check_boot_flag
                0x08000830       0x20 ./Core/Src/main.o
                0x08000830                check_boot_flag
 .text.is_time_elapsed
                0x08000850       0x12 ./Core/Src/main.o
                0x08000850                is_time_elapsed
 *fill*         0x08000862        0x2 
 .text.Error_Handler
                0x08000864       0x54 ./Core/Src/main.o
                0x08000864                Error_Handler
 .text.check_firmware_upgrade_btn
                0x080008b8       0xbc ./Core/Src/main.o
                0x080008b8                check_firmware_upgrade_btn
 .text.SystemClock_Config
                0x08000974       0x9c ./Core/Src/main.o
                0x08000974                SystemClock_Config
 .text.startup.main
                0x08000a10       0x78 ./Core/Src/main.o
                0x08000a10                main
 .text.HAL_MspInit
                0x08000a88       0x38 ./Core/Src/stm32f4xx_hal_msp.o
                0x08000a88                HAL_MspInit
 .text.NMI_Handler
                0x08000ac0        0x2 ./Core/Src/stm32f4xx_it.o
                0x08000ac0                NMI_Handler
 .text.HardFault_Handler
                0x08000ac2        0x2 ./Core/Src/stm32f4xx_it.o
                0x08000ac2                HardFault_Handler
 .text.MemManage_Handler
                0x08000ac4        0x2 ./Core/Src/stm32f4xx_it.o
                0x08000ac4                MemManage_Handler
 .text.BusFault_Handler
                0x08000ac6        0x2 ./Core/Src/stm32f4xx_it.o
                0x08000ac6                BusFault_Handler
 .text.UsageFault_Handler
                0x08000ac8        0x2 ./Core/Src/stm32f4xx_it.o
                0x08000ac8                UsageFault_Handler
 .text.SVC_Handler
                0x08000aca        0x2 ./Core/Src/stm32f4xx_it.o
                0x08000aca                SVC_Handler
 .text.DebugMon_Handler
                0x08000acc        0x2 ./Core/Src/stm32f4xx_it.o
                0x08000acc                DebugMon_Handler
 .text.PendSV_Handler
                0x08000ace        0x2 ./Core/Src/stm32f4xx_it.o
                0x08000ace                PendSV_Handler
 .text.SysTick_Handler
                0x08000ad0        0x4 ./Core/Src/stm32f4xx_it.o
                0x08000ad0                SysTick_Handler
 .text.OTG_FS_IRQHandler
                0x08000ad4        0xc ./Core/Src/stm32f4xx_it.o
                0x08000ad4                OTG_FS_IRQHandler
 .text._read    0x08000ae0       0x1c ./Core/Src/syscalls.o
                0x08000ae0                _read
 .text._close   0x08000afc        0x6 ./Core/Src/syscalls.o
                0x08000afc                _close
 .text._fstat   0x08000b02        0xa ./Core/Src/syscalls.o
                0x08000b02                _fstat
 .text._isatty  0x08000b0c        0x4 ./Core/Src/syscalls.o
                0x08000b0c                _isatty
 .text._lseek   0x08000b10        0x4 ./Core/Src/syscalls.o
                0x08000b10                _lseek
 .text._sbrk    0x08000b14       0x40 ./Core/Src/sysmem.o
                0x08000b14                _sbrk
 .text.SystemInit
                0x08000b54       0x14 ./Core/Src/system_stm32f4xx.o
                0x08000b54                SystemInit
 .text._write   0x08000b68       0x24 ./Core/Src/usart.o
                0x08000b68                _write
 .text.MX_USART1_UART_Init
                0x08000b8c       0x38 ./Core/Src/usart.o
                0x08000b8c                MX_USART1_UART_Init
 .text.HAL_UART_MspInit
                0x08000bc4       0x6c ./Core/Src/usart.o
                0x08000bc4                HAL_UART_MspInit
 .text.Reset_Handler
                0x08000c30       0x50 ./Core/Startup/startup_stm32f411ceux.o
                0x08000c30                Reset_Handler
 .text.Default_Handler
                0x08000c80        0x2 ./Core/Startup/startup_stm32f411ceux.o
                0x08000c80                RTC_Alarm_IRQHandler
                0x08000c80                EXTI2_IRQHandler
                0x08000c80                SPI4_IRQHandler
                0x08000c80                TIM1_CC_IRQHandler
                0x08000c80                DMA2_Stream5_IRQHandler
                0x08000c80                DMA1_Stream5_IRQHandler
                0x08000c80                PVD_IRQHandler
                0x08000c80                SDIO_IRQHandler
                0x08000c80                TAMP_STAMP_IRQHandler
                0x08000c80                EXTI3_IRQHandler
                0x08000c80                TIM1_UP_TIM10_IRQHandler
                0x08000c80                I2C3_ER_IRQHandler
                0x08000c80                EXTI0_IRQHandler
                0x08000c80                I2C2_EV_IRQHandler
                0x08000c80                DMA1_Stream2_IRQHandler
                0x08000c80                FPU_IRQHandler
                0x08000c80                DMA2_Stream2_IRQHandler
                0x08000c80                SPI1_IRQHandler
                0x08000c80                TIM1_BRK_TIM9_IRQHandler
                0x08000c80                DMA2_Stream3_IRQHandler
                0x08000c80                USART6_IRQHandler
                0x08000c80                DMA2_Stream0_IRQHandler
                0x08000c80                TIM4_IRQHandler
                0x08000c80                I2C1_EV_IRQHandler
                0x08000c80                DMA1_Stream6_IRQHandler
                0x08000c80                DMA1_Stream1_IRQHandler
                0x08000c80                TIM3_IRQHandler
                0x08000c80                RCC_IRQHandler
                0x08000c80                Default_Handler
                0x08000c80                EXTI15_10_IRQHandler
                0x08000c80                ADC_IRQHandler
                0x08000c80                DMA1_Stream7_IRQHandler
                0x08000c80                SPI5_IRQHandler
                0x08000c80                TIM5_IRQHandler
                0x08000c80                DMA2_Stream7_IRQHandler
                0x08000c80                I2C3_EV_IRQHandler
                0x08000c80                EXTI9_5_IRQHandler
                0x08000c80                RTC_WKUP_IRQHandler
                0x08000c80                SPI2_IRQHandler
                0x08000c80                DMA1_Stream0_IRQHandler
                0x08000c80                EXTI4_IRQHandler
                0x08000c80                WWDG_IRQHandler
                0x08000c80                TIM2_IRQHandler
                0x08000c80                OTG_FS_WKUP_IRQHandler
                0x08000c80                TIM1_TRG_COM_TIM11_IRQHandler
                0x08000c80                EXTI1_IRQHandler
                0x08000c80                USART2_IRQHandler
                0x08000c80                I2C2_ER_IRQHandler
                0x08000c80                DMA2_Stream1_IRQHandler
                0x08000c80                FLASH_IRQHandler
                0x08000c80                DMA2_Stream4_IRQHandler
                0x08000c80                USART1_IRQHandler
                0x08000c80                SPI3_IRQHandler
                0x08000c80                DMA1_Stream4_IRQHandler
                0x08000c80                I2C1_ER_IRQHandler
                0x08000c80                DMA2_Stream6_IRQHandler
                0x08000c80                DMA1_Stream3_IRQHandler
 *fill*         0x08000c82        0x2 
 .text.HAL_InitTick
                0x08000c84       0x48 ./Drivers/STM32F4xx_HAL_Driver/stm32f4xx_hal.o
                0x08000c84                HAL_InitTick
 .text.HAL_Init
                0x08000ccc       0x34 ./Drivers/STM32F4xx_HAL_Driver/stm32f4xx_hal.o
                0x08000ccc                HAL_Init
 .text.HAL_IncTick
                0x08000d00       0x18 ./Drivers/STM32F4xx_HAL_Driver/stm32f4xx_hal.o
                0x08000d00                HAL_IncTick
 .text.HAL_GetTick
                0x08000d18        0xc ./Drivers/STM32F4xx_HAL_Driver/stm32f4xx_hal.o
                0x08000d18                HAL_GetTick
 .text.HAL_Delay
                0x08000d24       0x28 ./Drivers/STM32F4xx_HAL_Driver/stm32f4xx_hal.o
                0x08000d24                HAL_Delay
 .text.HAL_NVIC_SetPriorityGrouping
                0x08000d4c       0x24 ./Drivers/STM32F4xx_HAL_Driver/stm32f4xx_hal_cortex.o
                0x08000d4c                HAL_NVIC_SetPriorityGrouping
 .text.HAL_NVIC_SetPriority
                0x08000d70       0x64 ./Drivers/STM32F4xx_HAL_Driver/stm32f4xx_hal_cortex.o
                0x08000d70                HAL_NVIC_SetPriority
 .text.HAL_NVIC_EnableIRQ
                0x08000dd4       0x1c ./Drivers/STM32F4xx_HAL_Driver/stm32f4xx_hal_cortex.o
                0x08000dd4                HAL_NVIC_EnableIRQ
 .text.HAL_SYSTICK_Config
                0x08000df0       0x28 ./Drivers/STM32F4xx_HAL_Driver/stm32f4xx_hal_cortex.o
                0x08000df0                HAL_SYSTICK_Config
 .text.FLASH_Program_DoubleWord
                0x08000e18       0x2c ./Drivers/STM32F4xx_HAL_Driver/stm32f4xx_hal_flash.o
 .text.FLASH_Program_Word
                0x08000e44       0x24 ./Drivers/STM32F4xx_HAL_Driver/stm32f4xx_hal_flash.o
 .text.FLASH_Program_HalfWord
                0x08000e68       0x24 ./Drivers/STM32F4xx_HAL_Driver/stm32f4xx_hal_flash.o
 .text.FLASH_SetErrorCode
                0x08000e8c       0x8c ./Drivers/STM32F4xx_HAL_Driver/stm32f4xx_hal_flash.o
 .text.HAL_FLASH_Unlock
                0x08000f18       0x24 ./Drivers/STM32F4xx_HAL_Driver/stm32f4xx_hal_flash.o
                0x08000f18                HAL_FLASH_Unlock
 .text.HAL_FLASH_Lock
                0x08000f3c       0x14 ./Drivers/STM32F4xx_HAL_Driver/stm32f4xx_hal_flash.o
                0x08000f3c                HAL_FLASH_Lock
 .text.FLASH_WaitForLastOperation
                0x08000f50       0x50 ./Drivers/STM32F4xx_HAL_Driver/stm32f4xx_hal_flash.o
                0x08000f50                FLASH_WaitForLastOperation
 .text.HAL_FLASH_Program
                0x08000fa0       0x8c ./Drivers/STM32F4xx_HAL_Driver/stm32f4xx_hal_flash.o
                0x08000fa0                HAL_FLASH_Program
 .text.FLASH_MassErase.isra.0
                0x0800102c       0x24 ./Drivers/STM32F4xx_HAL_Driver/stm32f4xx_hal_flash_ex.o
 .text.FLASH_Erase_Sector
                0x08001050       0x3c ./Drivers/STM32F4xx_HAL_Driver/stm32f4xx_hal_flash_ex.o
                0x08001050                FLASH_Erase_Sector
 .text.FLASH_FlushCaches
                0x0800108c       0x58 ./Drivers/STM32F4xx_HAL_Driver/stm32f4xx_hal_flash_ex.o
                0x0800108c                FLASH_FlushCaches
 .text.HAL_FLASHEx_Erase
                0x080010e4       0xa0 ./Drivers/STM32F4xx_HAL_Driver/stm32f4xx_hal_flash_ex.o
                0x080010e4                HAL_FLASHEx_Erase
 .text.HAL_GPIO_Init
                0x08001184      0x18c ./Drivers/STM32F4xx_HAL_Driver/stm32f4xx_hal_gpio.o
                0x08001184                HAL_GPIO_Init
 .text.HAL_GPIO_ReadPin
                0x08001310        0xc ./Drivers/STM32F4xx_HAL_Driver/stm32f4xx_hal_gpio.o
                0x08001310                HAL_GPIO_ReadPin
 .text.HAL_GPIO_WritePin
                0x0800131c        0xa ./Drivers/STM32F4xx_HAL_Driver/stm32f4xx_hal_gpio.o
                0x0800131c                HAL_GPIO_WritePin
 .text.HAL_GPIO_TogglePin
                0x08001326       0x12 ./Drivers/STM32F4xx_HAL_Driver/stm32f4xx_hal_gpio.o
                0x08001326                HAL_GPIO_TogglePin
 .text.HAL_PCD_Init
                0x08001338       0xde ./Drivers/STM32F4xx_HAL_Driver/stm32f4xx_hal_pcd.o
                0x08001338                HAL_PCD_Init
 .text.HAL_PCD_Start
                0x08001416       0x3e ./Drivers/STM32F4xx_HAL_Driver/stm32f4xx_hal_pcd.o
                0x08001416                HAL_PCD_Start
 .text.HAL_PCD_Stop
                0x08001454       0x48 ./Drivers/STM32F4xx_HAL_Driver/stm32f4xx_hal_pcd.o
                0x08001454                HAL_PCD_Stop
 .text.HAL_PCD_SetAddress
                0x0800149c       0x26 ./Drivers/STM32F4xx_HAL_Driver/stm32f4xx_hal_pcd.o
                0x0800149c                HAL_PCD_SetAddress
 .text.HAL_PCD_EP_Open
                0x080014c2       0x72 ./Drivers/STM32F4xx_HAL_Driver/stm32f4xx_hal_pcd.o
                0x080014c2                HAL_PCD_EP_Open
 .text.HAL_PCD_EP_Receive
                0x08001534       0x3c ./Drivers/STM32F4xx_HAL_Driver/stm32f4xx_hal_pcd.o
                0x08001534                HAL_PCD_EP_Receive
 .text.HAL_PCD_EP_Transmit
                0x08001570       0x36 ./Drivers/STM32F4xx_HAL_Driver/stm32f4xx_hal_pcd.o
                0x08001570                HAL_PCD_EP_Transmit
 .text.HAL_PCD_EP_SetStall
                0x080015a6       0x6e ./Drivers/STM32F4xx_HAL_Driver/stm32f4xx_hal_pcd.o
                0x080015a6                HAL_PCD_EP_SetStall
 .text.HAL_PCD_EP_ClrStall
                0x08001614       0x6a ./Drivers/STM32F4xx_HAL_Driver/stm32f4xx_hal_pcd.o
                0x08001614                HAL_PCD_EP_ClrStall
 .text.HAL_PCD_EP_Abort
                0x0800167e       0x20 ./Drivers/STM32F4xx_HAL_Driver/stm32f4xx_hal_pcd.o
                0x0800167e                HAL_PCD_EP_Abort
 *fill*         0x0800169e        0x2 
 .text.HAL_PCD_IRQHandler
                0x080016a0      0x690 ./Drivers/STM32F4xx_HAL_Driver/stm32f4xx_hal_pcd.o
                0x080016a0                HAL_PCD_IRQHandler
 .text.HAL_PCDEx_SetTxFiFo
                0x08001d30       0x3e ./Drivers/STM32F4xx_HAL_Driver/stm32f4xx_hal_pcd_ex.o
                0x08001d30                HAL_PCDEx_SetTxFiFo
 .text.HAL_PCDEx_SetRxFiFo
                0x08001d6e        0x8 ./Drivers/STM32F4xx_HAL_Driver/stm32f4xx_hal_pcd_ex.o
                0x08001d6e                HAL_PCDEx_SetRxFiFo
 .text.HAL_PCDEx_LPM_Callback
                0x08001d76        0x2 ./Drivers/STM32F4xx_HAL_Driver/stm32f4xx_hal_pcd_ex.o
                0x08001d76                HAL_PCDEx_LPM_Callback
 .text.HAL_RCC_OscConfig
                0x08001d78      0x35c ./Drivers/STM32F4xx_HAL_Driver/stm32f4xx_hal_rcc.o
                0x08001d78                HAL_RCC_OscConfig
 .text.HAL_RCC_GetSysClockFreq
                0x080020d4       0x5c ./Drivers/STM32F4xx_HAL_Driver/stm32f4xx_hal_rcc.o
                0x080020d4                HAL_RCC_GetSysClockFreq
 .text.HAL_RCC_ClockConfig
                0x08002130      0x134 ./Drivers/STM32F4xx_HAL_Driver/stm32f4xx_hal_rcc.o
                0x08002130                HAL_RCC_ClockConfig
 .text.HAL_RCC_GetHCLKFreq
                0x08002264        0xc ./Drivers/STM32F4xx_HAL_Driver/stm32f4xx_hal_rcc.o
                0x08002264                HAL_RCC_GetHCLKFreq
 .text.HAL_RCC_GetPCLK1Freq
                0x08002270       0x20 ./Drivers/STM32F4xx_HAL_Driver/stm32f4xx_hal_rcc.o
                0x08002270                HAL_RCC_GetPCLK1Freq
 .text.HAL_RCC_GetPCLK2Freq
                0x08002290       0x20 ./Drivers/STM32F4xx_HAL_Driver/stm32f4xx_hal_rcc.o
                0x08002290                HAL_RCC_GetPCLK2Freq
 .text.UART_EndRxTransfer
                0x080022b0       0x5c ./Drivers/STM32F4xx_HAL_Driver/stm32f4xx_hal_uart.o
 .text.UART_SetConfig
                0x0800230c       0xbc ./Drivers/STM32F4xx_HAL_Driver/stm32f4xx_hal_uart.o
 .text.UART_WaitOnFlagUntilTimeout.constprop.0
                0x080023c8       0x64 ./Drivers/STM32F4xx_HAL_Driver/stm32f4xx_hal_uart.o
 .text.HAL_UART_Init
                0x0800242c       0x5e ./Drivers/STM32F4xx_HAL_Driver/stm32f4xx_hal_uart.o
                0x0800242c                HAL_UART_Init
 .text.HAL_UART_Transmit
                0x0800248a       0x9c ./Drivers/STM32F4xx_HAL_Driver/stm32f4xx_hal_uart.o
                0x0800248a                HAL_UART_Transmit
 .text.USB_CoreReset
                0x08002526       0x50 ./Drivers/STM32F4xx_HAL_Driver/stm32f4xx_ll_usb.o
 .text.USB_CoreInit
                0x08002576       0x88 ./Drivers/STM32F4xx_HAL_Driver/stm32f4xx_ll_usb.o
                0x08002576                USB_CoreInit
 *fill*         0x080025fe        0x2 
 .text.USB_SetTurnaroundTime
                0x08002600       0xe0 ./Drivers/STM32F4xx_HAL_Driver/stm32f4xx_ll_usb.o
                0x08002600                USB_SetTurnaroundTime
 .text.USB_EnableGlobalInt
                0x080026e0        0xc ./Drivers/STM32F4xx_HAL_Driver/stm32f4xx_ll_usb.o
                0x080026e0                USB_EnableGlobalInt
 .text.USB_DisableGlobalInt
                0x080026ec        0xc ./Drivers/STM32F4xx_HAL_Driver/stm32f4xx_ll_usb.o
                0x080026ec                USB_DisableGlobalInt
 .text.USB_SetCurrentMode
                0x080026f8       0x60 ./Drivers/STM32F4xx_HAL_Driver/stm32f4xx_ll_usb.o
                0x080026f8                USB_SetCurrentMode
 .text.USB_FlushTxFifo
                0x08002758       0x46 ./Drivers/STM32F4xx_HAL_Driver/stm32f4xx_ll_usb.o
                0x08002758                USB_FlushTxFifo
 .text.USB_FlushRxFifo
                0x0800279e       0x42 ./Drivers/STM32F4xx_HAL_Driver/stm32f4xx_ll_usb.o
                0x0800279e                USB_FlushRxFifo
 .text.USB_SetDevSpeed
                0x080027e0        0xe ./Drivers/STM32F4xx_HAL_Driver/stm32f4xx_ll_usb.o
                0x080027e0                USB_SetDevSpeed
 *fill*         0x080027ee        0x2 
 .text.USB_DevInit
                0x080027f0      0x174 ./Drivers/STM32F4xx_HAL_Driver/stm32f4xx_ll_usb.o
                0x080027f0                USB_DevInit
 .text.USB_GetDevSpeed
                0x08002964       0x16 ./Drivers/STM32F4xx_HAL_Driver/stm32f4xx_ll_usb.o
                0x08002964                USB_GetDevSpeed
 .text.USB_ActivateEndpoint
                0x0800297a       0x7e ./Drivers/STM32F4xx_HAL_Driver/stm32f4xx_ll_usb.o
                0x0800297a                USB_ActivateEndpoint
 .text.USB_EPStopXfer
                0x080029f8       0x84 ./Drivers/STM32F4xx_HAL_Driver/stm32f4xx_ll_usb.o
                0x080029f8                USB_EPStopXfer
 .text.USB_WritePacket
                0x08002a7c       0x26 ./Drivers/STM32F4xx_HAL_Driver/stm32f4xx_ll_usb.o
                0x08002a7c                USB_WritePacket
 *fill*         0x08002aa2        0x2 
 .text.USB_EPStartXfer
                0x08002aa4      0x204 ./Drivers/STM32F4xx_HAL_Driver/stm32f4xx_ll_usb.o
                0x08002aa4                USB_EPStartXfer
 .text.USB_ReadPacket
                0x08002ca8       0x40 ./Drivers/STM32F4xx_HAL_Driver/stm32f4xx_ll_usb.o
                0x08002ca8                USB_ReadPacket
 .text.USB_EPSetStall
                0x08002ce8       0x56 ./Drivers/STM32F4xx_HAL_Driver/stm32f4xx_ll_usb.o
                0x08002ce8                USB_EPSetStall
 .text.USB_EPClearStall
                0x08002d3e       0x52 ./Drivers/STM32F4xx_HAL_Driver/stm32f4xx_ll_usb.o
                0x08002d3e                USB_EPClearStall
 .text.USB_SetDevAddress
                0x08002d90       0x20 ./Drivers/STM32F4xx_HAL_Driver/stm32f4xx_ll_usb.o
                0x08002d90                USB_SetDevAddress
 .text.USB_DevConnect
                0x08002db0       0x1c ./Drivers/STM32F4xx_HAL_Driver/stm32f4xx_ll_usb.o
                0x08002db0                USB_DevConnect
 .text.USB_DevDisconnect
                0x08002dcc       0x1c ./Drivers/STM32F4xx_HAL_Driver/stm32f4xx_ll_usb.o
                0x08002dcc                USB_DevDisconnect
 .text.USB_ReadInterrupts
                0x08002de8        0x8 ./Drivers/STM32F4xx_HAL_Driver/stm32f4xx_ll_usb.o
                0x08002de8                USB_ReadInterrupts
 .text.USB_ReadDevAllOutEpInterrupt
                0x08002df0       0x10 ./Drivers/STM32F4xx_HAL_Driver/stm32f4xx_ll_usb.o
                0x08002df0                USB_ReadDevAllOutEpInterrupt
 .text.USB_ReadDevAllInEpInterrupt
                0x08002e00       0x10 ./Drivers/STM32F4xx_HAL_Driver/stm32f4xx_ll_usb.o
                0x08002e00                USB_ReadDevAllInEpInterrupt
 .text.USB_ReadDevOutEPInterrupt
                0x08002e10       0x12 ./Drivers/STM32F4xx_HAL_Driver/stm32f4xx_ll_usb.o
                0x08002e10                USB_ReadDevOutEPInterrupt
 .text.USB_ReadDevInEPInterrupt
                0x08002e22       0x22 ./Drivers/STM32F4xx_HAL_Driver/stm32f4xx_ll_usb.o
                0x08002e22                USB_ReadDevInEPInterrupt
 .text.USB_GetMode
                0x08002e44        0x8 ./Drivers/STM32F4xx_HAL_Driver/stm32f4xx_ll_usb.o
                0x08002e44                USB_GetMode
 .text.USB_ActivateSetup
                0x08002e4c       0x1c ./Drivers/STM32F4xx_HAL_Driver/stm32f4xx_ll_usb.o
                0x08002e4c                USB_ActivateSetup
 .text.USB_EP0_OutStart
                0x08002e68       0x4c ./Drivers/STM32F4xx_HAL_Driver/stm32f4xx_ll_usb.o
                0x08002e68                USB_EP0_OutStart
 .text.USBD_Init
                0x08002eb4       0x26 ./Middlewares/USB_Device_Library/usbd_core.o
                0x08002eb4                USBD_Init
 .text.USBD_RegisterClass
                0x08002eda       0x32 ./Middlewares/USB_Device_Library/usbd_core.o
                0x08002eda                USBD_RegisterClass
 .text.USBD_Start
                0x08002f0c        0x4 ./Middlewares/USB_Device_Library/usbd_core.o
                0x08002f0c                USBD_Start
 .text.USBD_Stop
                0x08002f10       0x1a ./Middlewares/USB_Device_Library/usbd_core.o
                0x08002f10                USBD_Stop
 .text.USBD_SetClassConfig
                0x08002f2a        0xe ./Middlewares/USB_Device_Library/usbd_core.o
                0x08002f2a                USBD_SetClassConfig
 .text.USBD_ClrClassConfig
                0x08002f38       0x12 ./Middlewares/USB_Device_Library/usbd_core.o
                0x08002f38                USBD_ClrClassConfig
 .text.USBD_LL_SetupStage
                0x08002f4a       0x60 ./Middlewares/USB_Device_Library/usbd_core.o
                0x08002f4a                USBD_LL_SetupStage
 .text.USBD_LL_DataOutStage
                0x08002faa       0x74 ./Middlewares/USB_Device_Library/usbd_core.o
                0x08002faa                USBD_LL_DataOutStage
 .text.USBD_LL_DataInStage
                0x0800301e       0xa8 ./Middlewares/USB_Device_Library/usbd_core.o
                0x0800301e                USBD_LL_DataInStage
 .text.USBD_LL_Reset
                0x080030c6       0x60 ./Middlewares/USB_Device_Library/usbd_core.o
                0x080030c6                USBD_LL_Reset
 .text.USBD_LL_SetSpeed
                0x08003126        0x6 ./Middlewares/USB_Device_Library/usbd_core.o
                0x08003126                USBD_LL_SetSpeed
 .text.USBD_LL_Suspend
                0x0800312c       0x1c ./Middlewares/USB_Device_Library/usbd_core.o
                0x0800312c                USBD_LL_Suspend
 .text.USBD_LL_Resume
                0x08003148       0x16 ./Middlewares/USB_Device_Library/usbd_core.o
                0x08003148                USBD_LL_Resume
 .text.USBD_LL_SOF
                0x0800315e       0x1a ./Middlewares/USB_Device_Library/usbd_core.o
                0x0800315e                USBD_LL_SOF
 .text.USBD_LL_IsoINIncomplete
                0x08003178       0x26 ./Middlewares/USB_Device_Library/usbd_core.o
                0x08003178                USBD_LL_IsoINIncomplete
 .text.USBD_LL_IsoOUTIncomplete
                0x0800319e       0x26 ./Middlewares/USB_Device_Library/usbd_core.o
                0x0800319e                USBD_LL_IsoOUTIncomplete
 .text.USBD_LL_DevConnected
                0x080031c4        0x4 ./Middlewares/USB_Device_Library/usbd_core.o
                0x080031c4                USBD_LL_DevConnected
 .text.USBD_LL_DevDisconnected
                0x080031c8       0x20 ./Middlewares/USB_Device_Library/usbd_core.o
                0x080031c8                USBD_LL_DevDisconnected
 .text.USBD_CoreFindIF
                0x080031e8        0x4 ./Middlewares/USB_Device_Library/usbd_core.o
                0x080031e8                USBD_CoreFindIF
 .text.USBD_CoreFindEP
                0x080031ec        0x4 ./Middlewares/USB_Device_Library/usbd_core.o
                0x080031ec                USBD_CoreFindEP
 .text.USBD_GetNextDesc
                0x080031f0        0xc ./Middlewares/USB_Device_Library/usbd_core.o
                0x080031f0                USBD_GetNextDesc
 .text.USBD_CtlError.constprop.0
                0x080031fc       0x16 ./Middlewares/USB_Device_Library/usbd_ctlreq.o
 *fill*         0x08003212        0x2 
 .text.USBD_StdDevReq
                0x08003214      0x2fc ./Middlewares/USB_Device_Library/usbd_ctlreq.o
                0x08003214                USBD_StdDevReq
 .text.USBD_StdItfReq
                0x08003510       0x5e ./Middlewares/USB_Device_Library/usbd_ctlreq.o
                0x08003510                USBD_StdItfReq
 .text.USBD_StdEPReq
                0x0800356e      0x148 ./Middlewares/USB_Device_Library/usbd_ctlreq.o
                0x0800356e                USBD_StdEPReq
 .text.USBD_ParseSetupRequest
                0x080036b6       0x16 ./Middlewares/USB_Device_Library/usbd_ctlreq.o
                0x080036b6                USBD_ParseSetupRequest
 .text.USBD_CtlError
                0x080036cc       0x16 ./Middlewares/USB_Device_Library/usbd_ctlreq.o
                0x080036cc                USBD_CtlError
 .text.USBD_GetString
                0x080036e2       0x38 ./Middlewares/USB_Device_Library/usbd_ctlreq.o
                0x080036e2                USBD_GetString
 *fill*         0x0800371a        0x2 
 .text.USBD_DFU_GetCfgDesc
                0x0800371c        0xc ./Middlewares/USB_Device_Library/usbd_dfu.o
 .text.USBD_DFU_EP0_RxReady
                0x08003728        0x4 ./Middlewares/USB_Device_Library/usbd_dfu.o
 .text.USBD_DFU_GetDeviceQualifierDesc
                0x0800372c        0xc ./Middlewares/USB_Device_Library/usbd_dfu.o
 .text.USBD_DFU_GetUsrStringDesc
                0x08003738       0x28 ./Middlewares/USB_Device_Library/usbd_dfu.o
 .text.USBD_DFU_GetDfuFuncDesc
                0x08003760       0x30 ./Middlewares/USB_Device_Library/usbd_dfu.o
 .text.USBD_DFU_EP0_TxReady
                0x08003790      0x124 ./Middlewares/USB_Device_Library/usbd_dfu.o
 .text.USBD_DFU_Setup
                0x080038b4      0x370 ./Middlewares/USB_Device_Library/usbd_dfu.o
 .text.USBD_DFU_DeInit
                0x08003c24       0x52 ./Middlewares/USB_Device_Library/usbd_dfu.o
 *fill*         0x08003c76        0x2 
 .text.USBD_DFU_Init
                0x08003c78       0x60 ./Middlewares/USB_Device_Library/usbd_dfu.o
 .text.USBD_DFU_SOF
                0x08003cd8        0x4 ./Middlewares/USB_Device_Library/usbd_dfu.o
 .text.USBD_DFU_RegisterMedia
                0x08003cdc       0x16 ./Middlewares/USB_Device_Library/usbd_dfu.o
                0x08003cdc                USBD_DFU_RegisterMedia
 .text.USBD_CtlSendData
                0x08003cf2       0x1c ./Middlewares/USB_Device_Library/usbd_ioreq.o
                0x08003cf2                USBD_CtlSendData
 .text.USBD_CtlContinueSendData
                0x08003d0e       0x10 ./Middlewares/USB_Device_Library/usbd_ioreq.o
                0x08003d0e                USBD_CtlContinueSendData
 .text.USBD_CtlPrepareRx
                0x08003d1e       0x22 ./Middlewares/USB_Device_Library/usbd_ioreq.o
                0x08003d1e                USBD_CtlPrepareRx
 .text.USBD_CtlContinueRx
                0x08003d40       0x10 ./Middlewares/USB_Device_Library/usbd_ioreq.o
                0x08003d40                USBD_CtlContinueRx
 .text.USBD_CtlSendStatus
                0x08003d50       0x16 ./Middlewares/USB_Device_Library/usbd_ioreq.o
                0x08003d50                USBD_CtlSendStatus
 .text.USBD_CtlReceiveStatus
                0x08003d66       0x16 ./Middlewares/USB_Device_Library/usbd_ioreq.o
                0x08003d66                USBD_CtlReceiveStatus
 .text.MX_USB_DEVICE_Init
                0x08003d7c       0x50 ./USB_DEVICE/App/usb_device.o
                0x08003d7c                MX_USB_DEVICE_Init
 .text.USBD_FS_DeviceDescriptor
                0x08003dcc        0xc ./USB_DEVICE/App/usbd_desc.o
                0x08003dcc                USBD_FS_DeviceDescriptor
 .text.USBD_FS_LangIDStrDescriptor
                0x08003dd8        0xc ./USB_DEVICE/App/usbd_desc.o
                0x08003dd8                USBD_FS_LangIDStrDescriptor
 .text.IntToUnicode
                0x08003de4       0x2a ./USB_DEVICE/App/usbd_desc.o
 *fill*         0x08003e0e        0x2 
 .text.USBD_FS_SerialStrDescriptor
                0x08003e10       0x3c ./USB_DEVICE/App/usbd_desc.o
                0x08003e10                USBD_FS_SerialStrDescriptor
 .text.USBD_FS_ManufacturerStrDescriptor
                0x08003e4c       0x1c ./USB_DEVICE/App/usbd_desc.o
                0x08003e4c                USBD_FS_ManufacturerStrDescriptor
 .text.USBD_FS_ProductStrDescriptor
                0x08003e68       0x1c ./USB_DEVICE/App/usbd_desc.o
                0x08003e68                USBD_FS_ProductStrDescriptor
 .text.USBD_FS_ConfigStrDescriptor
                0x08003e84       0x1c ./USB_DEVICE/App/usbd_desc.o
                0x08003e84                USBD_FS_ConfigStrDescriptor
 .text.USBD_FS_InterfaceStrDescriptor
                0x08003ea0       0x1c ./USB_DEVICE/App/usbd_desc.o
                0x08003ea0                USBD_FS_InterfaceStrDescriptor
 .text.MEM_If_Read_FS
                0x08003ebc       0x1a ./USB_DEVICE/App/usbd_dfu_if.o
 .text.MEM_If_GetStatus_FS
                0x08003ed6       0x12 ./USB_DEVICE/App/usbd_dfu_if.o
 .text.MEM_If_Write_FS
                0x08003ee8       0x48 ./USB_DEVICE/App/usbd_dfu_if.o
 .text.MEM_If_Erase_FS
                0x08003f30       0x80 ./USB_DEVICE/App/usbd_dfu_if.o
 .text.MEM_If_DeInit_FS
                0x08003fb0       0x10 ./USB_DEVICE/App/usbd_dfu_if.o
 .text.MEM_If_Init_FS
                0x08003fc0       0x10 ./USB_DEVICE/App/usbd_dfu_if.o
 .text.HAL_PCD_MspInit
                0x08003fd0       0x84 ./USB_DEVICE/Target/usbd_conf.o
                0x08003fd0                HAL_PCD_MspInit
 .text.HAL_PCD_SetupStageCallback
                0x08004054        0xc ./USB_DEVICE/Target/usbd_conf.o
                0x08004054                HAL_PCD_SetupStageCallback
 .text.HAL_PCD_DataOutStageCallback
                0x08004060       0x12 ./USB_DEVICE/Target/usbd_conf.o
                0x08004060                HAL_PCD_DataOutStageCallback
 .text.HAL_PCD_DataInStageCallback
                0x08004072       0x10 ./USB_DEVICE/Target/usbd_conf.o
                0x08004072                HAL_PCD_DataInStageCallback
 .text.HAL_PCD_SOFCallback
                0x08004082        0x8 ./USB_DEVICE/Target/usbd_conf.o
                0x08004082                HAL_PCD_SOFCallback
 .text.HAL_PCD_ResetCallback
                0x0800408a       0x24 ./USB_DEVICE/Target/usbd_conf.o
                0x0800408a                HAL_PCD_ResetCallback
 *fill*         0x080040ae        0x2 
 .text.HAL_PCD_SuspendCallback
                0x080040b0       0x30 ./USB_DEVICE/Target/usbd_conf.o
                0x080040b0                HAL_PCD_SuspendCallback
 .text.HAL_PCD_ResumeCallback
                0x080040e0        0x8 ./USB_DEVICE/Target/usbd_conf.o
                0x080040e0                HAL_PCD_ResumeCallback
 .text.HAL_PCD_ISOOUTIncompleteCallback
                0x080040e8        0x8 ./USB_DEVICE/Target/usbd_conf.o
                0x080040e8                HAL_PCD_ISOOUTIncompleteCallback
 .text.HAL_PCD_ISOINIncompleteCallback
                0x080040f0        0x8 ./USB_DEVICE/Target/usbd_conf.o
                0x080040f0                HAL_PCD_ISOINIncompleteCallback
 .text.HAL_PCD_ConnectCallback
                0x080040f8        0x8 ./USB_DEVICE/Target/usbd_conf.o
                0x080040f8                HAL_PCD_ConnectCallback
 .text.HAL_PCD_DisconnectCallback
                0x08004100        0x8 ./USB_DEVICE/Target/usbd_conf.o
                0x08004100                HAL_PCD_DisconnectCallback
 .text.USBD_LL_Init
                0x08004108       0x5c ./USB_DEVICE/Target/usbd_conf.o
                0x08004108                USBD_LL_Init
 .text.USBD_LL_IsStallEP
                0x08004164       0x24 ./USB_DEVICE/Target/usbd_conf.o
                0x08004164                USBD_LL_IsStallEP
 .text.USBD_static_malloc
                0x08004188        0x8 ./USB_DEVICE/Target/usbd_conf.o
                0x08004188                USBD_static_malloc
 .text.USBD_static_free
                0x08004190        0x2 ./USB_DEVICE/Target/usbd_conf.o
                0x08004190                USBD_static_free
 .text.USBD_Get_USB_Status
                0x08004192        0xc ./USB_DEVICE/Target/usbd_conf.o
                0x08004192                USBD_Get_USB_Status
 .text.USBD_LL_Start
                0x0800419e       0x12 ./USB_DEVICE/Target/usbd_conf.o
                0x0800419e                USBD_LL_Start
 .text.USBD_LL_Stop
                0x080041b0       0x12 ./USB_DEVICE/Target/usbd_conf.o
                0x080041b0                USBD_LL_Stop
 .text.USBD_LL_OpenEP
                0x080041c2       0x18 ./USB_DEVICE/Target/usbd_conf.o
                0x080041c2                USBD_LL_OpenEP
 .text.USBD_LL_StallEP
                0x080041da       0x12 ./USB_DEVICE/Target/usbd_conf.o
                0x080041da                USBD_LL_StallEP
 .text.USBD_LL_ClearStallEP
                0x080041ec       0x12 ./USB_DEVICE/Target/usbd_conf.o
                0x080041ec                USBD_LL_ClearStallEP
 .text.USBD_LL_SetUSBAddress
                0x080041fe       0x12 ./USB_DEVICE/Target/usbd_conf.o
                0x080041fe                USBD_LL_SetUSBAddress
 .text.USBD_LL_Transmit
                0x08004210       0x12 ./USB_DEVICE/Target/usbd_conf.o
                0x08004210                USBD_LL_Transmit
 .text.USBD_LL_PrepareReceive
                0x08004222       0x12 ./USB_DEVICE/Target/usbd_conf.o
                0x08004222                USBD_LL_PrepareReceive
 .text.std      0x08004234       0x6c /opt/st/stm32cubeide_1.18.1/plugins/com.st.stm32cube.ide.mcu.externaltools.gnu-tools-for-stm32.13.3.rel1.linux64_1.0.0.202410170706/tools/bin/../lib/gcc/arm-none-eabi/13.3.1/../../../../arm-none-eabi/lib/thumb/v7e-m+fp/hard/libc_nano.a(libc_a-findfp.o)
 .text.stdio_exit_handler
                0x080042a0       0x18 /opt/st/stm32cubeide_1.18.1/plugins/com.st.stm32cube.ide.mcu.externaltools.gnu-tools-for-stm32.13.3.rel1.linux64_1.0.0.202410170706/tools/bin/../lib/gcc/arm-none-eabi/13.3.1/../../../../arm-none-eabi/lib/thumb/v7e-m+fp/hard/libc_nano.a(libc_a-findfp.o)
 .text.cleanup_stdio
                0x080042b8       0x40 /opt/st/stm32cubeide_1.18.1/plugins/com.st.stm32cube.ide.mcu.externaltools.gnu-tools-for-stm32.13.3.rel1.linux64_1.0.0.202410170706/tools/bin/../lib/gcc/arm-none-eabi/13.3.1/../../../../arm-none-eabi/lib/thumb/v7e-m+fp/hard/libc_nano.a(libc_a-findfp.o)
 .text.global_stdio_init.part.0
                0x080042f8       0x3c /opt/st/stm32cubeide_1.18.1/plugins/com.st.stm32cube.ide.mcu.externaltools.gnu-tools-for-stm32.13.3.rel1.linux64_1.0.0.202410170706/tools/bin/../lib/gcc/arm-none-eabi/13.3.1/../../../../arm-none-eabi/lib/thumb/v7e-m+fp/hard/libc_nano.a(libc_a-findfp.o)
 .text.__sfp_lock_acquire
                0x08004334        0xc /opt/st/stm32cubeide_1.18.1/plugins/com.st.stm32cube.ide.mcu.externaltools.gnu-tools-for-stm32.13.3.rel1.linux64_1.0.0.202410170706/tools/bin/../lib/gcc/arm-none-eabi/13.3.1/../../../../arm-none-eabi/lib/thumb/v7e-m+fp/hard/libc_nano.a(libc_a-findfp.o)
                0x08004334                __sfp_lock_acquire
 .text.__sfp_lock_release
                0x08004340        0xc /opt/st/stm32cubeide_1.18.1/plugins/com.st.stm32cube.ide.mcu.externaltools.gnu-tools-for-stm32.13.3.rel1.linux64_1.0.0.202410170706/tools/bin/../lib/gcc/arm-none-eabi/13.3.1/../../../../arm-none-eabi/lib/thumb/v7e-m+fp/hard/libc_nano.a(libc_a-findfp.o)
                0x08004340                __sfp_lock_release
 .text.__sinit  0x0800434c       0x30 /opt/st/stm32cubeide_1.18.1/plugins/com.st.stm32cube.ide.mcu.externaltools.gnu-tools-for-stm32.13.3.rel1.linux64_1.0.0.202410170706/tools/bin/../lib/gcc/arm-none-eabi/13.3.1/../../../../arm-none-eabi/lib/thumb/v7e-m+fp/hard/libc_nano.a(libc_a-findfp.o)
                0x0800434c                __sinit
 .text._fwalk_sglue
                0x0800437c       0x3c /opt/st/stm32cubeide_1.18.1/plugins/com.st.stm32cube.ide.mcu.externaltools.gnu-tools-for-stm32.13.3.rel1.linux64_1.0.0.202410170706/tools/bin/../lib/gcc/arm-none-eabi/13.3.1/../../../../arm-none-eabi/lib/thumb/v7e-m+fp/hard/libc_nano.a(libc_a-fwalk.o)
                0x0800437c                _fwalk_sglue
 .text.printf   0x080043b8       0x24 /opt/st/stm32cubeide_1.18.1/plugins/com.st.stm32cube.ide.mcu.externaltools.gnu-tools-for-stm32.13.3.rel1.linux64_1.0.0.202410170706/tools/bin/../lib/gcc/arm-none-eabi/13.3.1/../../../../arm-none-eabi/lib/thumb/v7e-m+fp/hard/libc_nano.a(libc_a-printf.o)
                0x080043b8                printf
                0x080043b8                iprintf
 .text._puts_r  0x080043dc       0xaa /opt/st/stm32cubeide_1.18.1/plugins/com.st.stm32cube.ide.mcu.externaltools.gnu-tools-for-stm32.13.3.rel1.linux64_1.0.0.202410170706/tools/bin/../lib/gcc/arm-none-eabi/13.3.1/../../../../arm-none-eabi/lib/thumb/v7e-m+fp/hard/libc_nano.a(libc_a-puts.o)
                0x080043dc                _puts_r
 *fill*         0x08004486        0x2 
 .text.puts     0x08004488       0x10 /opt/st/stm32cubeide_1.18.1/plugins/com.st.stm32cube.ide.mcu.externaltools.gnu-tools-for-stm32.13.3.rel1.linux64_1.0.0.202410170706/tools/bin/../lib/gcc/arm-none-eabi/13.3.1/../../../../arm-none-eabi/lib/thumb/v7e-m+fp/hard/libc_nano.a(libc_a-puts.o)
                0x08004488                puts
 .text.__sread  0x08004498       0x22 /opt/st/stm32cubeide_1.18.1/plugins/com.st.stm32cube.ide.mcu.externaltools.gnu-tools-for-stm32.13.3.rel1.linux64_1.0.0.202410170706/tools/bin/../lib/gcc/arm-none-eabi/13.3.1/../../../../arm-none-eabi/lib/thumb/v7e-m+fp/hard/libc_nano.a(libc_a-stdio.o)
                0x08004498                __sread
 .text.__swrite
                0x080044ba       0x38 /opt/st/stm32cubeide_1.18.1/plugins/com.st.stm32cube.ide.mcu.externaltools.gnu-tools-for-stm32.13.3.rel1.linux64_1.0.0.202410170706/tools/bin/../lib/gcc/arm-none-eabi/13.3.1/../../../../arm-none-eabi/lib/thumb/v7e-m+fp/hard/libc_nano.a(libc_a-stdio.o)
                0x080044ba                __swrite
 .text.__sseek  0x080044f2       0x24 /opt/st/stm32cubeide_1.18.1/plugins/com.st.stm32cube.ide.mcu.externaltools.gnu-tools-for-stm32.13.3.rel1.linux64_1.0.0.202410170706/tools/bin/../lib/gcc/arm-none-eabi/13.3.1/../../../../arm-none-eabi/lib/thumb/v7e-m+fp/hard/libc_nano.a(libc_a-stdio.o)
                0x080044f2                __sseek
 .text.__sclose
                0x08004516        0x8 /opt/st/stm32cubeide_1.18.1/plugins/com.st.stm32cube.ide.mcu.externaltools.gnu-tools-for-stm32.13.3.rel1.linux64_1.0.0.202410170706/tools/bin/../lib/gcc/arm-none-eabi/13.3.1/../../../../arm-none-eabi/lib/thumb/v7e-m+fp/hard/libc_nano.a(libc_a-stdio.o)
                0x08004516                __sclose
 .text.__swbuf_r
                0x0800451e       0x7c /opt/st/stm32cubeide_1.18.1/plugins/com.st.stm32cube.ide.mcu.externaltools.gnu-tools-for-stm32.13.3.rel1.linux64_1.0.0.202410170706/tools/bin/../lib/gcc/arm-none-eabi/13.3.1/../../../../arm-none-eabi/lib/thumb/v7e-m+fp/hard/libc_nano.a(libc_a-wbuf.o)
                0x0800451e                __swbuf_r
 *fill*         0x0800459a        0x2 
 .text.__swsetup_r
                0x0800459c       0xac /opt/st/stm32cubeide_1.18.1/plugins/com.st.stm32cube.ide.mcu.externaltools.gnu-tools-for-stm32.13.3.rel1.linux64_1.0.0.202410170706/tools/bin/../lib/gcc/arm-none-eabi/13.3.1/../../../../arm-none-eabi/lib/thumb/v7e-m+fp/hard/libc_nano.a(libc_a-wsetup.o)
                0x0800459c                __swsetup_r
 .text.memset   0x08004648       0x10 /opt/st/stm32cubeide_1.18.1/plugins/com.st.stm32cube.ide.mcu.externaltools.gnu-tools-for-stm32.13.3.rel1.linux64_1.0.0.202410170706/tools/bin/../lib/gcc/arm-none-eabi/13.3.1/../../../../arm-none-eabi/lib/thumb/v7e-m+fp/hard/libc_nano.a(libc_a-memset.o)
                0x08004648                memset
 .text._close_r
                0x08004658       0x20 /opt/st/stm32cubeide_1.18.1/plugins/com.st.stm32cube.ide.mcu.externaltools.gnu-tools-for-stm32.13.3.rel1.linux64_1.0.0.202410170706/tools/bin/../lib/gcc/arm-none-eabi/13.3.1/../../../../arm-none-eabi/lib/thumb/v7e-m+fp/hard/libc_nano.a(libc_a-closer.o)
                0x08004658                _close_r
 .text._lseek_r
                0x08004678       0x24 /opt/st/stm32cubeide_1.18.1/plugins/com.st.stm32cube.ide.mcu.externaltools.gnu-tools-for-stm32.13.3.rel1.linux64_1.0.0.202410170706/tools/bin/../lib/gcc/arm-none-eabi/13.3.1/../../../../arm-none-eabi/lib/thumb/v7e-m+fp/hard/libc_nano.a(libc_a-lseekr.o)
                0x08004678                _lseek_r
 .text._read_r  0x0800469c       0x24 /opt/st/stm32cubeide_1.18.1/plugins/com.st.stm32cube.ide.mcu.externaltools.gnu-tools-for-stm32.13.3.rel1.linux64_1.0.0.202410170706/tools/bin/../lib/gcc/arm-none-eabi/13.3.1/../../../../arm-none-eabi/lib/thumb/v7e-m+fp/hard/libc_nano.a(libc_a-readr.o)
                0x0800469c                _read_r
 .text._write_r
                0x080046c0       0x24 /opt/st/stm32cubeide_1.18.1/plugins/com.st.stm32cube.ide.mcu.externaltools.gnu-tools-for-stm32.13.3.rel1.linux64_1.0.0.202410170706/tools/bin/../lib/gcc/arm-none-eabi/13.3.1/../../../../arm-none-eabi/lib/thumb/v7e-m+fp/hard/libc_nano.a(libc_a-writer.o)
                0x080046c0                _write_r
 .text.__errno  0x080046e4        0xc /opt/st/stm32cubeide_1.18.1/plugins/com.st.stm32cube.ide.mcu.externaltools.gnu-tools-for-stm32.13.3.rel1.linux64_1.0.0.202410170706/tools/bin/../lib/gcc/arm-none-eabi/13.3.1/../../../../arm-none-eabi/lib/thumb/v7e-m+fp/hard/libc_nano.a(libc_a-errno.o)
                0x080046e4                __errno
 .text.__libc_init_array
                0x080046f0       0x48 /opt/st/stm32cubeide_1.18.1/plugins/com.st.stm32cube.ide.mcu.externaltools.gnu-tools-for-stm32.13.3.rel1.linux64_1.0.0.202410170706/tools/bin/../lib/gcc/arm-none-eabi/13.3.1/../../../../arm-none-eabi/lib/thumb/v7e-m+fp/hard/libc_nano.a(libc_a-init.o)
                0x080046f0                __libc_init_array
 .text.__retarget_lock_init_recursive
                0x08004738        0x2 /opt/st/stm32cubeide_1.18.1/plugins/com.st.stm32cube.ide.mcu.externaltools.gnu-tools-for-stm32.13.3.rel1.linux64_1.0.0.202410170706/tools/bin/../lib/gcc/arm-none-eabi/13.3.1/../../../../arm-none-eabi/lib/thumb/v7e-m+fp/hard/libc_nano.a(libc_a-lock.o)
                0x08004738                __retarget_lock_init_recursive
 .text.__retarget_lock_acquire_recursive
                0x0800473a        0x2 /opt/st/stm32cubeide_1.18.1/plugins/com.st.stm32cube.ide.mcu.externaltools.gnu-tools-for-stm32.13.3.rel1.linux64_1.0.0.202410170706/tools/bin/../lib/gcc/arm-none-eabi/13.3.1/../../../../arm-none-eabi/lib/thumb/v7e-m+fp/hard/libc_nano.a(libc_a-lock.o)
                0x0800473a                __retarget_lock_acquire_recursive
 .text.__retarget_lock_release_recursive
                0x0800473c        0x2 /opt/st/stm32cubeide_1.18.1/plugins/com.st.stm32cube.ide.mcu.externaltools.gnu-tools-for-stm32.13.3.rel1.linux64_1.0.0.202410170706/tools/bin/../lib/gcc/arm-none-eabi/13.3.1/../../../../arm-none-eabi/lib/thumb/v7e-m+fp/hard/libc_nano.a(libc_a-lock.o)
                0x0800473c                __retarget_lock_release_recursive
 *fill*         0x0800473e        0x2 
 .text._free_r  0x08004740       0x94 /opt/st/stm32cubeide_1.18.1/plugins/com.st.stm32cube.ide.mcu.externaltools.gnu-tools-for-stm32.13.3.rel1.linux64_1.0.0.202410170706/tools/bin/../lib/gcc/arm-none-eabi/13.3.1/../../../../arm-none-eabi/lib/thumb/v7e-m+fp/hard/libc_nano.a(libc_a-freer.o)
                0x08004740                _free_r
 .text.sbrk_aligned
                0x080047d4       0x44 /opt/st/stm32cubeide_1.18.1/plugins/com.st.stm32cube.ide.mcu.externaltools.gnu-tools-for-stm32.13.3.rel1.linux64_1.0.0.202410170706/tools/bin/../lib/gcc/arm-none-eabi/13.3.1/../../../../arm-none-eabi/lib/thumb/v7e-m+fp/hard/libc_nano.a(libc_a-mallocr.o)
 .text._malloc_r
                0x08004818      0x100 /opt/st/stm32cubeide_1.18.1/plugins/com.st.stm32cube.ide.mcu.externaltools.gnu-tools-for-stm32.13.3.rel1.linux64_1.0.0.202410170706/tools/bin/../lib/gcc/arm-none-eabi/13.3.1/../../../../arm-none-eabi/lib/thumb/v7e-m+fp/hard/libc_nano.a(libc_a-mallocr.o)
                0x08004818                _malloc_r
 .text.__malloc_lock
                0x08004918        0xc /opt/st/stm32cubeide_1.18.1/plugins/com.st.stm32cube.ide.mcu.externaltools.gnu-tools-for-stm32.13.3.rel1.linux64_1.0.0.202410170706/tools/bin/../lib/gcc/arm-none-eabi/13.3.1/../../../../arm-none-eabi/lib/thumb/v7e-m+fp/hard/libc_nano.a(libc_a-mlock.o)
                0x08004918                __malloc_lock
 .text.__malloc_unlock
                0x08004924        0xc /opt/st/stm32cubeide_1.18.1/plugins/com.st.stm32cube.ide.mcu.externaltools.gnu-tools-for-stm32.13.3.rel1.linux64_1.0.0.202410170706/tools/bin/../lib/gcc/arm-none-eabi/13.3.1/../../../../arm-none-eabi/lib/thumb/v7e-m+fp/hard/libc_nano.a(libc_a-mlock.o)
                0x08004924                __malloc_unlock
 .text.__sfputc_r
                0x08004930       0x2e /opt/st/stm32cubeide_1.18.1/plugins/com.st.stm32cube.ide.mcu.externaltools.gnu-tools-for-stm32.13.3.rel1.linux64_1.0.0.202410170706/tools/bin/../lib/gcc/arm-none-eabi/13.3.1/../../../../arm-none-eabi/lib/thumb/v7e-m+fp/hard/libc_nano.a(libc_a-nano-vfprintf.o)
 .text.__sfputs_r
                0x0800495e       0x24 /opt/st/stm32cubeide_1.18.1/plugins/com.st.stm32cube.ide.mcu.externaltools.gnu-tools-for-stm32.13.3.rel1.linux64_1.0.0.202410170706/tools/bin/../lib/gcc/arm-none-eabi/13.3.1/../../../../arm-none-eabi/lib/thumb/v7e-m+fp/hard/libc_nano.a(libc_a-nano-vfprintf.o)
                0x0800495e                __sfputs_r
 *fill*         0x08004982        0x2 
 .text._vfprintf_r
                0x08004984      0x230 /opt/st/stm32cubeide_1.18.1/plugins/com.st.stm32cube.ide.mcu.externaltools.gnu-tools-for-stm32.13.3.rel1.linux64_1.0.0.202410170706/tools/bin/../lib/gcc/arm-none-eabi/13.3.1/../../../../arm-none-eabi/lib/thumb/v7e-m+fp/hard/libc_nano.a(libc_a-nano-vfprintf.o)
                0x08004984                _vfiprintf_r
                0x08004984                _vfprintf_r
 .text._printf_common
                0x08004bb4       0xda /opt/st/stm32cubeide_1.18.1/plugins/com.st.stm32cube.ide.mcu.externaltools.gnu-tools-for-stm32.13.3.rel1.linux64_1.0.0.202410170706/tools/bin/../lib/gcc/arm-none-eabi/13.3.1/../../../../arm-none-eabi/lib/thumb/v7e-m+fp/hard/libc_nano.a(libc_a-nano-vfprintf_i.o)
                0x08004bb4                _printf_common
 *fill*         0x08004c8e        0x2 
 .text._printf_i
                0x08004c90      0x23c /opt/st/stm32cubeide_1.18.1/plugins/com.st.stm32cube.ide.mcu.externaltools.gnu-tools-for-stm32.13.3.rel1.linux64_1.0.0.202410170706/tools/bin/../lib/gcc/arm-none-eabi/13.3.1/../../../../arm-none-eabi/lib/thumb/v7e-m+fp/hard/libc_nano.a(libc_a-nano-vfprintf_i.o)
                0x08004c90                _printf_i
 .text.__sflush_r
                0x08004ecc      0x108 /opt/st/stm32cubeide_1.18.1/plugins/com.st.stm32cube.ide.mcu.externaltools.gnu-tools-for-stm32.13.3.rel1.linux64_1.0.0.202410170706/tools/bin/../lib/gcc/arm-none-eabi/13.3.1/../../../../arm-none-eabi/lib/thumb/v7e-m+fp/hard/libc_nano.a(libc_a-fflush.o)
                0x08004ecc                __sflush_r
 .text._fflush_r
                0x08004fd4       0x50 /opt/st/stm32cubeide_1.18.1/plugins/com.st.stm32cube.ide.mcu.externaltools.gnu-tools-for-stm32.13.3.rel1.linux64_1.0.0.202410170706/tools/bin/../lib/gcc/arm-none-eabi/13.3.1/../../../../arm-none-eabi/lib/thumb/v7e-m+fp/hard/libc_nano.a(libc_a-fflush.o)
                0x08004fd4                _fflush_r
 .text.__swhatbuf_r
                0x08005024       0x4c /opt/st/stm32cubeide_1.18.1/plugins/com.st.stm32cube.ide.mcu.externaltools.gnu-tools-for-stm32.13.3.rel1.linux64_1.0.0.202410170706/tools/bin/../lib/gcc/arm-none-eabi/13.3.1/../../../../arm-none-eabi/lib/thumb/v7e-m+fp/hard/libc_nano.a(libc_a-makebuf.o)
                0x08005024                __swhatbuf_r
 .text.__smakebuf_r
                0x08005070       0x78 /opt/st/stm32cubeide_1.18.1/plugins/com.st.stm32cube.ide.mcu.externaltools.gnu-tools-for-stm32.13.3.rel1.linux64_1.0.0.202410170706/tools/bin/../lib/gcc/arm-none-eabi/13.3.1/../../../../arm-none-eabi/lib/thumb/v7e-m+fp/hard/libc_nano.a(libc_a-makebuf.o)
                0x08005070                __smakebuf_r
 .text._fstat_r
                0x080050e8       0x24 /opt/st/stm32cubeide_1.18.1/plugins/com.st.stm32cube.ide.mcu.externaltools.gnu-tools-for-stm32.13.3.rel1.linux64_1.0.0.202410170706/tools/bin/../lib/gcc/arm-none-eabi/13.3.1/../../../../arm-none-eabi/lib/thumb/v7e-m+fp/hard/libc_nano.a(libc_a-fstatr.o)
                0x080050e8                _fstat_r
 .text._isatty_r
                0x0800510c       0x20 /opt/st/stm32cubeide_1.18.1/plugins/com.st.stm32cube.ide.mcu.externaltools.gnu-tools-for-stm32.13.3.rel1.linux64_1.0.0.202410170706/tools/bin/../lib/gcc/arm-none-eabi/13.3.1/../../../../arm-none-eabi/lib/thumb/v7e-m+fp/hard/libc_nano.a(libc_a-isattyr.o)
                0x0800510c                _isatty_r
 .text._sbrk_r  0x0800512c       0x20 /opt/st/stm32cubeide_1.18.1/plugins/com.st.stm32cube.ide.mcu.externaltools.gnu-tools-for-stm32.13.3.rel1.linux64_1.0.0.202410170706/tools/bin/../lib/gcc/arm-none-eabi/13.3.1/../../../../arm-none-eabi/lib/thumb/v7e-m+fp/hard/libc_nano.a(libc_a-sbrkr.o)
                0x0800512c                _sbrk_r
 *(.glue_7)
 .glue_7        0x0800514c        0x0 linker stubs
 *(.glue_7t)
 .glue_7t       0x0800514c        0x0 linker stubs
 *(.eh_frame)
 .eh_frame      0x0800514c        0x0 /opt/st/stm32cubeide_1.18.1/plugins/com.st.stm32cube.ide.mcu.externaltools.gnu-tools-for-stm32.13.3.rel1.linux64_1.0.0.202410170706/tools/bin/../lib/gcc/arm-none-eabi/13.3.1/thumb/v7e-m+fp/hard/crtbegin.o
 *(.init)
 .init          0x0800514c        0x4 /opt/st/stm32cubeide_1.18.1/plugins/com.st.stm32cube.ide.mcu.externaltools.gnu-tools-for-stm32.13.3.rel1.linux64_1.0.0.202410170706/tools/bin/../lib/gcc/arm-none-eabi/13.3.1/thumb/v7e-m+fp/hard/crti.o
                0x0800514c                _init
 .init          0x08005150        0x8 /opt/st/stm32cubeide_1.18.1/plugins/com.st.stm32cube.ide.mcu.externaltools.gnu-tools-for-stm32.13.3.rel1.linux64_1.0.0.202410170706/tools/bin/../lib/gcc/arm-none-eabi/13.3.1/thumb/v7e-m+fp/hard/crtn.o
 *(.fini)
 .fini          0x08005158        0x4 /opt/st/stm32cubeide_1.18.1/plugins/com.st.stm32cube.ide.mcu.externaltools.gnu-tools-for-stm32.13.3.rel1.linux64_1.0.0.202410170706/tools/bin/../lib/gcc/arm-none-eabi/13.3.1/thumb/v7e-m+fp/hard/crti.o
                0x08005158                _fini
 .fini          0x0800515c        0x8 /opt/st/stm32cubeide_1.18.1/plugins/com.st.stm32cube.ide.mcu.externaltools.gnu-tools-for-stm32.13.3.rel1.linux64_1.0.0.202410170706/tools/bin/../lib/gcc/arm-none-eabi/13.3.1/thumb/v7e-m+fp/hard/crtn.o
                0x08005164                        . = ALIGN (0x4)
                0x08005164                        _etext = .

.vfp11_veneer   0x08005164        0x0
 .vfp11_veneer  0x08005164        0x0 linker stubs

.v4_bx          0x08005164        0x0
 .v4_bx         0x08005164        0x0 linker stubs

.iplt           0x08005164        0x0
 .iplt          0x08005164        0x0 /opt/st/stm32cubeide_1.18.1/plugins/com.st.stm32cube.ide.mcu.externaltools.gnu-tools-for-stm32.13.3.rel1.linux64_1.0.0.202410170706/tools/bin/../lib/gcc/arm-none-eabi/13.3.1/thumb/v7e-m+fp/hard/crtbegin.o

.rodata         0x08005164      0x42c
                0x08005164                        . = ALIGN (0x4)
 *(.rodata)
 *(.rodata*)
 .rodata.check_app_vector_table.str1.1
                0x08005164      0x414 ./Core/Src/main.o
                                0x2d5 (size before relaxing)
 .rodata.check_firmware_upgrade_btn.str1.1
                0x08005578       0xa0 ./Core/Src/main.o
 .rodata.main.str1.1
                0x08005578        0xf ./Core/Src/main.o
 .rodata.APBPrescTable
                0x08005578        0x8 ./Core/Src/system_stm32f4xx.o
                0x08005578                APBPrescTable
 .rodata.AHBPrescTable
                0x08005580       0x10 ./Core/Src/system_stm32f4xx.o
                0x08005580                AHBPrescTable
 .rodata.USBD_FS_ManufacturerStrDescriptor.str1.1
                0x08005590       0x13 ./USB_DEVICE/App/usbd_desc.o
 .rodata.USBD_FS_ProductStrDescriptor.str1.1
                0x08005590       0x1f ./USB_DEVICE/App/usbd_desc.o
 .rodata.USBD_FS_ConfigStrDescriptor.str1.1
                0x08005590        0xb ./USB_DEVICE/App/usbd_desc.o
 .rodata.USBD_FS_InterfaceStrDescriptor.str1.1
                0x08005590        0xe ./USB_DEVICE/App/usbd_desc.o
 .rodata.str1.1
                0x08005590       0x42 ./USB_DEVICE/App/usbd_dfu_if.o
 .rodata._vfprintf_r.str1.1
                0x08005590       0x11 /opt/st/stm32cubeide_1.18.1/plugins/com.st.stm32cube.ide.mcu.externaltools.gnu-tools-for-stm32.13.3.rel1.linux64_1.0.0.202410170706/tools/bin/../lib/gcc/arm-none-eabi/13.3.1/../../../../arm-none-eabi/lib/thumb/v7e-m+fp/hard/libc_nano.a(libc_a-nano-vfprintf.o)
 .rodata._printf_i.str1.1
                0x08005590       0x22 /opt/st/stm32cubeide_1.18.1/plugins/com.st.stm32cube.ide.mcu.externaltools.gnu-tools-for-stm32.13.3.rel1.linux64_1.0.0.202410170706/tools/bin/../lib/gcc/arm-none-eabi/13.3.1/../../../../arm-none-eabi/lib/thumb/v7e-m+fp/hard/libc_nano.a(libc_a-nano-vfprintf_i.o)
                0x08005618                        . = ALIGN (0x4)

.ARM.extab      0x08005590        0x0
                0x08005590                        . = ALIGN (0x4)
 *(.ARM.extab* .gnu.linkonce.armextab.*)
                0x08005590                        . = ALIGN (0x4)

.ARM            0x08005590        0x8
                0x08005590                        . = ALIGN (0x4)
                0x08005590                        __exidx_start = .
 *(.ARM.exidx*)
 .ARM.exidx     0x08005590        0x8 /opt/st/stm32cubeide_1.18.1/plugins/com.st.stm32cube.ide.mcu.externaltools.gnu-tools-for-stm32.13.3.rel1.linux64_1.0.0.202410170706/tools/bin/../lib/gcc/arm-none-eabi/13.3.1/../../../../arm-none-eabi/lib/thumb/v7e-m+fp/hard/libc_nano.a(libc_a-strlen.o)
 .ARM.exidx     0x08005598        0x0 /opt/st/stm32cubeide_1.18.1/plugins/com.st.stm32cube.ide.mcu.externaltools.gnu-tools-for-stm32.13.3.rel1.linux64_1.0.0.202410170706/tools/bin/../lib/gcc/arm-none-eabi/13.3.1/../../../../arm-none-eabi/lib/thumb/v7e-m+fp/hard/libc_nano.a(libc_a-memchr.o)
                                  0x8 (size before relaxing)
 .ARM.exidx     0x08005598        0x0 /opt/st/stm32cubeide_1.18.1/plugins/com.st.stm32cube.ide.mcu.externaltools.gnu-tools-for-stm32.13.3.rel1.linux64_1.0.0.202410170706/tools/bin/../lib/gcc/arm-none-eabi/13.3.1/thumb/v7e-m+fp/hard/libgcc.a(_udivmoddi4.o)
                                  0x8 (size before relaxing)
                0x08005598                        __exidx_end = .
                0x08005598                        . = ALIGN (0x4)

.preinit_array  0x08005598        0x0
                0x08005598                        . = ALIGN (0x4)
                0x08005598                        PROVIDE (__preinit_array_start = .)
 *(.preinit_array*)
                0x08005598                        PROVIDE (__preinit_array_end = .)
                0x08005598                        . = ALIGN (0x4)

.init_array     0x08005598        0x4
                0x08005598                        . = ALIGN (0x4)
                0x08005598                        PROVIDE (__init_array_start = .)
 *(SORT_BY_NAME(.init_array.*))
 *(.init_array*)
 .init_array    0x08005598        0x4 /opt/st/stm32cubeide_1.18.1/plugins/com.st.stm32cube.ide.mcu.externaltools.gnu-tools-for-stm32.13.3.rel1.linux64_1.0.0.202410170706/tools/bin/../lib/gcc/arm-none-eabi/13.3.1/thumb/v7e-m+fp/hard/crtbegin.o
                0x0800559c                        PROVIDE (__init_array_end = .)
                0x0800559c                        . = ALIGN (0x4)

.fini_array     0x0800559c        0x4
                0x0800559c                        . = ALIGN (0x4)
                [!provide]                        PROVIDE (__fini_array_start = .)
 *(SORT_BY_NAME(.fini_array.*))
 *(.fini_array*)
 .fini_array    0x0800559c        0x4 /opt/st/stm32cubeide_1.18.1/plugins/com.st.stm32cube.ide.mcu.externaltools.gnu-tools-for-stm32.13.3.rel1.linux64_1.0.0.202410170706/tools/bin/../lib/gcc/arm-none-eabi/13.3.1/thumb/v7e-m+fp/hard/crtbegin.o
                [!provide]                        PROVIDE (__fini_array_end = .)
                0x080055a0                        . = ALIGN (0x4)
                0x080055a0                        _sidata = LOADADDR (.data)

.rel.dyn        0x080055a0        0x0
 .rel.iplt      0x080055a0        0x0 /opt/st/stm32cubeide_1.18.1/plugins/com.st.stm32cube.ide.mcu.externaltools.gnu-tools-for-stm32.13.3.rel1.linux64_1.0.0.202410170706/tools/bin/../lib/gcc/arm-none-eabi/13.3.1/thumb/v7e-m+fp/hard/crtbegin.o

.data           0x20000008      0x138 load address 0x080055a0
                0x20000008                        . = ALIGN (0x4)
                0x20000008                        _sdata = .
 *(.data)
 *(.data*)
 .data.SystemCoreClock
                0x20000008        0x4 ./Core/Src/system_stm32f4xx.o
                0x20000008                SystemCoreClock
 .data.uwTickFreq
                0x2000000c        0x1 ./Drivers/STM32F4xx_HAL_Driver/stm32f4xx_hal.o
                0x2000000c                uwTickFreq
 *fill*         0x2000000d        0x3 
 .data.uwTickPrio
                0x20000010        0x4 ./Drivers/STM32F4xx_HAL_Driver/stm32f4xx_hal.o
                0x20000010                uwTickPrio
 .data.USBD_DFU_DeviceQualifierDesc
                0x20000014        0xa ./Middlewares/USB_Device_Library/usbd_dfu.o
 *fill*         0x2000001e        0x2 
 .data.USBD_DFU_CfgDesc
                0x20000020       0x1b ./Middlewares/USB_Device_Library/usbd_dfu.o
 *fill*         0x2000003b        0x1 
 .data.USBD_DFU
                0x2000003c       0x3c ./Middlewares/USB_Device_Library/usbd_dfu.o
                0x2000003c                USBD_DFU
 .data.USBD_StringSerial
                0x20000078       0x1a ./USB_DEVICE/App/usbd_desc.o
                0x20000078                USBD_StringSerial
 *fill*         0x20000092        0x2 
 .data.USBD_LangIDDesc
                0x20000094        0x4 ./USB_DEVICE/App/usbd_desc.o
                0x20000094                USBD_LangIDDesc
 .data.USBD_FS_DeviceDesc
                0x20000098       0x12 ./USB_DEVICE/App/usbd_desc.o
                0x20000098                USBD_FS_DeviceDesc
 *fill*         0x200000aa        0x2 
 .data.FS_Desc  0x200000ac       0x1c ./USB_DEVICE/App/usbd_desc.o
                0x200000ac                FS_Desc
 .data.USBD_DFU_fops_FS
                0x200000c8       0x1c ./USB_DEVICE/App/usbd_dfu_if.o
                0x200000c8                USBD_DFU_fops_FS
 .data.__sglue  0x200000e4        0xc /opt/st/stm32cubeide_1.18.1/plugins/com.st.stm32cube.ide.mcu.externaltools.gnu-tools-for-stm32.13.3.rel1.linux64_1.0.0.202410170706/tools/bin/../lib/gcc/arm-none-eabi/13.3.1/../../../../arm-none-eabi/lib/thumb/v7e-m+fp/hard/libc_nano.a(libc_a-findfp.o)
                0x200000e4                __sglue
 .data._impure_ptr
                0x200000f0        0x4 /opt/st/stm32cubeide_1.18.1/plugins/com.st.stm32cube.ide.mcu.externaltools.gnu-tools-for-stm32.13.3.rel1.linux64_1.0.0.202410170706/tools/bin/../lib/gcc/arm-none-eabi/13.3.1/../../../../arm-none-eabi/lib/thumb/v7e-m+fp/hard/libc_nano.a(libc_a-impure.o)
                0x200000f0                _impure_ptr
 .data._impure_data
                0x200000f4       0x4c /opt/st/stm32cubeide_1.18.1/plugins/com.st.stm32cube.ide.mcu.externaltools.gnu-tools-for-stm32.13.3.rel1.linux64_1.0.0.202410170706/tools/bin/../lib/gcc/arm-none-eabi/13.3.1/../../../../arm-none-eabi/lib/thumb/v7e-m+fp/hard/libc_nano.a(libc_a-impure.o)
                0x200000f4                _impure_data
 *(.RamFunc)
 *(.RamFunc*)
                0x20000140                        . = ALIGN (0x4)
                0x20000140                        _edata = .

.igot.plt       0x20000140        0x0 load address 0x080056d8
 .igot.plt      0x20000140        0x0 /opt/st/stm32cubeide_1.18.1/plugins/com.st.stm32cube.ide.mcu.externaltools.gnu-tools-for-stm32.13.3.rel1.linux64_1.0.0.202410170706/tools/bin/../lib/gcc/arm-none-eabi/13.3.1/thumb/v7e-m+fp/hard/crtbegin.o
                0x20000140                        . = ALIGN (0x4)

.bss            0x20000140     0x10c0 load address 0x080056d8
                0x20000140                        _sbss = .
                0x20000140                        __bss_start__ = _sbss
 *(.bss)
 .bss           0x20000140       0x1c /opt/st/stm32cubeide_1.18.1/plugins/com.st.stm32cube.ide.mcu.externaltools.gnu-tools-for-stm32.13.3.rel1.linux64_1.0.0.202410170706/tools/bin/../lib/gcc/arm-none-eabi/13.3.1/thumb/v7e-m+fp/hard/crtbegin.o
 *(.bss*)
 .bss._blink_count.0
                0x2000015c        0x1 ./Core/Src/main.o
 *fill*         0x2000015d        0x3 
 .bss.__sbrk_heap_end
                0x20000160        0x4 ./Core/Src/sysmem.o
 .bss.huart1    0x20000164       0x48 ./Core/Src/usart.o
                0x20000164                huart1
 .bss.uwTick    0x200001ac        0x4 ./Drivers/STM32F4xx_HAL_Driver/stm32f4xx_hal.o
                0x200001ac                uwTick
 .bss.pFlash    0x200001b0       0x20 ./Drivers/STM32F4xx_HAL_Driver/stm32f4xx_hal_flash.o
                0x200001b0                pFlash
 .bss.cfgidx.0  0x200001d0        0x1 ./Middlewares/USB_Device_Library/usbd_ctlreq.o
 .bss.USBD_StrDesc.0
                0x200001d1       0xff ./Middlewares/USB_Device_Library/usbd_dfu.o
 .bss.hUsbDeviceFS
                0x200002d0      0x2dc ./USB_DEVICE/App/usb_device.o
                0x200002d0                hUsbDeviceFS
 .bss.USBD_StrDesc
                0x200005ac      0x200 ./USB_DEVICE/App/usbd_desc.o
                0x200005ac                USBD_StrDesc
 .bss.mem.0     0x200007ac      0x424 ./USB_DEVICE/Target/usbd_conf.o
 .bss.hpcd_USB_OTG_FS
                0x20000bd0      0x4e4 ./USB_DEVICE/Target/usbd_conf.o
                0x20000bd0                hpcd_USB_OTG_FS
 .bss.__sf      0x200010b4      0x138 /opt/st/stm32cubeide_1.18.1/plugins/com.st.stm32cube.ide.mcu.externaltools.gnu-tools-for-stm32.13.3.rel1.linux64_1.0.0.202410170706/tools/bin/../lib/gcc/arm-none-eabi/13.3.1/../../../../arm-none-eabi/lib/thumb/v7e-m+fp/hard/libc_nano.a(libc_a-findfp.o)
                0x200010b4                __sf
 .bss.__stdio_exit_handler
                0x200011ec        0x4 /opt/st/stm32cubeide_1.18.1/plugins/com.st.stm32cube.ide.mcu.externaltools.gnu-tools-for-stm32.13.3.rel1.linux64_1.0.0.202410170706/tools/bin/../lib/gcc/arm-none-eabi/13.3.1/../../../../arm-none-eabi/lib/thumb/v7e-m+fp/hard/libc_nano.a(libc_a-findfp.o)
                0x200011ec                __stdio_exit_handler
 .bss.errno     0x200011f0        0x4 /opt/st/stm32cubeide_1.18.1/plugins/com.st.stm32cube.ide.mcu.externaltools.gnu-tools-for-stm32.13.3.rel1.linux64_1.0.0.202410170706/tools/bin/../lib/gcc/arm-none-eabi/13.3.1/../../../../arm-none-eabi/lib/thumb/v7e-m+fp/hard/libc_nano.a(libc_a-reent.o)
                0x200011f0                errno
 .bss.__lock___malloc_recursive_mutex
                0x200011f4        0x1 /opt/st/stm32cubeide_1.18.1/plugins/com.st.stm32cube.ide.mcu.externaltools.gnu-tools-for-stm32.13.3.rel1.linux64_1.0.0.202410170706/tools/bin/../lib/gcc/arm-none-eabi/13.3.1/../../../../arm-none-eabi/lib/thumb/v7e-m+fp/hard/libc_nano.a(libc_a-lock.o)
                0x200011f4                __lock___malloc_recursive_mutex
 .bss.__lock___sfp_recursive_mutex
                0x200011f5        0x1 /opt/st/stm32cubeide_1.18.1/plugins/com.st.stm32cube.ide.mcu.externaltools.gnu-tools-for-stm32.13.3.rel1.linux64_1.0.0.202410170706/tools/bin/../lib/gcc/arm-none-eabi/13.3.1/../../../../arm-none-eabi/lib/thumb/v7e-m+fp/hard/libc_nano.a(libc_a-lock.o)
                0x200011f5                __lock___sfp_recursive_mutex
 *fill*         0x200011f6        0x2 
 .bss.__malloc_sbrk_start
                0x200011f8        0x4 /opt/st/stm32cubeide_1.18.1/plugins/com.st.stm32cube.ide.mcu.externaltools.gnu-tools-for-stm32.13.3.rel1.linux64_1.0.0.202410170706/tools/bin/../lib/gcc/arm-none-eabi/13.3.1/../../../../arm-none-eabi/lib/thumb/v7e-m+fp/hard/libc_nano.a(libc_a-mallocr.o)
                0x200011f8                __malloc_sbrk_start
 .bss.__malloc_free_list
                0x200011fc        0x4 /opt/st/stm32cubeide_1.18.1/plugins/com.st.stm32cube.ide.mcu.externaltools.gnu-tools-for-stm32.13.3.rel1.linux64_1.0.0.202410170706/tools/bin/../lib/gcc/arm-none-eabi/13.3.1/../../../../arm-none-eabi/lib/thumb/v7e-m+fp/hard/libc_nano.a(libc_a-mallocr.o)
                0x200011fc                __malloc_free_list
 *(COMMON)
                0x20001200                        . = ALIGN (0x4)
                0x20001200                        _ebss = .
                0x20001200                        __bss_end__ = _ebss

._user_heap_stack
                0x20001200      0x600 load address 0x080056d8
                0x20001200                        . = ALIGN (0x8)
                [!provide]                        PROVIDE (end = .)
                0x20001200                        PROVIDE (_end = .)
                0x20001400                        . = (. + _Min_Heap_Size)
 *fill*         0x20001200      0x200 
                0x20001800                        . = (. + _Min_Stack_Size)
 *fill*         0x20001400      0x400 
                0x20001800                        . = ALIGN (0x8)

/DISCARD/
 libc.a(*)
 libm.a(*)
 libgcc.a(*)

.ARM.attributes
                0x00000000       0x30
 *(.ARM.attributes)
 .ARM.attributes
                0x00000000       0x22 /opt/st/stm32cubeide_1.18.1/plugins/com.st.stm32cube.ide.mcu.externaltools.gnu-tools-for-stm32.13.3.rel1.linux64_1.0.0.202410170706/tools/bin/../lib/gcc/arm-none-eabi/13.3.1/thumb/v7e-m+fp/hard/crti.o
 .ARM.attributes
                0x00000022       0x34 /opt/st/stm32cubeide_1.18.1/plugins/com.st.stm32cube.ide.mcu.externaltools.gnu-tools-for-stm32.13.3.rel1.linux64_1.0.0.202410170706/tools/bin/../lib/gcc/arm-none-eabi/13.3.1/thumb/v7e-m+fp/hard/crtbegin.o
 .ARM.attributes
                0x00000056       0x34 ./Core/Src/gpio.o
 .ARM.attributes
                0x0000008a       0x34 ./Core/Src/main.o
 .ARM.attributes
                0x000000be       0x34 ./Core/Src/stm32f4xx_hal_msp.o
 .ARM.attributes
                0x000000f2       0x34 ./Core/Src/stm32f4xx_it.o
 .ARM.attributes
                0x00000126       0x34 ./Core/Src/syscalls.o
 .ARM.attributes
                0x0000015a       0x34 ./Core/Src/sysmem.o
 .ARM.attributes
                0x0000018e       0x34 ./Core/Src/system_stm32f4xx.o
 .ARM.attributes
                0x000001c2       0x34 ./Core/Src/usart.o
 .ARM.attributes
                0x000001f6       0x21 ./Core/Startup/startup_stm32f411ceux.o
 .ARM.attributes
                0x00000217       0x34 ./Drivers/STM32F4xx_HAL_Driver/stm32f4xx_hal.o
 .ARM.attributes
                0x0000024b       0x34 ./Drivers/STM32F4xx_HAL_Driver/stm32f4xx_hal_cortex.o
 .ARM.attributes
                0x0000027f       0x34 ./Drivers/STM32F4xx_HAL_Driver/stm32f4xx_hal_flash.o
 .ARM.attributes
                0x000002b3       0x34 ./Drivers/STM32F4xx_HAL_Driver/stm32f4xx_hal_flash_ex.o
 .ARM.attributes
                0x000002e7       0x34 ./Drivers/STM32F4xx_HAL_Driver/stm32f4xx_hal_gpio.o
 .ARM.attributes
                0x0000031b       0x34 ./Drivers/STM32F4xx_HAL_Driver/stm32f4xx_hal_pcd.o
 .ARM.attributes
                0x0000034f       0x34 ./Drivers/STM32F4xx_HAL_Driver/stm32f4xx_hal_pcd_ex.o
 .ARM.attributes
                0x00000383       0x34 ./Drivers/STM32F4xx_HAL_Driver/stm32f4xx_hal_rcc.o
 .ARM.attributes
                0x000003b7       0x34 ./Drivers/STM32F4xx_HAL_Driver/stm32f4xx_hal_uart.o
 .ARM.attributes
                0x000003eb       0x34 ./Drivers/STM32F4xx_HAL_Driver/stm32f4xx_ll_usb.o
 .ARM.attributes
                0x0000041f       0x34 ./Middlewares/USB_Device_Library/usbd_core.o
 .ARM.attributes
                0x00000453       0x34 ./Middlewares/USB_Device_Library/usbd_ctlreq.o
 .ARM.attributes
                0x00000487       0x34 ./Middlewares/USB_Device_Library/usbd_dfu.o
 .ARM.attributes
                0x000004bb       0x34 ./Middlewares/USB_Device_Library/usbd_ioreq.o
 .ARM.attributes
                0x000004ef       0x34 ./USB_DEVICE/App/usb_device.o
 .ARM.attributes
                0x00000523       0x34 ./USB_DEVICE/App/usbd_desc.o
 .ARM.attributes
                0x00000557       0x34 ./USB_DEVICE/App/usbd_dfu_if.o
 .ARM.attributes
                0x0000058b       0x34 ./USB_DEVICE/Target/usbd_conf.o
 .ARM.attributes
                0x000005bf       0x34 /opt/st/stm32cubeide_1.18.1/plugins/com.st.stm32cube.ide.mcu.externaltools.gnu-tools-for-stm32.13.3.rel1.linux64_1.0.0.202410170706/tools/bin/../lib/gcc/arm-none-eabi/13.3.1/../../../../arm-none-eabi/lib/thumb/v7e-m+fp/hard/libc_nano.a(libc_a-findfp.o)
 .ARM.attributes
                0x000005f3       0x34 /opt/st/stm32cubeide_1.18.1/plugins/com.st.stm32cube.ide.mcu.externaltools.gnu-tools-for-stm32.13.3.rel1.linux64_1.0.0.202410170706/tools/bin/../lib/gcc/arm-none-eabi/13.3.1/../../../../arm-none-eabi/lib/thumb/v7e-m+fp/hard/libc_nano.a(libc_a-fwalk.o)
 .ARM.attributes
                0x00000627       0x34 /opt/st/stm32cubeide_1.18.1/plugins/com.st.stm32cube.ide.mcu.externaltools.gnu-tools-for-stm32.13.3.rel1.linux64_1.0.0.202410170706/tools/bin/../lib/gcc/arm-none-eabi/13.3.1/../../../../arm-none-eabi/lib/thumb/v7e-m+fp/hard/libc_nano.a(libc_a-printf.o)
 .ARM.attributes
                0x0000065b       0x34 /opt/st/stm32cubeide_1.18.1/plugins/com.st.stm32cube.ide.mcu.externaltools.gnu-tools-for-stm32.13.3.rel1.linux64_1.0.0.202410170706/tools/bin/../lib/gcc/arm-none-eabi/13.3.1/../../../../arm-none-eabi/lib/thumb/v7e-m+fp/hard/libc_nano.a(libc_a-puts.o)
 .ARM.attributes
                0x0000068f       0x34 /opt/st/stm32cubeide_1.18.1/plugins/com.st.stm32cube.ide.mcu.externaltools.gnu-tools-for-stm32.13.3.rel1.linux64_1.0.0.202410170706/tools/bin/../lib/gcc/arm-none-eabi/13.3.1/../../../../arm-none-eabi/lib/thumb/v7e-m+fp/hard/libc_nano.a(libc_a-stdio.o)
 .ARM.attributes
                0x000006c3       0x34 /opt/st/stm32cubeide_1.18.1/plugins/com.st.stm32cube.ide.mcu.externaltools.gnu-tools-for-stm32.13.3.rel1.linux64_1.0.0.202410170706/tools/bin/../lib/gcc/arm-none-eabi/13.3.1/../../../../arm-none-eabi/lib/thumb/v7e-m+fp/hard/libc_nano.a(libc_a-wbuf.o)
 .ARM.attributes
                0x000006f7       0x34 /opt/st/stm32cubeide_1.18.1/plugins/com.st.stm32cube.ide.mcu.externaltools.gnu-tools-for-stm32.13.3.rel1.linux64_1.0.0.202410170706/tools/bin/../lib/gcc/arm-none-eabi/13.3.1/../../../../arm-none-eabi/lib/thumb/v7e-m+fp/hard/libc_nano.a(libc_a-wsetup.o)
 .ARM.attributes
                0x0000072b       0x34 /opt/st/stm32cubeide_1.18.1/plugins/com.st.stm32cube.ide.mcu.externaltools.gnu-tools-for-stm32.13.3.rel1.linux64_1.0.0.202410170706/tools/bin/../lib/gcc/arm-none-eabi/13.3.1/../../../../arm-none-eabi/lib/thumb/v7e-m+fp/hard/libc_nano.a(libc_a-memset.o)
 .ARM.attributes
                0x0000075f       0x34 /opt/st/stm32cubeide_1.18.1/plugins/com.st.stm32cube.ide.mcu.externaltools.gnu-tools-for-stm32.13.3.rel1.linux64_1.0.0.202410170706/tools/bin/../lib/gcc/arm-none-eabi/13.3.1/../../../../arm-none-eabi/lib/thumb/v7e-m+fp/hard/libc_nano.a(libc_a-closer.o)
 .ARM.attributes
                0x00000793       0x34 /opt/st/stm32cubeide_1.18.1/plugins/com.st.stm32cube.ide.mcu.externaltools.gnu-tools-for-stm32.13.3.rel1.linux64_1.0.0.202410170706/tools/bin/../lib/gcc/arm-none-eabi/13.3.1/../../../../arm-none-eabi/lib/thumb/v7e-m+fp/hard/libc_nano.a(libc_a-reent.o)
 .ARM.attributes
                0x000007c7       0x34 /opt/st/stm32cubeide_1.18.1/plugins/com.st.stm32cube.ide.mcu.externaltools.gnu-tools-for-stm32.13.3.rel1.linux64_1.0.0.202410170706/tools/bin/../lib/gcc/arm-none-eabi/13.3.1/../../../../arm-none-eabi/lib/thumb/v7e-m+fp/hard/libc_nano.a(libc_a-impure.o)
 .ARM.attributes
                0x000007fb       0x34 /opt/st/stm32cubeide_1.18.1/plugins/com.st.stm32cube.ide.mcu.externaltools.gnu-tools-for-stm32.13.3.rel1.linux64_1.0.0.202410170706/tools/bin/../lib/gcc/arm-none-eabi/13.3.1/../../../../arm-none-eabi/lib/thumb/v7e-m+fp/hard/libc_nano.a(libc_a-lseekr.o)
 .ARM.attributes
                0x0000082f       0x34 /opt/st/stm32cubeide_1.18.1/plugins/com.st.stm32cube.ide.mcu.externaltools.gnu-tools-for-stm32.13.3.rel1.linux64_1.0.0.202410170706/tools/bin/../lib/gcc/arm-none-eabi/13.3.1/../../../../arm-none-eabi/lib/thumb/v7e-m+fp/hard/libc_nano.a(libc_a-readr.o)
 .ARM.attributes
                0x00000863       0x34 /opt/st/stm32cubeide_1.18.1/plugins/com.st.stm32cube.ide.mcu.externaltools.gnu-tools-for-stm32.13.3.rel1.linux64_1.0.0.202410170706/tools/bin/../lib/gcc/arm-none-eabi/13.3.1/../../../../arm-none-eabi/lib/thumb/v7e-m+fp/hard/libc_nano.a(libc_a-writer.o)
 .ARM.attributes
                0x00000897       0x34 /opt/st/stm32cubeide_1.18.1/plugins/com.st.stm32cube.ide.mcu.externaltools.gnu-tools-for-stm32.13.3.rel1.linux64_1.0.0.202410170706/tools/bin/../lib/gcc/arm-none-eabi/13.3.1/../../../../arm-none-eabi/lib/thumb/v7e-m+fp/hard/libc_nano.a(libc_a-errno.o)
 .ARM.attributes
                0x000008cb       0x34 /opt/st/stm32cubeide_1.18.1/plugins/com.st.stm32cube.ide.mcu.externaltools.gnu-tools-for-stm32.13.3.rel1.linux64_1.0.0.202410170706/tools/bin/../lib/gcc/arm-none-eabi/13.3.1/../../../../arm-none-eabi/lib/thumb/v7e-m+fp/hard/libc_nano.a(libc_a-init.o)
 .ARM.attributes
                0x000008ff       0x34 /opt/st/stm32cubeide_1.18.1/plugins/com.st.stm32cube.ide.mcu.externaltools.gnu-tools-for-stm32.13.3.rel1.linux64_1.0.0.202410170706/tools/bin/../lib/gcc/arm-none-eabi/13.3.1/../../../../arm-none-eabi/lib/thumb/v7e-m+fp/hard/libc_nano.a(libc_a-lock.o)
 .ARM.attributes
                0x00000933       0x17 /opt/st/stm32cubeide_1.18.1/plugins/com.st.stm32cube.ide.mcu.externaltools.gnu-tools-for-stm32.13.3.rel1.linux64_1.0.0.202410170706/tools/bin/../lib/gcc/arm-none-eabi/13.3.1/../../../../arm-none-eabi/lib/thumb/v7e-m+fp/hard/libc_nano.a(libc_a-strlen.o)
 .ARM.attributes
                0x0000094a       0x34 /opt/st/stm32cubeide_1.18.1/plugins/com.st.stm32cube.ide.mcu.externaltools.gnu-tools-for-stm32.13.3.rel1.linux64_1.0.0.202410170706/tools/bin/../lib/gcc/arm-none-eabi/13.3.1/../../../../arm-none-eabi/lib/thumb/v7e-m+fp/hard/libc_nano.a(libc_a-freer.o)
 .ARM.attributes
                0x0000097e       0x34 /opt/st/stm32cubeide_1.18.1/plugins/com.st.stm32cube.ide.mcu.externaltools.gnu-tools-for-stm32.13.3.rel1.linux64_1.0.0.202410170706/tools/bin/../lib/gcc/arm-none-eabi/13.3.1/../../../../arm-none-eabi/lib/thumb/v7e-m+fp/hard/libc_nano.a(libc_a-mallocr.o)
 .ARM.attributes
                0x000009b2       0x34 /opt/st/stm32cubeide_1.18.1/plugins/com.st.stm32cube.ide.mcu.externaltools.gnu-tools-for-stm32.13.3.rel1.linux64_1.0.0.202410170706/tools/bin/../lib/gcc/arm-none-eabi/13.3.1/../../../../arm-none-eabi/lib/thumb/v7e-m+fp/hard/libc_nano.a(libc_a-mlock.o)
 .ARM.attributes
                0x000009e6       0x34 /opt/st/stm32cubeide_1.18.1/plugins/com.st.stm32cube.ide.mcu.externaltools.gnu-tools-for-stm32.13.3.rel1.linux64_1.0.0.202410170706/tools/bin/../lib/gcc/arm-none-eabi/13.3.1/../../../../arm-none-eabi/lib/thumb/v7e-m+fp/hard/libc_nano.a(libc_a-nano-vfprintf.o)
 .ARM.attributes
                0x00000a1a       0x34 /opt/st/stm32cubeide_1.18.1/plugins/com.st.stm32cube.ide.mcu.externaltools.gnu-tools-for-stm32.13.3.rel1.linux64_1.0.0.202410170706/tools/bin/../lib/gcc/arm-none-eabi/13.3.1/../../../../arm-none-eabi/lib/thumb/v7e-m+fp/hard/libc_nano.a(libc_a-nano-vfprintf_i.o)
 .ARM.attributes
                0x00000a4e       0x34 /opt/st/stm32cubeide_1.18.1/plugins/com.st.stm32cube.ide.mcu.externaltools.gnu-tools-for-stm32.13.3.rel1.linux64_1.0.0.202410170706/tools/bin/../lib/gcc/arm-none-eabi/13.3.1/../../../../arm-none-eabi/lib/thumb/v7e-m+fp/hard/libc_nano.a(libc_a-fflush.o)
 .ARM.attributes
                0x00000a82       0x34 /opt/st/stm32cubeide_1.18.1/plugins/com.st.stm32cube.ide.mcu.externaltools.gnu-tools-for-stm32.13.3.rel1.linux64_1.0.0.202410170706/tools/bin/../lib/gcc/arm-none-eabi/13.3.1/../../../../arm-none-eabi/lib/thumb/v7e-m+fp/hard/libc_nano.a(libc_a-makebuf.o)
 .ARM.attributes
                0x00000ab6       0x34 /opt/st/stm32cubeide_1.18.1/plugins/com.st.stm32cube.ide.mcu.externaltools.gnu-tools-for-stm32.13.3.rel1.linux64_1.0.0.202410170706/tools/bin/../lib/gcc/arm-none-eabi/13.3.1/../../../../arm-none-eabi/lib/thumb/v7e-m+fp/hard/libc_nano.a(libc_a-fstatr.o)
 .ARM.attributes
                0x00000aea       0x34 /opt/st/stm32cubeide_1.18.1/plugins/com.st.stm32cube.ide.mcu.externaltools.gnu-tools-for-stm32.13.3.rel1.linux64_1.0.0.202410170706/tools/bin/../lib/gcc/arm-none-eabi/13.3.1/../../../../arm-none-eabi/lib/thumb/v7e-m+fp/hard/libc_nano.a(libc_a-isattyr.o)
 .ARM.attributes
                0x00000b1e       0x34 /opt/st/stm32cubeide_1.18.1/plugins/com.st.stm32cube.ide.mcu.externaltools.gnu-tools-for-stm32.13.3.rel1.linux64_1.0.0.202410170706/tools/bin/../lib/gcc/arm-none-eabi/13.3.1/../../../../arm-none-eabi/lib/thumb/v7e-m+fp/hard/libc_nano.a(libc_a-sbrkr.o)
 .ARM.attributes
                0x00000b52       0x1c /opt/st/stm32cubeide_1.18.1/plugins/com.st.stm32cube.ide.mcu.externaltools.gnu-tools-for-stm32.13.3.rel1.linux64_1.0.0.202410170706/tools/bin/../lib/gcc/arm-none-eabi/13.3.1/../../../../arm-none-eabi/lib/thumb/v7e-m+fp/hard/libc_nano.a(libc_a-memchr.o)
 .ARM.attributes
                0x00000b6e       0x22 /opt/st/stm32cubeide_1.18.1/plugins/com.st.stm32cube.ide.mcu.externaltools.gnu-tools-for-stm32.13.3.rel1.linux64_1.0.0.202410170706/tools/bin/../lib/gcc/arm-none-eabi/13.3.1/thumb/v7e-m+fp/hard/libgcc.a(_aeabi_uldivmod.o)
 .ARM.attributes
                0x00000b90       0x34 /opt/st/stm32cubeide_1.18.1/plugins/com.st.stm32cube.ide.mcu.externaltools.gnu-tools-for-stm32.13.3.rel1.linux64_1.0.0.202410170706/tools/bin/../lib/gcc/arm-none-eabi/13.3.1/thumb/v7e-m+fp/hard/libgcc.a(_udivmoddi4.o)
 .ARM.attributes
                0x00000bc4       0x22 /opt/st/stm32cubeide_1.18.1/plugins/com.st.stm32cube.ide.mcu.externaltools.gnu-tools-for-stm32.13.3.rel1.linux64_1.0.0.202410170706/tools/bin/../lib/gcc/arm-none-eabi/13.3.1/thumb/v7e-m+fp/hard/libgcc.a(_dvmd_tls.o)
 .ARM.attributes
                0x00000be6       0x22 /opt/st/stm32cubeide_1.18.1/plugins/com.st.stm32cube.ide.mcu.externaltools.gnu-tools-for-stm32.13.3.rel1.linux64_1.0.0.202410170706/tools/bin/../lib/gcc/arm-none-eabi/13.3.1/thumb/v7e-m+fp/hard/crtn.o
OUTPUT(stm32_bootloader.elf elf32-littlearm)
LOAD linker stubs
LOAD /opt/st/stm32cubeide_1.18.1/plugins/com.st.stm32cube.ide.mcu.externaltools.gnu-tools-for-stm32.13.3.rel1.linux64_1.0.0.202410170706/tools/bin/../lib/gcc/arm-none-eabi/13.3.1/../../../../arm-none-eabi/lib/thumb/v7e-m+fp/hard/libc.a
LOAD /opt/st/stm32cubeide_1.18.1/plugins/com.st.stm32cube.ide.mcu.externaltools.gnu-tools-for-stm32.13.3.rel1.linux64_1.0.0.202410170706/tools/bin/../lib/gcc/arm-none-eabi/13.3.1/../../../../arm-none-eabi/lib/thumb/v7e-m+fp/hard/libm.a
LOAD /opt/st/stm32cubeide_1.18.1/plugins/com.st.stm32cube.ide.mcu.externaltools.gnu-tools-for-stm32.13.3.rel1.linux64_1.0.0.202410170706/tools/bin/../lib/gcc/arm-none-eabi/13.3.1/thumb/v7e-m+fp/hard/libgcc.a

.comment        0x00000000       0x43
 .comment       0x00000000       0x43 ./Core/Src/gpio.o
                                 0x44 (size before relaxing)
 .comment       0x00000043       0x44 ./Core/Src/main.o
 .comment       0x00000043       0x44 ./Core/Src/stm32f4xx_hal_msp.o
 .comment       0x00000043       0x44 ./Core/Src/stm32f4xx_it.o
 .comment       0x00000043       0x44 ./Core/Src/syscalls.o
 .comment       0x00000043       0x44 ./Core/Src/sysmem.o
 .comment       0x00000043       0x44 ./Core/Src/system_stm32f4xx.o
 .comment       0x00000043       0x44 ./Core/Src/usart.o
 .comment       0x00000043       0x44 ./Drivers/STM32F4xx_HAL_Driver/stm32f4xx_hal.o
 .comment       0x00000043       0x44 ./Drivers/STM32F4xx_HAL_Driver/stm32f4xx_hal_cortex.o
 .comment       0x00000043       0x44 ./Drivers/STM32F4xx_HAL_Driver/stm32f4xx_hal_flash.o
 .comment       0x00000043       0x44 ./Drivers/STM32F4xx_HAL_Driver/stm32f4xx_hal_flash_ex.o
 .comment       0x00000043       0x44 ./Drivers/STM32F4xx_HAL_Driver/stm32f4xx_hal_gpio.o
 .comment       0x00000043       0x44 ./Drivers/STM32F4xx_HAL_Driver/stm32f4xx_hal_pcd.o
 .comment       0x00000043       0x44 ./Drivers/STM32F4xx_HAL_Driver/stm32f4xx_hal_pcd_ex.o
 .comment       0x00000043       0x44 ./Drivers/STM32F4xx_HAL_Driver/stm32f4xx_hal_rcc.o
 .comment       0x00000043       0x44 ./Drivers/STM32F4xx_HAL_Driver/stm32f4xx_hal_uart.o
 .comment       0x00000043       0x44 ./Drivers/STM32F4xx_HAL_Driver/stm32f4xx_ll_usb.o
 .comment       0x00000043       0x44 ./Middlewares/USB_Device_Library/usbd_core.o
 .comment       0x00000043       0x44 ./Middlewares/USB_Device_Library/usbd_ctlreq.o
 .comment       0x00000043       0x44 ./Middlewares/USB_Device_Library/usbd_dfu.o
 .comment       0x00000043       0x44 ./Middlewares/USB_Device_Library/usbd_ioreq.o
 .comment       0x00000043       0x44 ./USB_DEVICE/App/usb_device.o
 .comment       0x00000043       0x44 ./USB_DEVICE/App/usbd_desc.o
 .comment       0x00000043       0x44 ./USB_DEVICE/App/usbd_dfu_if.o
 .comment       0x00000043       0x44 ./USB_DEVICE/Target/usbd_conf.o

.debug_frame    0x00000000      0x870
 .debug_frame   0x00000000      0x144 /opt/st/stm32cubeide_1.18.1/plugins/com.st.stm32cube.ide.mcu.externaltools.gnu-tools-for-stm32.13.3.rel1.linux64_1.0.0.202410170706/tools/bin/../lib/gcc/arm-none-eabi/13.3.1/../../../../arm-none-eabi/lib/thumb/v7e-m+fp/hard/libc_nano.a(libc_a-findfp.o)
 .debug_frame   0x00000144       0x34 /opt/st/stm32cubeide_1.18.1/plugins/com.st.stm32cube.ide.mcu.externaltools.gnu-tools-for-stm32.13.3.rel1.linux64_1.0.0.202410170706/tools/bin/../lib/gcc/arm-none-eabi/13.3.1/../../../../arm-none-eabi/lib/thumb/v7e-m+fp/hard/libc_nano.a(libc_a-fwalk.o)
 .debug_frame   0x00000178       0x6c /opt/st/stm32cubeide_1.18.1/plugins/com.st.stm32cube.ide.mcu.externaltools.gnu-tools-for-stm32.13.3.rel1.linux64_1.0.0.202410170706/tools/bin/../lib/gcc/arm-none-eabi/13.3.1/../../../../arm-none-eabi/lib/thumb/v7e-m+fp/hard/libc_nano.a(libc_a-printf.o)
 .debug_frame   0x000001e4       0x3c /opt/st/stm32cubeide_1.18.1/plugins/com.st.stm32cube.ide.mcu.externaltools.gnu-tools-for-stm32.13.3.rel1.linux64_1.0.0.202410170706/tools/bin/../lib/gcc/arm-none-eabi/13.3.1/../../../../arm-none-eabi/lib/thumb/v7e-m+fp/hard/libc_nano.a(libc_a-puts.o)
 .debug_frame   0x00000220       0x88 /opt/st/stm32cubeide_1.18.1/plugins/com.st.stm32cube.ide.mcu.externaltools.gnu-tools-for-stm32.13.3.rel1.linux64_1.0.0.202410170706/tools/bin/../lib/gcc/arm-none-eabi/13.3.1/../../../../arm-none-eabi/lib/thumb/v7e-m+fp/hard/libc_nano.a(libc_a-stdio.o)
 .debug_frame   0x000002a8       0x40 /opt/st/stm32cubeide_1.18.1/plugins/com.st.stm32cube.ide.mcu.externaltools.gnu-tools-for-stm32.13.3.rel1.linux64_1.0.0.202410170706/tools/bin/../lib/gcc/arm-none-eabi/13.3.1/../../../../arm-none-eabi/lib/thumb/v7e-m+fp/hard/libc_nano.a(libc_a-wbuf.o)
 .debug_frame   0x000002e8       0x2c /opt/st/stm32cubeide_1.18.1/plugins/com.st.stm32cube.ide.mcu.externaltools.gnu-tools-for-stm32.13.3.rel1.linux64_1.0.0.202410170706/tools/bin/../lib/gcc/arm-none-eabi/13.3.1/../../../../arm-none-eabi/lib/thumb/v7e-m+fp/hard/libc_nano.a(libc_a-wsetup.o)
 .debug_frame   0x00000314       0x20 /opt/st/stm32cubeide_1.18.1/plugins/com.st.stm32cube.ide.mcu.externaltools.gnu-tools-for-stm32.13.3.rel1.linux64_1.0.0.202410170706/tools/bin/../lib/gcc/arm-none-eabi/13.3.1/../../../../arm-none-eabi/lib/thumb/v7e-m+fp/hard/libc_nano.a(libc_a-memset.o)
 .debug_frame   0x00000334       0x2c /opt/st/stm32cubeide_1.18.1/plugins/com.st.stm32cube.ide.mcu.externaltools.gnu-tools-for-stm32.13.3.rel1.linux64_1.0.0.202410170706/tools/bin/../lib/gcc/arm-none-eabi/13.3.1/../../../../arm-none-eabi/lib/thumb/v7e-m+fp/hard/libc_nano.a(libc_a-closer.o)
 .debug_frame   0x00000360       0x38 /opt/st/stm32cubeide_1.18.1/plugins/com.st.stm32cube.ide.mcu.externaltools.gnu-tools-for-stm32.13.3.rel1.linux64_1.0.0.202410170706/tools/bin/../lib/gcc/arm-none-eabi/13.3.1/../../../../arm-none-eabi/lib/thumb/v7e-m+fp/hard/libc_nano.a(libc_a-reent.o)
 .debug_frame   0x00000398       0x2c /opt/st/stm32cubeide_1.18.1/plugins/com.st.stm32cube.ide.mcu.externaltools.gnu-tools-for-stm32.13.3.rel1.linux64_1.0.0.202410170706/tools/bin/../lib/gcc/arm-none-eabi/13.3.1/../../../../arm-none-eabi/lib/thumb/v7e-m+fp/hard/libc_nano.a(libc_a-lseekr.o)
 .debug_frame   0x000003c4       0x2c /opt/st/stm32cubeide_1.18.1/plugins/com.st.stm32cube.ide.mcu.externaltools.gnu-tools-for-stm32.13.3.rel1.linux64_1.0.0.202410170706/tools/bin/../lib/gcc/arm-none-eabi/13.3.1/../../../../arm-none-eabi/lib/thumb/v7e-m+fp/hard/libc_nano.a(libc_a-readr.o)
 .debug_frame   0x000003f0       0x2c /opt/st/stm32cubeide_1.18.1/plugins/com.st.stm32cube.ide.mcu.externaltools.gnu-tools-for-stm32.13.3.rel1.linux64_1.0.0.202410170706/tools/bin/../lib/gcc/arm-none-eabi/13.3.1/../../../../arm-none-eabi/lib/thumb/v7e-m+fp/hard/libc_nano.a(libc_a-writer.o)